******************************************************************************
               TMS320C6x Linker PC v7.4.4                      
******************************************************************************
>> Linked Sat May 04 11:40:33 2019

OUTPUT FILE NAME:   <Proyecto_DSK.out>
ENTRY POINT SYMBOL: "_c_int00"  address: 0000bf80


MEMORY CONFIGURATION

         name            origin    length      used     unused   attr    fill
----------------------  --------  ---------  --------  --------  ----  --------
  IVECS                 00000000   00000220  00000200  00000020  RWIX
  IRAM                  00000220   0002fde0  0000d114  00022ccc  RWIX
  SDRAM                 80000000   01000000  00e00018  001fffe8  RWIX
  FLASH                 90000000   00020000  00000000  00020000  RWIX


SECTION ALLOCATION MAP

 output                                  attributes/
section   page    origin      length       input sections
--------  ----  ----------  ----------   ----------------
.vecs      0    00000000    00000200     
                  00000000    00000200     Vectors_intr.obj (.vecs)

$BRID      0    00000000    00000154     COPY SECTION
                  00000000    00000078     csl6713.lib : csl_irq.obj ($BRID)
                  00000078    0000007c                 : csl_mcbsp.obj ($BRID)
                  000000f4    00000060                 : csl_timer.obj ($BRID)

.text      0    00000220    0000bf80     
                  00000220    00004f40     ff.obj (.text)
                  00005160    00001020     Resp_impulso.obj (.text)
                  00006180    00000ec0     sdmm.obj (.text)
                  00007040    00000720     rts6700.lib : divd.obj (.text:__divd)
                  00007760    00000640     main.obj (.text)
                  00007da0    000005a0     Inicializaciones.obj (.text)
                  00008340    00000520     SD.obj (.text)
                  00008860    00000420     dsk6713.obj (.text)
                  00008c80    00000360     rts6700.lib : cos.obj (.text:_cos)
                  00008fe0    00000340                 : divf.obj (.text:__divf)
                  00009320    00000340                 : sin.obj (.text:_sin)
                  00009660    00000300     dsk6713_aic23_opencodec.obj (.text)
                  00009960    00000260     rts6700.lib : imath40.obj (.text:__divul)
                  00009bc0    00000260                 : exp.obj (.text:_exp)
                  00009e20    00000260                 : log.obj (.text:_log)
                  0000a080    00000240                 : memcpy62.obj (.text:_memcpy)
                  0000a2c0    00000220     main.obj (.text:retain)
                  0000a4e0    000001a0     csl6713.lib : csl_irq.obj (.text:_IRQ_map)
                  0000a680    00000180                 : csl_mcbsp.obj (.text:_MCBSP_reset)
                  0000a800    00000180     rts6700.lib : ldexp.obj (.text:_ldexp)
                  0000a980    00000180     dsk6713_aic23_registers.obj (.text)
                  0000ab00    00000180     dsk6713_led.obj (.text)
                  0000ac80    00000160     csl6713.lib : csl_timer.obj (.text:_TIMER_open)
                  0000ade0    00000140     rts6700.lib : frcmpyd_div.obj (.text:__frcmpyd_div)
                  0000af20    00000140                 : strasg.obj (.text:__strasgi)
                  0000b060    00000140                 : frexp.obj (.text:_frexp)
                  0000b1a0    00000140                 : sqrt.obj (.text:_sqrt)
                  0000b2e0    00000120     Codec.obj (.text)
                  0000b400    00000120     csl6713.lib : csl_timer.obj (.text:_TIMER_reset)
                  0000b520    00000120     rts6700.lib : memset.obj (.text:_memset)
                  0000b640    00000100     csl6713.lib : csl_mcbsp.obj (.text:_MCBSP_start)
                  0000b740    00000100     rts6700.lib : autoinit.obj (.text:__auto_init)
                  0000b840    000000e0     csl6713.lib : csl_mcbsp.obj (.text:_MCBSP_open)
                  0000b920    000000e0     rts6700.lib : exit.obj (.text:_exit)
                  0000ba00    000000e0                 : modf.obj (.text:_modf)
                  0000bae0    000000c0                 : divu.obj (.text:__divu)
                  0000bba0    000000c0                 : round.obj (.text:__nround)
                  0000bc60    000000c0                 : cpy_tbl.obj (.text:_copy_in)
                  0000bd20    000000a0                 : mpyll.obj (.text:__mpyll)
                  0000bdc0    000000a0     csl6713.lib : csl_irq.obj (.text:_setMux)
                  0000be60    000000a0     dsk6713_aic23_setfreq.obj (.text)
                  0000bf00    00000080     rts6700.lib : cpp_init.obj (.text:___TI_cpp_init)
                  0000bf80    00000080                 : boot.obj (.text:_c_int00)
                  0000c000    00000060                 : llshift.obj (.text:__llshru)
                  0000c060    00000060     dsk6713_dip.obj (.text)
                  0000c0c0    00000040     rts6700.lib : args_main.obj (.text:__args_main)
                  0000c100    00000040                 : trunc.obj (.text:__trunc)
                  0000c140    00000020     Vectors_intr.obj (.text)
                  0000c160    00000020     rts6700.lib : exit.obj (.text:_abort)
                  0000c180    00000020     csl6713.lib : csl_irq.obj (.text)

.bss       0    00000220    00000000     UNINITIALIZED

.stack     0    0000c1a0    00000800     UNINITIALIZED
                  0000c1a0    00000008     rts6700.lib : boot.obj (.stack)
                  0000c1a8    000007f8     --HOLE--

.cinit     0    0000c9a0    000004e4     
                  0000c9a0    0000012c     csl6713.lib : csl_irq.obj (.cinit)
                  0000cacc    00000004     --HOLE-- [fill = 0]
                  0000cad0    000000bc     Inicializaciones.obj (.cinit)
                  0000cb8c    00000004     --HOLE-- [fill = 0]
                  0000cb90    0000008c     main.obj (.cinit)
                  0000cc1c    00000004     --HOLE-- [fill = 0]
                  0000cc20    00000054     csl6713.lib : csl_mcbsp.obj (.cinit)
                  0000cc74    00000004     --HOLE-- [fill = 0]
                  0000cc78    0000004c                 : csl_timer.obj (.cinit)
                  0000ccc4    00000004     --HOLE-- [fill = 0]
                  0000ccc8    00000048     rts6700.lib : cos.obj (.cinit)
                  0000cd10    00000048                 : sin.obj (.cinit)
                  0000cd58    00000040                 : exp.obj (.cinit)
                  0000cd98    00000040                 : log.obj (.cinit)
                  0000cdd8    00000030     dsk6713_aic23_registers.obj (.cinit)
                  0000ce08    0000002c     rts6700.lib : exit.obj (.cinit)
                  0000ce34    00000004     --HOLE-- [fill = 0]
                  0000ce38    00000028     dsk6713_aic23_setfreq.obj (.cinit)
                  0000ce60    0000000c     rts6700.lib : errno.obj (.cinit)
                  0000ce6c    00000004     --HOLE-- [fill = 0]
                  0000ce70    00000009     sdmm.obj (.cinit)
                  0000ce79    00000007     --HOLE-- [fill = 0]
                  0000ce80    00000004     (.pad.cinit) [fill = 0]

.far       0    0000ce88    000003a8     UNINITIALIZED
                  0000ce88    000000f4     csl6713.lib : csl_irq.obj (.far)
                  0000cf7c    000000b0     Inicializaciones.obj (.far)
                  0000d02c    00000004     Codec.obj (.far)
                  0000d030    00000040     rts6700.lib : cos.obj (.far)
                  0000d070    00000040                 : sin.obj (.far)
                  0000d0b0    00000038     csl6713.lib : csl_mcbsp.obj (.far)
                  0000d0e8    00000034     SD.obj (.far)
                  0000d11c    00000004     rts6700.lib : errno.obj (.far)
                  0000d120    00000030                 : exp.obj (.far)
                  0000d150    00000030                 : log.obj (.far)
                  0000d180    00000028     dsk6713_aic23_registers.obj (.far)
                  0000d1a8    00000024     csl6713.lib : csl_timer.obj (.far)
                  0000d1cc    00000024     main.obj (.far)
                  0000d1f0    00000020     dsk6713_aic23_setfreq.obj (.far)
                  0000d210    0000000c     rts6700.lib : exit.obj (.far)
                  0000d21c    00000008     dsk6713_aic23_opencodec.obj (.far)
                  0000d224    00000006     ff.obj (.far)
                  0000d22a    00000002     dsk6713.obj (.far)
                  0000d22c    00000002     dsk6713_led.obj (.far)
                  0000d22e    00000002     sdmm.obj (.far)

.const     0    0000d230    00000108     
                  0000d230    00000080     ff.obj (.const:.string:_ExCvt)
                  0000d2b0    00000040     dsk6713_aic23_opencodec.obj (.const)
                  0000d2f0    00000020     dsk6713.obj (.const)
                  0000d310    0000001c     ff.obj (.const:.string)
                  0000d32c    0000000c     SD.obj (.const:.string)

.EXT_RAM   0    80000000    00e00018     UNINITIALIZED
                  80000000    00e00018     main.obj (.EXT_RAM)


GLOBAL SYMBOLS: SORTED ALPHABETICALLY BY Name 

address    name
--------   ----
00000220   $bss
00000220   .bss
00000220   .text
0000c160   C$$EXIT
00005160   _Bit_reversal
0000d020   _CodecEventId
0000cf7c   _Codec_Config
0000d02c   _Codec_data
0000b3d4   _Codec_in
000081c8   _Codec_init
0000b2e0   _Codec_out
00005cb8   _Corregir_RespFrec
0000d21c   _DSK6713_AIC23_codeccontrolhandle
0000d220   _DSK6713_AIC23_codecdatahandle
0000aa5c   _DSK6713_AIC23_config
00009660   _DSK6713_AIC23_openCodec
0000aa38   _DSK6713_AIC23_rget
0000a980   _DSK6713_AIC23_rset
0000be60   _DSK6713_AIC23_setFreq
0000c068   _DSK6713_DIP_get
0000c060   _DSK6713_DIP_init
0000ac40   _DSK6713_LED_init
0000ab5c   _DSK6713_LED_off
0000ab00   _DSK6713_LED_on
0000abbc   _DSK6713_LED_toggle
00008984   _DSK6713_getVersion
000089e0   _DSK6713_init
00008914   _DSK6713_rget
00008900   _DSK6713_rset
0000d22a   _DSK6713_version
00008860   _DSK6713_wait
000088cc   _DSK6713_waitusec
0000d018   _GPIO_Handler
000059ac   _Generate_sweep
0000a4e0   _IRQ_map
00008098   _Interrup_init
00008708   _Load_sweep
0000cfc4   _MCBSP0_to_SPI_Config
0000cfa4   _MCBSP1_to_Codec_Config
0000cfe4   _MCBSP1_to_GPIO_Config
0000b840   _MCBSP_open
0000a680   _MCBSP_reset
0000b640   _MCBSP_start
00005284   _Normalize
00005760   _Obtener_RI
0000b320   _Play_codec
00007ea4   _SD_init
0000d028   _SPIEventId
0000d014   _SPI_Handler
0000d114   _Sample
00008518   _Save_RI
00008340   _Save_sweep
0000ac80   _TIMER_open
0000b400   _TIMER_reset
0000d024   _TimerEventId
0000d004   _Timer_Config
0000d01c   _Timer_Handler
00007da0   _Timer_init
00005644   _Twiddle_init
000055b8   _Vectores_reset
0000d0e8   _WavHeader
0000cf74   __IRQ_dispatchTable
0000ceb0   __IRQ_eventTable
0000c180   __IRQ_hookFetchPacket
0000cf34   __IRQ_intTable
0000d0e0   __MCBSP_hDev0
0000d0e4   __MCBSP_hDev1
0000c9a0   __STACK_END
00000800   __STACK_SIZE
0000d1a8   __TIMER_deviceTable
0000d1c8   __TIMER_hBios
0000d1c0   __TIMER_hDev0
0000d1c4   __TIMER_hDev1
00000001   __TI_args_main
0000bf00   ___TI_cpp_init
0000d218   ___TI_enable_exit_profile_output
ffffffff   ___TI_pprof_out_hndl
ffffffff   ___TI_prof_data_size
ffffffff   ___TI_prof_data_start
ffffffff   ___binit__
00000220   ___bss__
ffffffff   ___c_args__
0000c9a0   ___cinit__
00000220   ___end__
0000c1a0   ___etext__
ffffffff   ___pinit__
00000220   ___text__
0000c0c0   __args_main
0000b740   __auto_init
0000bae0   __c6xabi_divu
0000af20   __c6xabi_strasgi
0000d210   __cleanup_ptr
00007040   __divd
00008fe0   __divf
0000bae0   __divu
00009960   __divul
0000d214   __dtors_ptr
0000ade0   __frcmpyd_div
0000c000   __llshru
0000bd20   __mpyll
0000bba0   __nround
0000c1a0   __stack
0000af20   __strasgi
0000c100   __trunc
0000c160   _abort
0000bf80   _c_int00
0000a464   _c_int10
0000a2c0   _c_int11
0000bc60   _copy_in
00008c80   _cos
0000d1d8   _cuentas
00006d00   _disk_initialize
00006b28   _disk_ioctl
00006a18   _disk_read
00006180   _disk_status
000067c8   _disk_write
0000d11c   _errno
0000b920   _exit
00009bc0   _exp
000050f4   _f_close
000050b4   _f_closedir
00004d7c   _f_getfree
00004828   _f_lseek
00004530   _f_mkdir
00004484   _f_mount
00003f6c   _f_open
00003e48   _f_opendir
00003a20   _f_read
00003944   _f_readdir
00003648   _f_rename
000033f4   _f_stat
0000316c   _f_sync
00002ee4   _f_truncate
00002d0c   _f_unlink
00000efc   _f_write
00005470   _fft
0000b060   _frexp
0000d1e8   _grabo_ruido
0000d010   _hAIC23_handle
00005314   _ifft
0000d1ec   _j
0000a800   _ldexp
80400008   _left_ch
0000d1d0   _left_ch_ptr
00009e20   _log
00007760   _main
0000a080   _memcpy
0000b520   _memset
0000ba00   _modf
0000d1e0   _modo_anterior
0000d1dc   _puls_levantados
0000d1e4   _reproduciendo
80800010   _right_ch
0000d1d4   _right_ch_ptr
00009320   _sin
0000b1a0   _sqrt
80000000   _sweep
0000d1cc   _sweep_ptr
80c00018   _twiddles
00000020   _vector1
00000180   _vector12
000001a0   _vector13
000001c0   _vector14
000001e0   _vector15
00000040   _vector2
00000060   _vector3
00000080   _vector4
000000a0   _vector5
000000c0   _vector6
000000e0   _vector7
00000100   _vector8
00000120   _vector9
00000000   _vectors
ffffffff   binit
0000c9a0   cinit
00000220   end
0000c1a0   etext
ffffffff   pinit


GLOBAL SYMBOLS: SORTED BY Symbol Address 

address    name
--------   ----
00000000   _vectors
00000001   __TI_args_main
00000020   _vector1
00000040   _vector2
00000060   _vector3
00000080   _vector4
000000a0   _vector5
000000c0   _vector6
000000e0   _vector7
00000100   _vector8
00000120   _vector9
00000180   _vector12
000001a0   _vector13
000001c0   _vector14
000001e0   _vector15
00000220   $bss
00000220   .bss
00000220   .text
00000220   ___bss__
00000220   ___end__
00000220   ___text__
00000220   end
00000800   __STACK_SIZE
00000efc   _f_write
00002d0c   _f_unlink
00002ee4   _f_truncate
0000316c   _f_sync
000033f4   _f_stat
00003648   _f_rename
00003944   _f_readdir
00003a20   _f_read
00003e48   _f_opendir
00003f6c   _f_open
00004484   _f_mount
00004530   _f_mkdir
00004828   _f_lseek
00004d7c   _f_getfree
000050b4   _f_closedir
000050f4   _f_close
00005160   _Bit_reversal
00005284   _Normalize
00005314   _ifft
00005470   _fft
000055b8   _Vectores_reset
00005644   _Twiddle_init
00005760   _Obtener_RI
000059ac   _Generate_sweep
00005cb8   _Corregir_RespFrec
00006180   _disk_status
000067c8   _disk_write
00006a18   _disk_read
00006b28   _disk_ioctl
00006d00   _disk_initialize
00007040   __divd
00007760   _main
00007da0   _Timer_init
00007ea4   _SD_init
00008098   _Interrup_init
000081c8   _Codec_init
00008340   _Save_sweep
00008518   _Save_RI
00008708   _Load_sweep
00008860   _DSK6713_wait
000088cc   _DSK6713_waitusec
00008900   _DSK6713_rset
00008914   _DSK6713_rget
00008984   _DSK6713_getVersion
000089e0   _DSK6713_init
00008c80   _cos
00008fe0   __divf
00009320   _sin
00009660   _DSK6713_AIC23_openCodec
00009960   __divul
00009bc0   _exp
00009e20   _log
0000a080   _memcpy
0000a2c0   _c_int11
0000a464   _c_int10
0000a4e0   _IRQ_map
0000a680   _MCBSP_reset
0000a800   _ldexp
0000a980   _DSK6713_AIC23_rset
0000aa38   _DSK6713_AIC23_rget
0000aa5c   _DSK6713_AIC23_config
0000ab00   _DSK6713_LED_on
0000ab5c   _DSK6713_LED_off
0000abbc   _DSK6713_LED_toggle
0000ac40   _DSK6713_LED_init
0000ac80   _TIMER_open
0000ade0   __frcmpyd_div
0000af20   __c6xabi_strasgi
0000af20   __strasgi
0000b060   _frexp
0000b1a0   _sqrt
0000b2e0   _Codec_out
0000b320   _Play_codec
0000b3d4   _Codec_in
0000b400   _TIMER_reset
0000b520   _memset
0000b640   _MCBSP_start
0000b740   __auto_init
0000b840   _MCBSP_open
0000b920   _exit
0000ba00   _modf
0000bae0   __c6xabi_divu
0000bae0   __divu
0000bba0   __nround
0000bc60   _copy_in
0000bd20   __mpyll
0000be60   _DSK6713_AIC23_setFreq
0000bf00   ___TI_cpp_init
0000bf80   _c_int00
0000c000   __llshru
0000c060   _DSK6713_DIP_init
0000c068   _DSK6713_DIP_get
0000c0c0   __args_main
0000c100   __trunc
0000c160   C$$EXIT
0000c160   _abort
0000c180   __IRQ_hookFetchPacket
0000c1a0   ___etext__
0000c1a0   __stack
0000c1a0   etext
0000c9a0   __STACK_END
0000c9a0   ___cinit__
0000c9a0   cinit
0000ceb0   __IRQ_eventTable
0000cf34   __IRQ_intTable
0000cf74   __IRQ_dispatchTable
0000cf7c   _Codec_Config
0000cfa4   _MCBSP1_to_Codec_Config
0000cfc4   _MCBSP0_to_SPI_Config
0000cfe4   _MCBSP1_to_GPIO_Config
0000d004   _Timer_Config
0000d010   _hAIC23_handle
0000d014   _SPI_Handler
0000d018   _GPIO_Handler
0000d01c   _Timer_Handler
0000d020   _CodecEventId
0000d024   _TimerEventId
0000d028   _SPIEventId
0000d02c   _Codec_data
0000d0e0   __MCBSP_hDev0
0000d0e4   __MCBSP_hDev1
0000d0e8   _WavHeader
0000d114   _Sample
0000d11c   _errno
0000d1a8   __TIMER_deviceTable
0000d1c0   __TIMER_hDev0
0000d1c4   __TIMER_hDev1
0000d1c8   __TIMER_hBios
0000d1cc   _sweep_ptr
0000d1d0   _left_ch_ptr
0000d1d4   _right_ch_ptr
0000d1d8   _cuentas
0000d1dc   _puls_levantados
0000d1e0   _modo_anterior
0000d1e4   _reproduciendo
0000d1e8   _grabo_ruido
0000d1ec   _j
0000d210   __cleanup_ptr
0000d214   __dtors_ptr
0000d218   ___TI_enable_exit_profile_output
0000d21c   _DSK6713_AIC23_codeccontrolhandle
0000d220   _DSK6713_AIC23_codecdatahandle
0000d22a   _DSK6713_version
80000000   _sweep
80400008   _left_ch
80800010   _right_ch
80c00018   _twiddles
ffffffff   ___TI_pprof_out_hndl
ffffffff   ___TI_prof_data_size
ffffffff   ___TI_prof_data_start
ffffffff   ___binit__
ffffffff   ___c_args__
ffffffff   ___pinit__
ffffffff   binit
ffffffff   pinit

[178 symbols]
