<?xml version="1.0"?>
<link_info>
   <banner>TMS320C6x Linker PC v7.4.4</banner>
   <copyright>Copyright (c) 1996-2013 Texas Instruments Incorporated</copyright>
   <link_time>0x5bd8738e</link_time>
   <output_file>Proyecto_DSK.out</output_file>
   <entry_point>
      <name>_c_int00</name>
      <address>0xb1e0</address>
   </entry_point>
   <input_file_list>
      <input_file id="fl-2">
         <path>.\Sources\</path>
         <kind>object</kind>
         <file>sdmm.obj</file>
         <name>sdmm.obj</name>
      </input_file>
      <input_file id="fl-3">
         <path>.\Sources\</path>
         <kind>object</kind>
         <file>main.obj</file>
         <name>main.obj</name>
      </input_file>
      <input_file id="fl-4">
         <path>.\Sources\</path>
         <kind>object</kind>
         <file>ff.obj</file>
         <name>ff.obj</name>
      </input_file>
      <input_file id="fl-5">
         <path>.\Sources\</path>
         <kind>object</kind>
         <file>dsk6713_led.obj</file>
         <name>dsk6713_led.obj</name>
      </input_file>
      <input_file id="fl-6">
         <path>.\Sources\</path>
         <kind>object</kind>
         <file>dsk6713_dip.obj</file>
         <name>dsk6713_dip.obj</name>
      </input_file>
      <input_file id="fl-7">
         <path>.\Sources\</path>
         <kind>object</kind>
         <file>dsk6713_aic23_setfreq.obj</file>
         <name>dsk6713_aic23_setfreq.obj</name>
      </input_file>
      <input_file id="fl-8">
         <path>.\Sources\</path>
         <kind>object</kind>
         <file>dsk6713_aic23_registers.obj</file>
         <name>dsk6713_aic23_registers.obj</name>
      </input_file>
      <input_file id="fl-9">
         <path>.\Sources\</path>
         <kind>object</kind>
         <file>dsk6713_aic23_opencodec.obj</file>
         <name>dsk6713_aic23_opencodec.obj</name>
      </input_file>
      <input_file id="fl-a">
         <path>.\Sources\</path>
         <kind>object</kind>
         <file>dsk6713.obj</file>
         <name>dsk6713.obj</name>
      </input_file>
      <input_file id="fl-b">
         <path>.\Sources\</path>
         <kind>object</kind>
         <file>Inicializaciones.obj</file>
         <name>Inicializaciones.obj</name>
      </input_file>
      <input_file id="fl-c">
         <path>.\Sources\</path>
         <kind>object</kind>
         <file>Funciones.obj</file>
         <name>Funciones.obj</name>
      </input_file>
      <input_file id="fl-d">
         <path>.\</path>
         <kind>object</kind>
         <file>Vectors_intr.obj</file>
         <name>Vectors_intr.obj</name>
      </input_file>
      <input_file id="fl-13">
         <path>C:\DSK6713\c6000\bios\lib\</path>
         <kind>archive</kind>
         <file>csl6713.lib</file>
         <name>csl_irq.obj</name>
      </input_file>
      <input_file id="fl-14">
         <path>C:\DSK6713\c6000\bios\lib\</path>
         <kind>archive</kind>
         <file>csl6713.lib</file>
         <name>csl_mcbsp.obj</name>
      </input_file>
      <input_file id="fl-15">
         <path>C:\DSK6713\c6000\bios\lib\</path>
         <kind>archive</kind>
         <file>csl6713.lib</file>
         <name>csl_timer.obj</name>
      </input_file>
      <input_file id="fl-8d">
         <path>C:\ti\ccsv5\tools\compiler\c6000_7.4.4\lib\</path>
         <kind>archive</kind>
         <file>rts6700.lib</file>
         <name>boot.obj</name>
      </input_file>
      <input_file id="fl-8e">
         <path>C:\ti\ccsv5\tools\compiler\c6000_7.4.4\lib\</path>
         <kind>archive</kind>
         <file>rts6700.lib</file>
         <name>divd.obj</name>
      </input_file>
      <input_file id="fl-8f">
         <path>C:\ti\ccsv5\tools\compiler\c6000_7.4.4\lib\</path>
         <kind>archive</kind>
         <file>rts6700.lib</file>
         <name>exit.obj</name>
      </input_file>
      <input_file id="fl-90">
         <path>C:\ti\ccsv5\tools\compiler\c6000_7.4.4\lib\</path>
         <kind>archive</kind>
         <file>rts6700.lib</file>
         <name>exp.obj</name>
      </input_file>
      <input_file id="fl-91">
         <path>C:\ti\ccsv5\tools\compiler\c6000_7.4.4\lib\</path>
         <kind>archive</kind>
         <file>rts6700.lib</file>
         <name>frcmpyd_div.obj</name>
      </input_file>
      <input_file id="fl-92">
         <path>C:\ti\ccsv5\tools\compiler\c6000_7.4.4\lib\</path>
         <kind>archive</kind>
         <file>rts6700.lib</file>
         <name>imath40.obj</name>
      </input_file>
      <input_file id="fl-93">
         <path>C:\ti\ccsv5\tools\compiler\c6000_7.4.4\lib\</path>
         <kind>archive</kind>
         <file>rts6700.lib</file>
         <name>ldexp.obj</name>
      </input_file>
      <input_file id="fl-94">
         <path>C:\ti\ccsv5\tools\compiler\c6000_7.4.4\lib\</path>
         <kind>archive</kind>
         <file>rts6700.lib</file>
         <name>llshift.obj</name>
      </input_file>
      <input_file id="fl-95">
         <path>C:\ti\ccsv5\tools\compiler\c6000_7.4.4\lib\</path>
         <kind>archive</kind>
         <file>rts6700.lib</file>
         <name>memset.obj</name>
      </input_file>
      <input_file id="fl-96">
         <path>C:\ti\ccsv5\tools\compiler\c6000_7.4.4\lib\</path>
         <kind>archive</kind>
         <file>rts6700.lib</file>
         <name>mpyll.obj</name>
      </input_file>
      <input_file id="fl-97">
         <path>C:\ti\ccsv5\tools\compiler\c6000_7.4.4\lib\</path>
         <kind>archive</kind>
         <file>rts6700.lib</file>
         <name>sin.obj</name>
      </input_file>
      <input_file id="fl-98">
         <path>C:\ti\ccsv5\tools\compiler\c6000_7.4.4\lib\</path>
         <kind>archive</kind>
         <file>rts6700.lib</file>
         <name>strasg.obj</name>
      </input_file>
      <input_file id="fl-99">
         <path>C:\ti\ccsv5\tools\compiler\c6000_7.4.4\lib\</path>
         <kind>archive</kind>
         <file>rts6700.lib</file>
         <name>trunc.obj</name>
      </input_file>
      <input_file id="fl-9a">
         <path>C:\ti\ccsv5\tools\compiler\c6000_7.4.4\lib\</path>
         <kind>archive</kind>
         <file>rts6700.lib</file>
         <name>args_main.obj</name>
      </input_file>
      <input_file id="fl-9b">
         <path>C:\ti\ccsv5\tools\compiler\c6000_7.4.4\lib\</path>
         <kind>archive</kind>
         <file>rts6700.lib</file>
         <name>autoinit.obj</name>
      </input_file>
      <input_file id="fl-9c">
         <path>C:\ti\ccsv5\tools\compiler\c6000_7.4.4\lib\</path>
         <kind>archive</kind>
         <file>rts6700.lib</file>
         <name>cpp_init.obj</name>
      </input_file>
      <input_file id="fl-9d">
         <path>C:\ti\ccsv5\tools\compiler\c6000_7.4.4\lib\</path>
         <kind>archive</kind>
         <file>rts6700.lib</file>
         <name>cpy_tbl.obj</name>
      </input_file>
      <input_file id="fl-9e">
         <path>C:\ti\ccsv5\tools\compiler\c6000_7.4.4\lib\</path>
         <kind>archive</kind>
         <file>rts6700.lib</file>
         <name>errno.obj</name>
      </input_file>
      <input_file id="fl-9f">
         <path>C:\ti\ccsv5\tools\compiler\c6000_7.4.4\lib\</path>
         <kind>archive</kind>
         <file>rts6700.lib</file>
         <name>memcpy62.obj</name>
      </input_file>
      <input_file id="fl-a0">
         <path>C:\ti\ccsv5\tools\compiler\c6000_7.4.4\lib\</path>
         <kind>archive</kind>
         <file>rts6700.lib</file>
         <name>modf.obj</name>
      </input_file>
      <input_file id="fl-a1">
         <path>C:\ti\ccsv5\tools\compiler\c6000_7.4.4\lib\</path>
         <kind>archive</kind>
         <file>rts6700.lib</file>
         <name>round.obj</name>
      </input_file>
   </input_file_list>
   <object_component_list>
      <object_component id="oc-4b">
         <name>.EXT_RAM</name>
         <uninitialized>true</uninitialized>
         <run_address>0x80000000</run_address>
         <size>0x75300</size>
         <input_file_ref idref="fl-c"/>
      </object_component>
      <object_component id="oc-51">
         <name>.vecs</name>
         <load_address>0x0</load_address>
         <run_address>0x0</run_address>
         <size>0x200</size>
         <input_file_ref idref="fl-d"/>
      </object_component>
      <object_component id="oc-b4">
         <name>.text</name>
         <load_address>0x220</load_address>
         <run_address>0x220</run_address>
         <size>0x62a0</size>
         <input_file_ref idref="fl-4"/>
      </object_component>
      <object_component id="oc-c3">
         <name>.text</name>
         <load_address>0x64c0</load_address>
         <run_address>0x64c0</run_address>
         <size>0x13e0</size>
         <input_file_ref idref="fl-2"/>
      </object_component>
      <object_component id="oc-af">
         <name>.text:__divd</name>
         <load_address>0x78a0</load_address>
         <run_address>0x78a0</run_address>
         <size>0x720</size>
         <input_file_ref idref="fl-8e"/>
      </object_component>
      <object_component id="oc-b3">
         <name>.text</name>
         <load_address>0x7fc0</load_address>
         <run_address>0x7fc0</run_address>
         <size>0x560</size>
         <input_file_ref idref="fl-b"/>
      </object_component>
      <object_component id="oc-b2">
         <name>.text</name>
         <load_address>0x8520</load_address>
         <run_address>0x8520</run_address>
         <size>0x460</size>
         <input_file_ref idref="fl-a"/>
      </object_component>
      <object_component id="oc-b1">
         <name>.text:_sin</name>
         <load_address>0x8980</load_address>
         <run_address>0x8980</run_address>
         <size>0x340</size>
         <input_file_ref idref="fl-97"/>
      </object_component>
      <object_component id="oc-bf">
         <name>.text</name>
         <load_address>0x8cc0</load_address>
         <run_address>0x8cc0</run_address>
         <size>0x320</size>
         <input_file_ref idref="fl-9"/>
      </object_component>
      <object_component id="oc-ad">
         <name>.text</name>
         <load_address>0x8fe0</load_address>
         <run_address>0x8fe0</run_address>
         <size>0x280</size>
         <input_file_ref idref="fl-3"/>
      </object_component>
      <object_component id="oc-c4">
         <name>.text:__divul</name>
         <load_address>0x9260</load_address>
         <run_address>0x9260</run_address>
         <size>0x260</size>
         <input_file_ref idref="fl-92"/>
      </object_component>
      <object_component id="oc-b0">
         <name>.text:_exp</name>
         <load_address>0x94c0</load_address>
         <run_address>0x94c0</run_address>
         <size>0x260</size>
         <input_file_ref idref="fl-90"/>
      </object_component>
      <object_component id="oc-ab">
         <name>.text:_memcpy</name>
         <load_address>0x9720</load_address>
         <run_address>0x9720</run_address>
         <size>0x240</size>
         <input_file_ref idref="fl-9f"/>
      </object_component>
      <object_component id="oc-a9">
         <name>.text</name>
         <load_address>0x9960</load_address>
         <run_address>0x9960</run_address>
         <size>0x220</size>
         <input_file_ref idref="fl-c"/>
      </object_component>
      <object_component id="oc-c2">
         <name>.text:_IRQ_map</name>
         <load_address>0x9b80</load_address>
         <run_address>0x9b80</run_address>
         <size>0x1a0</size>
         <input_file_ref idref="fl-13"/>
      </object_component>
      <object_component id="oc-c8">
         <name>.text:_MCBSP_reset</name>
         <load_address>0x9d20</load_address>
         <run_address>0x9d20</run_address>
         <size>0x180</size>
         <input_file_ref idref="fl-14"/>
      </object_component>
      <object_component id="oc-b8">
         <name>.text:_ldexp</name>
         <load_address>0x9ea0</load_address>
         <run_address>0x9ea0</run_address>
         <size>0x180</size>
         <input_file_ref idref="fl-93"/>
      </object_component>
      <object_component id="oc-c1">
         <name>.text</name>
         <load_address>0xa020</load_address>
         <run_address>0xa020</run_address>
         <size>0x180</size>
         <input_file_ref idref="fl-8"/>
      </object_component>
      <object_component id="oc-18">
         <name>.text:retain</name>
         <load_address>0xa1a0</load_address>
         <run_address>0xa1a0</run_address>
         <size>0x180</size>
         <input_file_ref idref="fl-3"/>
      </object_component>
      <object_component id="oc-bc">
         <name>.text:_TIMER_open</name>
         <load_address>0xa320</load_address>
         <run_address>0xa320</run_address>
         <size>0x160</size>
         <input_file_ref idref="fl-15"/>
      </object_component>
      <object_component id="oc-b6">
         <name>.text:__frcmpyd_div</name>
         <load_address>0xa480</load_address>
         <run_address>0xa480</run_address>
         <size>0x140</size>
         <input_file_ref idref="fl-91"/>
      </object_component>
      <object_component id="oc-bb">
         <name>.text:__strasgi</name>
         <load_address>0xa5c0</load_address>
         <run_address>0xa5c0</run_address>
         <size>0x140</size>
         <input_file_ref idref="fl-98"/>
      </object_component>
      <object_component id="oc-c7">
         <name>.text:_TIMER_reset</name>
         <load_address>0xa700</load_address>
         <run_address>0xa700</run_address>
         <size>0x120</size>
         <input_file_ref idref="fl-15"/>
      </object_component>
      <object_component id="oc-ca">
         <name>.text:_memset</name>
         <load_address>0xa820</load_address>
         <run_address>0xa820</run_address>
         <size>0x120</size>
         <input_file_ref idref="fl-95"/>
      </object_component>
      <object_component id="oc-be">
         <name>.text:_MCBSP_start</name>
         <load_address>0xa940</load_address>
         <run_address>0xa940</run_address>
         <size>0x100</size>
         <input_file_ref idref="fl-14"/>
      </object_component>
      <object_component id="oc-a6">
         <name>.text:__auto_init</name>
         <load_address>0xaa40</load_address>
         <run_address>0xaa40</run_address>
         <size>0x100</size>
         <input_file_ref idref="fl-9b"/>
      </object_component>
      <object_component id="oc-bd">
         <name>.text:_MCBSP_open</name>
         <load_address>0xab40</load_address>
         <run_address>0xab40</run_address>
         <size>0xe0</size>
         <input_file_ref idref="fl-14"/>
      </object_component>
      <object_component id="oc-a8">
         <name>.text:_exit</name>
         <load_address>0xac20</load_address>
         <run_address>0xac20</run_address>
         <size>0xe0</size>
         <input_file_ref idref="fl-8f"/>
      </object_component>
      <object_component id="oc-ba">
         <name>.text:_modf</name>
         <load_address>0xad00</load_address>
         <run_address>0xad00</run_address>
         <size>0xe0</size>
         <input_file_ref idref="fl-a0"/>
      </object_component>
      <object_component id="oc-b9">
         <name>.text:__nround</name>
         <load_address>0xade0</load_address>
         <run_address>0xade0</run_address>
         <size>0xc0</size>
         <input_file_ref idref="fl-a1"/>
      </object_component>
      <object_component id="oc-aa">
         <name>.text:_copy_in</name>
         <load_address>0xaea0</load_address>
         <run_address>0xaea0</run_address>
         <size>0xc0</size>
         <input_file_ref idref="fl-9d"/>
      </object_component>
      <object_component id="oc-c0">
         <name>.text</name>
         <load_address>0xaf60</load_address>
         <run_address>0xaf60</run_address>
         <size>0xc0</size>
         <input_file_ref idref="fl-7"/>
      </object_component>
      <object_component id="oc-c6">
         <name>.text:__mpyll</name>
         <load_address>0xb020</load_address>
         <run_address>0xb020</run_address>
         <size>0xa0</size>
         <input_file_ref idref="fl-96"/>
      </object_component>
      <object_component id="oc-c9">
         <name>.text:_setMux</name>
         <load_address>0xb0c0</load_address>
         <run_address>0xb0c0</run_address>
         <size>0xa0</size>
         <input_file_ref idref="fl-13"/>
      </object_component>
      <object_component id="oc-ac">
         <name>.text:___TI_cpp_init</name>
         <load_address>0xb160</load_address>
         <run_address>0xb160</run_address>
         <size>0x80</size>
         <input_file_ref idref="fl-9c"/>
      </object_component>
      <object_component id="oc-e">
         <name>.text:_c_int00</name>
         <load_address>0xb1e0</load_address>
         <run_address>0xb1e0</run_address>
         <size>0x80</size>
         <input_file_ref idref="fl-8d"/>
      </object_component>
      <object_component id="oc-b5">
         <name>.text:__llshru</name>
         <load_address>0xb260</load_address>
         <run_address>0xb260</run_address>
         <size>0x60</size>
         <input_file_ref idref="fl-94"/>
      </object_component>
      <object_component id="oc-a7">
         <name>.text:__args_main</name>
         <load_address>0xb2c0</load_address>
         <run_address>0xb2c0</run_address>
         <size>0x40</size>
         <input_file_ref idref="fl-9a"/>
      </object_component>
      <object_component id="oc-b7">
         <name>.text:__trunc</name>
         <load_address>0xb300</load_address>
         <run_address>0xb300</run_address>
         <size>0x40</size>
         <input_file_ref idref="fl-99"/>
      </object_component>
      <object_component id="oc-50">
         <name>.text</name>
         <load_address>0xb340</load_address>
         <run_address>0xb340</run_address>
         <size>0x20</size>
         <input_file_ref idref="fl-d"/>
      </object_component>
      <object_component id="oc-ae">
         <name>.text:_abort</name>
         <load_address>0xb360</load_address>
         <run_address>0xb360</run_address>
         <size>0x20</size>
         <input_file_ref idref="fl-8f"/>
      </object_component>
      <object_component id="oc-55">
         <name>.text</name>
         <load_address>0xb380</load_address>
         <run_address>0xb380</run_address>
         <size>0x20</size>
         <input_file_ref idref="fl-13"/>
      </object_component>
      <object_component id="oc-56">
         <name>.cinit</name>
         <load_address>0xc360</load_address>
         <run_address>0xc360</run_address>
         <size>0x12c</size>
         <input_file_ref idref="fl-13"/>
      </object_component>
      <object_component id="oc-45">
         <name>.cinit</name>
         <load_address>0xc490</load_address>
         <run_address>0xc490</run_address>
         <size>0xbc</size>
         <input_file_ref idref="fl-b"/>
      </object_component>
      <object_component id="oc-59">
         <name>.cinit</name>
         <load_address>0xc550</load_address>
         <run_address>0xc550</run_address>
         <size>0x54</size>
         <input_file_ref idref="fl-14"/>
      </object_component>
      <object_component id="oc-5c">
         <name>.cinit</name>
         <load_address>0xc5a8</load_address>
         <run_address>0xc5a8</run_address>
         <size>0x4c</size>
         <input_file_ref idref="fl-15"/>
      </object_component>
      <object_component id="oc-83">
         <name>.cinit</name>
         <load_address>0xc5f8</load_address>
         <run_address>0xc5f8</run_address>
         <size>0x48</size>
         <input_file_ref idref="fl-97"/>
      </object_component>
      <object_component id="oc-6c">
         <name>.cinit</name>
         <load_address>0xc640</load_address>
         <run_address>0xc640</run_address>
         <size>0x40</size>
         <input_file_ref idref="fl-90"/>
      </object_component>
      <object_component id="oc-33">
         <name>.cinit</name>
         <load_address>0xc680</load_address>
         <run_address>0xc680</run_address>
         <size>0x30</size>
         <input_file_ref idref="fl-8"/>
      </object_component>
      <object_component id="oc-67">
         <name>.cinit</name>
         <load_address>0xc6b0</load_address>
         <run_address>0xc6b0</run_address>
         <size>0x2c</size>
         <input_file_ref idref="fl-8f"/>
      </object_component>
      <object_component id="oc-2d">
         <name>.cinit</name>
         <load_address>0xc6e0</load_address>
         <run_address>0xc6e0</run_address>
         <size>0x28</size>
         <input_file_ref idref="fl-7"/>
      </object_component>
      <object_component id="oc-16">
         <name>.cinit</name>
         <load_address>0xc708</load_address>
         <run_address>0xc708</run_address>
         <size>0x1c</size>
         <input_file_ref idref="fl-3"/>
      </object_component>
      <object_component id="oc-9a">
         <name>.cinit</name>
         <load_address>0xc728</load_address>
         <run_address>0xc728</run_address>
         <size>0xc</size>
         <input_file_ref idref="fl-9e"/>
      </object_component>
      <object_component id="oc-10">
         <name>.cinit</name>
         <load_address>0xc738</load_address>
         <run_address>0xc738</run_address>
         <size>0x9</size>
         <input_file_ref idref="fl-2"/>
      </object_component>
      <object_component id="oc-60">
         <name>.stack</name>
         <uninitialized>true</uninitialized>
         <run_address>0xb3a0</run_address>
         <size>0x8</size>
         <input_file_ref idref="fl-8d"/>
      </object_component>
      <object_component id="oc-e2">
         <name>.stack</name>
         <uninitialized>true</uninitialized>
         <run_address>0xb3a0</run_address>
         <size>0x0</size>
      </object_component>
      <object_component id="oc-c5">
         <name>.const:.string:_ExCvt</name>
         <load_address>0xc74c</load_address>
         <run_address>0xc74c</run_address>
         <size>0x80</size>
         <input_file_ref idref="fl-4"/>
      </object_component>
      <object_component id="oc-3a">
         <name>.const</name>
         <load_address>0xc7cc</load_address>
         <run_address>0xc7cc</run_address>
         <size>0x40</size>
         <input_file_ref idref="fl-9"/>
      </object_component>
      <object_component id="oc-40">
         <name>.const</name>
         <load_address>0xc80c</load_address>
         <run_address>0xc80c</run_address>
         <size>0x20</size>
         <input_file_ref idref="fl-a"/>
      </object_component>
      <object_component id="oc-1f">
         <name>.const:.string</name>
         <load_address>0xc82c</load_address>
         <run_address>0xc82c</run_address>
         <size>0x1c</size>
         <input_file_ref idref="fl-4"/>
      </object_component>
      <object_component id="oc-19">
         <name>.const:.string</name>
         <load_address>0xc848</load_address>
         <run_address>0xc848</run_address>
         <size>0xc</size>
         <input_file_ref idref="fl-3"/>
      </object_component>
      <object_component id="oc-11">
         <name>.far</name>
         <uninitialized>true</uninitialized>
         <run_address>0xc35a</run_address>
         <size>0x2</size>
         <input_file_ref idref="fl-2"/>
      </object_component>
      <object_component id="oc-17">
         <name>.far</name>
         <uninitialized>true</uninitialized>
         <run_address>0xbba0</run_address>
         <size>0x4dc</size>
         <input_file_ref idref="fl-3"/>
      </object_component>
      <object_component id="oc-1e">
         <name>.far</name>
         <uninitialized>true</uninitialized>
         <run_address>0xc348</run_address>
         <size>0x6</size>
         <input_file_ref idref="fl-4"/>
      </object_component>
      <object_component id="oc-24">
         <name>.far</name>
         <uninitialized>true</uninitialized>
         <run_address>0xc358</run_address>
         <size>0x2</size>
         <input_file_ref idref="fl-5"/>
      </object_component>
      <object_component id="oc-2e">
         <name>.far</name>
         <uninitialized>true</uninitialized>
         <run_address>0xc314</run_address>
         <size>0x20</size>
         <input_file_ref idref="fl-7"/>
      </object_component>
      <object_component id="oc-34">
         <name>.far</name>
         <uninitialized>true</uninitialized>
         <run_address>0xc2c8</run_address>
         <size>0x28</size>
         <input_file_ref idref="fl-8"/>
      </object_component>
      <object_component id="oc-39">
         <name>.far</name>
         <uninitialized>true</uninitialized>
         <run_address>0xc340</run_address>
         <size>0x8</size>
         <input_file_ref idref="fl-9"/>
      </object_component>
      <object_component id="oc-3f">
         <name>.far</name>
         <uninitialized>true</uninitialized>
         <run_address>0xc34e</run_address>
         <size>0x2</size>
         <input_file_ref idref="fl-a"/>
      </object_component>
      <object_component id="oc-46">
         <name>.far</name>
         <uninitialized>true</uninitialized>
         <run_address>0xc170</run_address>
         <size>0xb0</size>
         <input_file_ref idref="fl-b"/>
      </object_component>
      <object_component id="oc-4c">
         <name>.far</name>
         <uninitialized>true</uninitialized>
         <run_address>0xc350</run_address>
         <size>0x4</size>
         <input_file_ref idref="fl-c"/>
      </object_component>
      <object_component id="oc-57">
         <name>.far</name>
         <uninitialized>true</uninitialized>
         <run_address>0xc07c</run_address>
         <size>0xf4</size>
         <input_file_ref idref="fl-13"/>
      </object_component>
      <object_component id="oc-5a">
         <name>.far</name>
         <uninitialized>true</uninitialized>
         <run_address>0xc260</run_address>
         <size>0x38</size>
         <input_file_ref idref="fl-14"/>
      </object_component>
      <object_component id="oc-5d">
         <name>.far</name>
         <uninitialized>true</uninitialized>
         <run_address>0xc2f0</run_address>
         <size>0x24</size>
         <input_file_ref idref="fl-15"/>
      </object_component>
      <object_component id="oc-68">
         <name>.far</name>
         <uninitialized>true</uninitialized>
         <run_address>0xc334</run_address>
         <size>0xc</size>
         <input_file_ref idref="fl-8f"/>
      </object_component>
      <object_component id="oc-6d">
         <name>.far</name>
         <uninitialized>true</uninitialized>
         <run_address>0xc298</run_address>
         <size>0x30</size>
         <input_file_ref idref="fl-90"/>
      </object_component>
      <object_component id="oc-84">
         <name>.far</name>
         <uninitialized>true</uninitialized>
         <run_address>0xc220</run_address>
         <size>0x40</size>
         <input_file_ref idref="fl-97"/>
      </object_component>
      <object_component id="oc-9b">
         <name>.far</name>
         <uninitialized>true</uninitialized>
         <run_address>0xc354</run_address>
         <size>0x4</size>
         <input_file_ref idref="fl-9e"/>
      </object_component>
      <object_component id="oc-f">
         <name>.debug_info</name>
         <load_address>0x0</load_address>
         <run_address>0x0</run_address>
         <size>0x1e79</size>
         <input_file_ref idref="fl-2"/>
      </object_component>
      <object_component id="oc-15">
         <name>.debug_info</name>
         <load_address>0x1e79</load_address>
         <run_address>0x1e79</run_address>
         <size>0x1171</size>
         <input_file_ref idref="fl-3"/>
      </object_component>
      <object_component id="oc-1d">
         <name>.debug_info</name>
         <load_address>0x2fea</load_address>
         <run_address>0x2fea</run_address>
         <size>0x537a</size>
         <input_file_ref idref="fl-4"/>
      </object_component>
      <object_component id="oc-23">
         <name>.debug_info</name>
         <load_address>0x8364</load_address>
         <run_address>0x8364</run_address>
         <size>0x676</size>
         <input_file_ref idref="fl-5"/>
      </object_component>
      <object_component id="oc-28">
         <name>.debug_info</name>
         <load_address>0x89da</load_address>
         <run_address>0x89da</run_address>
         <size>0x62f</size>
         <input_file_ref idref="fl-6"/>
      </object_component>
      <object_component id="oc-2c">
         <name>.debug_info</name>
         <load_address>0x9009</load_address>
         <run_address>0x9009</run_address>
         <size>0x867</size>
         <input_file_ref idref="fl-7"/>
      </object_component>
      <object_component id="oc-32">
         <name>.debug_info</name>
         <load_address>0x9870</load_address>
         <run_address>0x9870</run_address>
         <size>0xc23</size>
         <input_file_ref idref="fl-8"/>
      </object_component>
      <object_component id="oc-38">
         <name>.debug_info</name>
         <load_address>0xa493</load_address>
         <run_address>0xa493</run_address>
         <size>0xb9e</size>
         <input_file_ref idref="fl-9"/>
      </object_component>
      <object_component id="oc-3e">
         <name>.debug_info</name>
         <load_address>0xb031</load_address>
         <run_address>0xb031</run_address>
         <size>0xce3</size>
         <input_file_ref idref="fl-a"/>
      </object_component>
      <object_component id="oc-44">
         <name>.debug_info</name>
         <load_address>0xbd14</load_address>
         <run_address>0xbd14</run_address>
         <size>0x116a</size>
         <input_file_ref idref="fl-b"/>
      </object_component>
      <object_component id="oc-4a">
         <name>.debug_info</name>
         <load_address>0xce7e</load_address>
         <run_address>0xce7e</run_address>
         <size>0xaed</size>
         <input_file_ref idref="fl-c"/>
      </object_component>
      <object_component id="oc-52">
         <name>.debug_info</name>
         <load_address>0xd96b</load_address>
         <run_address>0xd96b</run_address>
         <size>0xf9</size>
         <input_file_ref idref="fl-d"/>
      </object_component>
      <object_component id="oc-5f">
         <name>.debug_info</name>
         <load_address>0xda64</load_address>
         <run_address>0xda64</run_address>
         <size>0x710</size>
         <input_file_ref idref="fl-8d"/>
      </object_component>
      <object_component id="oc-63">
         <name>.debug_info</name>
         <load_address>0xe174</load_address>
         <run_address>0xe174</run_address>
         <size>0x987</size>
         <input_file_ref idref="fl-8e"/>
      </object_component>
      <object_component id="oc-66">
         <name>.debug_info</name>
         <load_address>0xeafb</load_address>
         <run_address>0xeafb</run_address>
         <size>0x807</size>
         <input_file_ref idref="fl-8f"/>
      </object_component>
      <object_component id="oc-6b">
         <name>.debug_info</name>
         <load_address>0xf302</load_address>
         <run_address>0xf302</run_address>
         <size>0x692</size>
         <input_file_ref idref="fl-90"/>
      </object_component>
      <object_component id="oc-70">
         <name>.debug_info</name>
         <load_address>0xf994</load_address>
         <run_address>0xf994</run_address>
         <size>0x6a9</size>
         <input_file_ref idref="fl-91"/>
      </object_component>
      <object_component id="oc-73">
         <name>.debug_info</name>
         <load_address>0x1003d</load_address>
         <run_address>0x1003d</run_address>
         <size>0x6e1</size>
         <input_file_ref idref="fl-92"/>
      </object_component>
      <object_component id="oc-76">
         <name>.debug_info</name>
         <load_address>0x1071e</load_address>
         <run_address>0x1071e</run_address>
         <size>0x69c</size>
         <input_file_ref idref="fl-93"/>
      </object_component>
      <object_component id="oc-79">
         <name>.debug_info</name>
         <load_address>0x10dba</load_address>
         <run_address>0x10dba</run_address>
         <size>0x696</size>
         <input_file_ref idref="fl-94"/>
      </object_component>
      <object_component id="oc-7c">
         <name>.debug_info</name>
         <load_address>0x11450</load_address>
         <run_address>0x11450</run_address>
         <size>0x738</size>
         <input_file_ref idref="fl-95"/>
      </object_component>
      <object_component id="oc-7f">
         <name>.debug_info</name>
         <load_address>0x11b88</load_address>
         <run_address>0x11b88</run_address>
         <size>0x6bc</size>
         <input_file_ref idref="fl-96"/>
      </object_component>
      <object_component id="oc-82">
         <name>.debug_info</name>
         <load_address>0x12244</load_address>
         <run_address>0x12244</run_address>
         <size>0x71f</size>
         <input_file_ref idref="fl-97"/>
      </object_component>
      <object_component id="oc-87">
         <name>.debug_info</name>
         <load_address>0x12963</load_address>
         <run_address>0x12963</run_address>
         <size>0xdf</size>
         <input_file_ref idref="fl-98"/>
      </object_component>
      <object_component id="oc-8a">
         <name>.debug_info</name>
         <load_address>0x12a42</load_address>
         <run_address>0x12a42</run_address>
         <size>0x656</size>
         <input_file_ref idref="fl-99"/>
      </object_component>
      <object_component id="oc-8d">
         <name>.debug_info</name>
         <load_address>0x13098</load_address>
         <run_address>0x13098</run_address>
         <size>0x6e6</size>
         <input_file_ref idref="fl-9a"/>
      </object_component>
      <object_component id="oc-90">
         <name>.debug_info</name>
         <load_address>0x1377e</load_address>
         <run_address>0x1377e</run_address>
         <size>0x879</size>
         <input_file_ref idref="fl-9b"/>
      </object_component>
      <object_component id="oc-93">
         <name>.debug_info</name>
         <load_address>0x13ff7</load_address>
         <run_address>0x13ff7</run_address>
         <size>0x6f1</size>
         <input_file_ref idref="fl-9c"/>
      </object_component>
      <object_component id="oc-96">
         <name>.debug_info</name>
         <load_address>0x146e8</load_address>
         <run_address>0x146e8</run_address>
         <size>0x7e7</size>
         <input_file_ref idref="fl-9d"/>
      </object_component>
      <object_component id="oc-99">
         <name>.debug_info</name>
         <load_address>0x14ecf</load_address>
         <run_address>0x14ecf</run_address>
         <size>0x5e7</size>
         <input_file_ref idref="fl-9e"/>
      </object_component>
      <object_component id="oc-9d">
         <name>.debug_info</name>
         <load_address>0x154b6</load_address>
         <run_address>0x154b6</run_address>
         <size>0x79d</size>
         <input_file_ref idref="fl-9f"/>
      </object_component>
      <object_component id="oc-a0">
         <name>.debug_info</name>
         <load_address>0x15c53</load_address>
         <run_address>0x15c53</run_address>
         <size>0x685</size>
         <input_file_ref idref="fl-a0"/>
      </object_component>
      <object_component id="oc-a3">
         <name>.debug_info</name>
         <load_address>0x162d8</load_address>
         <run_address>0x162d8</run_address>
         <size>0x658</size>
         <input_file_ref idref="fl-a1"/>
      </object_component>
      <object_component id="oc-e3">
         <name>.debug_info</name>
         <load_address>0x16930</load_address>
         <run_address>0x16930</run_address>
         <size>0x6d</size>
      </object_component>
      <object_component id="oc-12">
         <name>.debug_frame</name>
         <load_address>0x0</load_address>
         <run_address>0x0</run_address>
         <size>0x41a</size>
         <input_file_ref idref="fl-2"/>
      </object_component>
      <object_component id="oc-1a">
         <name>.debug_frame</name>
         <load_address>0x41a</load_address>
         <run_address>0x41a</run_address>
         <size>0x325</size>
         <input_file_ref idref="fl-3"/>
      </object_component>
      <object_component id="oc-20">
         <name>.debug_frame</name>
         <load_address>0x73f</load_address>
         <run_address>0x73f</run_address>
         <size>0x9e2</size>
         <input_file_ref idref="fl-4"/>
      </object_component>
      <object_component id="oc-25">
         <name>.debug_frame</name>
         <load_address>0x1121</load_address>
         <run_address>0x1121</run_address>
         <size>0x23f</size>
         <input_file_ref idref="fl-5"/>
      </object_component>
      <object_component id="oc-29">
         <name>.debug_frame</name>
         <load_address>0x1360</load_address>
         <run_address>0x1360</run_address>
         <size>0x23f</size>
         <input_file_ref idref="fl-6"/>
      </object_component>
      <object_component id="oc-2f">
         <name>.debug_frame</name>
         <load_address>0x159f</load_address>
         <run_address>0x159f</run_address>
         <size>0x267</size>
         <input_file_ref idref="fl-7"/>
      </object_component>
      <object_component id="oc-35">
         <name>.debug_frame</name>
         <load_address>0x1806</load_address>
         <run_address>0x1806</run_address>
         <size>0x289</size>
         <input_file_ref idref="fl-8"/>
      </object_component>
      <object_component id="oc-3b">
         <name>.debug_frame</name>
         <load_address>0x1a8f</load_address>
         <run_address>0x1a8f</run_address>
         <size>0x277</size>
         <input_file_ref idref="fl-9"/>
      </object_component>
      <object_component id="oc-41">
         <name>.debug_frame</name>
         <load_address>0x1d06</load_address>
         <run_address>0x1d06</run_address>
         <size>0x2fc</size>
         <input_file_ref idref="fl-a"/>
      </object_component>
      <object_component id="oc-47">
         <name>.debug_frame</name>
         <load_address>0x2002</load_address>
         <run_address>0x2002</run_address>
         <size>0x2d6</size>
         <input_file_ref idref="fl-b"/>
      </object_component>
      <object_component id="oc-4d">
         <name>.debug_frame</name>
         <load_address>0x22d8</load_address>
         <run_address>0x22d8</run_address>
         <size>0x2cc</size>
         <input_file_ref idref="fl-c"/>
      </object_component>
      <object_component id="oc-13">
         <name>.debug_line</name>
         <load_address>0x0</load_address>
         <run_address>0x0</run_address>
         <size>0x5bf</size>
         <input_file_ref idref="fl-2"/>
      </object_component>
      <object_component id="oc-1b">
         <name>.debug_line</name>
         <load_address>0x5bf</load_address>
         <run_address>0x5bf</run_address>
         <size>0xe6</size>
         <input_file_ref idref="fl-3"/>
      </object_component>
      <object_component id="oc-21">
         <name>.debug_line</name>
         <load_address>0x6a5</load_address>
         <run_address>0x6a5</run_address>
         <size>0x1479</size>
         <input_file_ref idref="fl-4"/>
      </object_component>
      <object_component id="oc-26">
         <name>.debug_line</name>
         <load_address>0x1b1e</load_address>
         <run_address>0x1b1e</run_address>
         <size>0x36</size>
         <input_file_ref idref="fl-5"/>
      </object_component>
      <object_component id="oc-2a">
         <name>.debug_line</name>
         <load_address>0x1b54</load_address>
         <run_address>0x1b54</run_address>
         <size>0x36</size>
         <input_file_ref idref="fl-6"/>
      </object_component>
      <object_component id="oc-30">
         <name>.debug_line</name>
         <load_address>0x1b8a</load_address>
         <run_address>0x1b8a</run_address>
         <size>0x60</size>
         <input_file_ref idref="fl-7"/>
      </object_component>
      <object_component id="oc-36">
         <name>.debug_line</name>
         <load_address>0x1bea</load_address>
         <run_address>0x1bea</run_address>
         <size>0xe5</size>
         <input_file_ref idref="fl-8"/>
      </object_component>
      <object_component id="oc-3c">
         <name>.debug_line</name>
         <load_address>0x1ccf</load_address>
         <run_address>0x1ccf</run_address>
         <size>0x149</size>
         <input_file_ref idref="fl-9"/>
      </object_component>
      <object_component id="oc-42">
         <name>.debug_line</name>
         <load_address>0x1e18</load_address>
         <run_address>0x1e18</run_address>
         <size>0x206</size>
         <input_file_ref idref="fl-a"/>
      </object_component>
      <object_component id="oc-48">
         <name>.debug_line</name>
         <load_address>0x201e</load_address>
         <run_address>0x201e</run_address>
         <size>0x267</size>
         <input_file_ref idref="fl-b"/>
      </object_component>
      <object_component id="oc-4e">
         <name>.debug_line</name>
         <load_address>0x2285</load_address>
         <run_address>0x2285</run_address>
         <size>0x12b</size>
         <input_file_ref idref="fl-c"/>
      </object_component>
      <object_component id="oc-53">
         <name>.debug_line</name>
         <load_address>0x23b0</load_address>
         <run_address>0x23b0</run_address>
         <size>0xcd</size>
         <input_file_ref idref="fl-d"/>
      </object_component>
      <object_component id="oc-61">
         <name>.debug_line</name>
         <load_address>0x247d</load_address>
         <run_address>0x247d</run_address>
         <size>0x3d</size>
         <input_file_ref idref="fl-8d"/>
      </object_component>
      <object_component id="oc-64">
         <name>.debug_line</name>
         <load_address>0x24ba</load_address>
         <run_address>0x24ba</run_address>
         <size>0x3c</size>
         <input_file_ref idref="fl-8e"/>
      </object_component>
      <object_component id="oc-69">
         <name>.debug_line</name>
         <load_address>0x24f6</load_address>
         <run_address>0x24f6</run_address>
         <size>0x4f</size>
         <input_file_ref idref="fl-8f"/>
      </object_component>
      <object_component id="oc-6e">
         <name>.debug_line</name>
         <load_address>0x2545</load_address>
         <run_address>0x2545</run_address>
         <size>0x3b</size>
         <input_file_ref idref="fl-90"/>
      </object_component>
      <object_component id="oc-71">
         <name>.debug_line</name>
         <load_address>0x2580</load_address>
         <run_address>0x2580</run_address>
         <size>0x3e</size>
         <input_file_ref idref="fl-91"/>
      </object_component>
      <object_component id="oc-74">
         <name>.debug_line</name>
         <load_address>0x25be</load_address>
         <run_address>0x25be</run_address>
         <size>0x47</size>
         <input_file_ref idref="fl-92"/>
      </object_component>
      <object_component id="oc-77">
         <name>.debug_line</name>
         <load_address>0x2605</load_address>
         <run_address>0x2605</run_address>
         <size>0x3a</size>
         <input_file_ref idref="fl-93"/>
      </object_component>
      <object_component id="oc-7a">
         <name>.debug_line</name>
         <load_address>0x263f</load_address>
         <run_address>0x263f</run_address>
         <size>0x3f</size>
         <input_file_ref idref="fl-94"/>
      </object_component>
      <object_component id="oc-7d">
         <name>.debug_line</name>
         <load_address>0x267e</load_address>
         <run_address>0x267e</run_address>
         <size>0x47</size>
         <input_file_ref idref="fl-95"/>
      </object_component>
      <object_component id="oc-80">
         <name>.debug_line</name>
         <load_address>0x26c5</load_address>
         <run_address>0x26c5</run_address>
         <size>0x3d</size>
         <input_file_ref idref="fl-96"/>
      </object_component>
      <object_component id="oc-85">
         <name>.debug_line</name>
         <load_address>0x2702</load_address>
         <run_address>0x2702</run_address>
         <size>0x54</size>
         <input_file_ref idref="fl-97"/>
      </object_component>
      <object_component id="oc-88">
         <name>.debug_line</name>
         <load_address>0x2756</load_address>
         <run_address>0x2756</run_address>
         <size>0x4a</size>
         <input_file_ref idref="fl-98"/>
      </object_component>
      <object_component id="oc-8b">
         <name>.debug_line</name>
         <load_address>0x27a0</load_address>
         <run_address>0x27a0</run_address>
         <size>0x38</size>
         <input_file_ref idref="fl-99"/>
      </object_component>
      <object_component id="oc-8e">
         <name>.debug_line</name>
         <load_address>0x27d8</load_address>
         <run_address>0x27d8</run_address>
         <size>0x41</size>
         <input_file_ref idref="fl-9a"/>
      </object_component>
      <object_component id="oc-91">
         <name>.debug_line</name>
         <load_address>0x2819</load_address>
         <run_address>0x2819</run_address>
         <size>0x47</size>
         <input_file_ref idref="fl-9b"/>
      </object_component>
      <object_component id="oc-94">
         <name>.debug_line</name>
         <load_address>0x2860</load_address>
         <run_address>0x2860</run_address>
         <size>0x45</size>
         <input_file_ref idref="fl-9c"/>
      </object_component>
      <object_component id="oc-97">
         <name>.debug_line</name>
         <load_address>0x28a5</load_address>
         <run_address>0x28a5</run_address>
         <size>0x44</size>
         <input_file_ref idref="fl-9d"/>
      </object_component>
      <object_component id="oc-9e">
         <name>.debug_line</name>
         <load_address>0x28e9</load_address>
         <run_address>0x28e9</run_address>
         <size>0x4e</size>
         <input_file_ref idref="fl-9f"/>
      </object_component>
      <object_component id="oc-a1">
         <name>.debug_line</name>
         <load_address>0x2937</load_address>
         <run_address>0x2937</run_address>
         <size>0x37</size>
         <input_file_ref idref="fl-a0"/>
      </object_component>
      <object_component id="oc-a4">
         <name>.debug_line</name>
         <load_address>0x296e</load_address>
         <run_address>0x296e</run_address>
         <size>0x38</size>
         <input_file_ref idref="fl-a1"/>
      </object_component>
      <object_component id="oc-14">
         <name>.debug_abbrev</name>
         <load_address>0x0</load_address>
         <run_address>0x0</run_address>
         <size>0x1b3</size>
         <input_file_ref idref="fl-2"/>
      </object_component>
      <object_component id="oc-1c">
         <name>.debug_abbrev</name>
         <load_address>0x1b3</load_address>
         <run_address>0x1b3</run_address>
         <size>0x19a</size>
         <input_file_ref idref="fl-3"/>
      </object_component>
      <object_component id="oc-22">
         <name>.debug_abbrev</name>
         <load_address>0x34d</load_address>
         <run_address>0x34d</run_address>
         <size>0x18a</size>
         <input_file_ref idref="fl-4"/>
      </object_component>
      <object_component id="oc-27">
         <name>.debug_abbrev</name>
         <load_address>0x4d7</load_address>
         <run_address>0x4d7</run_address>
         <size>0xca</size>
         <input_file_ref idref="fl-5"/>
      </object_component>
      <object_component id="oc-2b">
         <name>.debug_abbrev</name>
         <load_address>0x5a1</load_address>
         <run_address>0x5a1</run_address>
         <size>0xe3</size>
         <input_file_ref idref="fl-6"/>
      </object_component>
      <object_component id="oc-31">
         <name>.debug_abbrev</name>
         <load_address>0x684</load_address>
         <run_address>0x684</run_address>
         <size>0xf9</size>
         <input_file_ref idref="fl-7"/>
      </object_component>
      <object_component id="oc-37">
         <name>.debug_abbrev</name>
         <load_address>0x77d</load_address>
         <run_address>0x77d</run_address>
         <size>0x13b</size>
         <input_file_ref idref="fl-8"/>
      </object_component>
      <object_component id="oc-3d">
         <name>.debug_abbrev</name>
         <load_address>0x8b8</load_address>
         <run_address>0x8b8</run_address>
         <size>0x11e</size>
         <input_file_ref idref="fl-9"/>
      </object_component>
      <object_component id="oc-43">
         <name>.debug_abbrev</name>
         <load_address>0x9d6</load_address>
         <run_address>0x9d6</run_address>
         <size>0x13a</size>
         <input_file_ref idref="fl-a"/>
      </object_component>
      <object_component id="oc-49">
         <name>.debug_abbrev</name>
         <load_address>0xb10</load_address>
         <run_address>0xb10</run_address>
         <size>0x117</size>
         <input_file_ref idref="fl-b"/>
      </object_component>
      <object_component id="oc-4f">
         <name>.debug_abbrev</name>
         <load_address>0xc27</load_address>
         <run_address>0xc27</run_address>
         <size>0x172</size>
         <input_file_ref idref="fl-c"/>
      </object_component>
      <object_component id="oc-54">
         <name>.debug_abbrev</name>
         <load_address>0xd99</load_address>
         <run_address>0xd99</run_address>
         <size>0x20</size>
         <input_file_ref idref="fl-d"/>
      </object_component>
      <object_component id="oc-62">
         <name>.debug_abbrev</name>
         <load_address>0xdb9</load_address>
         <run_address>0xdb9</run_address>
         <size>0xfe</size>
         <input_file_ref idref="fl-8d"/>
      </object_component>
      <object_component id="oc-65">
         <name>.debug_abbrev</name>
         <load_address>0xeb7</load_address>
         <run_address>0xeb7</run_address>
         <size>0xf5</size>
         <input_file_ref idref="fl-8e"/>
      </object_component>
      <object_component id="oc-6a">
         <name>.debug_abbrev</name>
         <load_address>0xfac</load_address>
         <run_address>0xfac</run_address>
         <size>0x119</size>
         <input_file_ref idref="fl-8f"/>
      </object_component>
      <object_component id="oc-6f">
         <name>.debug_abbrev</name>
         <load_address>0x10c5</load_address>
         <run_address>0x10c5</run_address>
         <size>0xb6</size>
         <input_file_ref idref="fl-90"/>
      </object_component>
      <object_component id="oc-72">
         <name>.debug_abbrev</name>
         <load_address>0x117b</load_address>
         <run_address>0x117b</run_address>
         <size>0x9a</size>
         <input_file_ref idref="fl-91"/>
      </object_component>
      <object_component id="oc-75">
         <name>.debug_abbrev</name>
         <load_address>0x1215</load_address>
         <run_address>0x1215</run_address>
         <size>0xc3</size>
         <input_file_ref idref="fl-92"/>
      </object_component>
      <object_component id="oc-78">
         <name>.debug_abbrev</name>
         <load_address>0x12d8</load_address>
         <run_address>0x12d8</run_address>
         <size>0xa8</size>
         <input_file_ref idref="fl-93"/>
      </object_component>
      <object_component id="oc-7b">
         <name>.debug_abbrev</name>
         <load_address>0x1380</load_address>
         <run_address>0x1380</run_address>
         <size>0xa3</size>
         <input_file_ref idref="fl-94"/>
      </object_component>
      <object_component id="oc-7e">
         <name>.debug_abbrev</name>
         <load_address>0x1423</load_address>
         <run_address>0x1423</run_address>
         <size>0xd0</size>
         <input_file_ref idref="fl-95"/>
      </object_component>
      <object_component id="oc-81">
         <name>.debug_abbrev</name>
         <load_address>0x14f3</load_address>
         <run_address>0x14f3</run_address>
         <size>0xa3</size>
         <input_file_ref idref="fl-96"/>
      </object_component>
      <object_component id="oc-86">
         <name>.debug_abbrev</name>
         <load_address>0x1596</load_address>
         <run_address>0x1596</run_address>
         <size>0xcc</size>
         <input_file_ref idref="fl-97"/>
      </object_component>
      <object_component id="oc-89">
         <name>.debug_abbrev</name>
         <load_address>0x1662</load_address>
         <run_address>0x1662</run_address>
         <size>0x3a</size>
         <input_file_ref idref="fl-98"/>
      </object_component>
      <object_component id="oc-8c">
         <name>.debug_abbrev</name>
         <load_address>0x169c</load_address>
         <run_address>0x169c</run_address>
         <size>0xaf</size>
         <input_file_ref idref="fl-99"/>
      </object_component>
      <object_component id="oc-8f">
         <name>.debug_abbrev</name>
         <load_address>0x174b</load_address>
         <run_address>0x174b</run_address>
         <size>0xe1</size>
         <input_file_ref idref="fl-9a"/>
      </object_component>
      <object_component id="oc-92">
         <name>.debug_abbrev</name>
         <load_address>0x182c</load_address>
         <run_address>0x182c</run_address>
         <size>0x13f</size>
         <input_file_ref idref="fl-9b"/>
      </object_component>
      <object_component id="oc-95">
         <name>.debug_abbrev</name>
         <load_address>0x196b</load_address>
         <run_address>0x196b</run_address>
         <size>0xdd</size>
         <input_file_ref idref="fl-9c"/>
      </object_component>
      <object_component id="oc-98">
         <name>.debug_abbrev</name>
         <load_address>0x1a48</load_address>
         <run_address>0x1a48</run_address>
         <size>0x10c</size>
         <input_file_ref idref="fl-9d"/>
      </object_component>
      <object_component id="oc-9c">
         <name>.debug_abbrev</name>
         <load_address>0x1b54</load_address>
         <run_address>0x1b54</run_address>
         <size>0x44</size>
         <input_file_ref idref="fl-9e"/>
      </object_component>
      <object_component id="oc-9f">
         <name>.debug_abbrev</name>
         <load_address>0x1b98</load_address>
         <run_address>0x1b98</run_address>
         <size>0xd5</size>
         <input_file_ref idref="fl-9f"/>
      </object_component>
      <object_component id="oc-a2">
         <name>.debug_abbrev</name>
         <load_address>0x1c6d</load_address>
         <run_address>0x1c6d</run_address>
         <size>0xa1</size>
         <input_file_ref idref="fl-a0"/>
      </object_component>
      <object_component id="oc-a5">
         <name>.debug_abbrev</name>
         <load_address>0x1d0e</load_address>
         <run_address>0x1d0e</run_address>
         <size>0xaf</size>
         <input_file_ref idref="fl-a1"/>
      </object_component>
      <object_component id="oc-e4">
         <name>.debug_abbrev</name>
         <load_address>0x1dbd</load_address>
         <run_address>0x1dbd</run_address>
         <size>0xd</size>
      </object_component>
      <object_component id="oc-58">
         <name>$BRID</name>
         <load_address>0x0</load_address>
         <run_address>0x0</run_address>
         <size>0x78</size>
         <input_file_ref idref="fl-13"/>
      </object_component>
      <object_component id="oc-5b">
         <name>$BRID</name>
         <load_address>0x78</load_address>
         <run_address>0x78</run_address>
         <size>0x7c</size>
         <input_file_ref idref="fl-14"/>
      </object_component>
      <object_component id="oc-5e">
         <name>$BRID</name>
         <load_address>0xf4</load_address>
         <run_address>0xf4</run_address>
         <size>0x60</size>
         <input_file_ref idref="fl-15"/>
      </object_component>
   </object_component_list>
   <logical_group_list>
      <logical_group id="lg-2">
         <name>.EXT_RAM</name>
         <run_address>0x80000000</run_address>
         <size>0x75300</size>
         <contents>
            <object_component_ref idref="oc-4b"/>
         </contents>
      </logical_group>
      <logical_group id="lg-3">
         <name>.vecs</name>
         <load_address>0x0</load_address>
         <run_address>0x0</run_address>
         <size>0x200</size>
         <contents>
            <object_component_ref idref="oc-51"/>
         </contents>
      </logical_group>
      <logical_group id="lg-4">
         <name>.text</name>
         <load_address>0x220</load_address>
         <run_address>0x220</run_address>
         <size>0xb180</size>
         <contents>
            <object_component_ref idref="oc-b4"/>
            <object_component_ref idref="oc-c3"/>
            <object_component_ref idref="oc-af"/>
            <object_component_ref idref="oc-b3"/>
            <object_component_ref idref="oc-b2"/>
            <object_component_ref idref="oc-b1"/>
            <object_component_ref idref="oc-bf"/>
            <object_component_ref idref="oc-ad"/>
            <object_component_ref idref="oc-c4"/>
            <object_component_ref idref="oc-b0"/>
            <object_component_ref idref="oc-ab"/>
            <object_component_ref idref="oc-a9"/>
            <object_component_ref idref="oc-c2"/>
            <object_component_ref idref="oc-c8"/>
            <object_component_ref idref="oc-b8"/>
            <object_component_ref idref="oc-c1"/>
            <object_component_ref idref="oc-18"/>
            <object_component_ref idref="oc-bc"/>
            <object_component_ref idref="oc-b6"/>
            <object_component_ref idref="oc-bb"/>
            <object_component_ref idref="oc-c7"/>
            <object_component_ref idref="oc-ca"/>
            <object_component_ref idref="oc-be"/>
            <object_component_ref idref="oc-a6"/>
            <object_component_ref idref="oc-bd"/>
            <object_component_ref idref="oc-a8"/>
            <object_component_ref idref="oc-ba"/>
            <object_component_ref idref="oc-b9"/>
            <object_component_ref idref="oc-aa"/>
            <object_component_ref idref="oc-c0"/>
            <object_component_ref idref="oc-c6"/>
            <object_component_ref idref="oc-c9"/>
            <object_component_ref idref="oc-ac"/>
            <object_component_ref idref="oc-e"/>
            <object_component_ref idref="oc-b5"/>
            <object_component_ref idref="oc-a7"/>
            <object_component_ref idref="oc-b7"/>
            <object_component_ref idref="oc-50"/>
            <object_component_ref idref="oc-ae"/>
            <object_component_ref idref="oc-55"/>
         </contents>
      </logical_group>
      <logical_group id="lg-5">
         <name>.bss</name>
         <run_address>0x220</run_address>
         <size>0x0</size>
         <contents>
         </contents>
      </logical_group>
      <logical_group id="lg-6">
         <name>.cinit</name>
         <load_address>0xc360</load_address>
         <run_address>0xc360</run_address>
         <size>0x3ec</size>
         <contents>
            <object_component_ref idref="oc-56"/>
            <object_component_ref idref="oc-45"/>
            <object_component_ref idref="oc-59"/>
            <object_component_ref idref="oc-5c"/>
            <object_component_ref idref="oc-83"/>
            <object_component_ref idref="oc-6c"/>
            <object_component_ref idref="oc-33"/>
            <object_component_ref idref="oc-67"/>
            <object_component_ref idref="oc-2d"/>
            <object_component_ref idref="oc-16"/>
            <object_component_ref idref="oc-9a"/>
            <object_component_ref idref="oc-10"/>
         </contents>
      </logical_group>
      <logical_group id="lg-7">
         <name>.stack</name>
         <run_address>0xb3a0</run_address>
         <size>0x800</size>
         <contents>
            <object_component_ref idref="oc-60"/>
            <object_component_ref idref="oc-e2"/>
         </contents>
      </logical_group>
      <logical_group id="lg-8">
         <name>.sysmem</name>
         <run_address>0x0</run_address>
         <size>0x0</size>
         <contents>
         </contents>
      </logical_group>
      <logical_group id="lg-9">
         <name>.const</name>
         <load_address>0xc74c</load_address>
         <run_address>0xc74c</run_address>
         <size>0x108</size>
         <contents>
            <object_component_ref idref="oc-c5"/>
            <object_component_ref idref="oc-3a"/>
            <object_component_ref idref="oc-40"/>
            <object_component_ref idref="oc-1f"/>
            <object_component_ref idref="oc-19"/>
         </contents>
      </logical_group>
      <logical_group id="lg-a">
         <name>.switch</name>
         <run_address>0x0</run_address>
         <size>0x0</size>
         <contents>
         </contents>
      </logical_group>
      <logical_group id="lg-b">
         <name>.far</name>
         <run_address>0xbba0</run_address>
         <size>0x7bc</size>
         <contents>
            <object_component_ref idref="oc-11"/>
            <object_component_ref idref="oc-17"/>
            <object_component_ref idref="oc-1e"/>
            <object_component_ref idref="oc-24"/>
            <object_component_ref idref="oc-2e"/>
            <object_component_ref idref="oc-34"/>
            <object_component_ref idref="oc-39"/>
            <object_component_ref idref="oc-3f"/>
            <object_component_ref idref="oc-46"/>
            <object_component_ref idref="oc-4c"/>
            <object_component_ref idref="oc-57"/>
            <object_component_ref idref="oc-5a"/>
            <object_component_ref idref="oc-5d"/>
            <object_component_ref idref="oc-68"/>
            <object_component_ref idref="oc-6d"/>
            <object_component_ref idref="oc-84"/>
            <object_component_ref idref="oc-9b"/>
         </contents>
      </logical_group>
      <logical_group id="lg-c">
         <name>.cio</name>
         <run_address>0x0</run_address>
         <size>0x0</size>
         <contents>
         </contents>
      </logical_group>
      <logical_group id="lg-d">
         <name>.csldata</name>
         <run_address>0x0</run_address>
         <size>0x0</size>
         <contents>
         </contents>
      </logical_group>
      <logical_group id="lg-d7">
         <name>.debug_info</name>
         <load_address>0x0</load_address>
         <run_address>0x0</run_address>
         <size>0x1699d</size>
         <contents>
            <object_component_ref idref="oc-f"/>
            <object_component_ref idref="oc-15"/>
            <object_component_ref idref="oc-1d"/>
            <object_component_ref idref="oc-23"/>
            <object_component_ref idref="oc-28"/>
            <object_component_ref idref="oc-2c"/>
            <object_component_ref idref="oc-32"/>
            <object_component_ref idref="oc-38"/>
            <object_component_ref idref="oc-3e"/>
            <object_component_ref idref="oc-44"/>
            <object_component_ref idref="oc-4a"/>
            <object_component_ref idref="oc-52"/>
            <object_component_ref idref="oc-5f"/>
            <object_component_ref idref="oc-63"/>
            <object_component_ref idref="oc-66"/>
            <object_component_ref idref="oc-6b"/>
            <object_component_ref idref="oc-70"/>
            <object_component_ref idref="oc-73"/>
            <object_component_ref idref="oc-76"/>
            <object_component_ref idref="oc-79"/>
            <object_component_ref idref="oc-7c"/>
            <object_component_ref idref="oc-7f"/>
            <object_component_ref idref="oc-82"/>
            <object_component_ref idref="oc-87"/>
            <object_component_ref idref="oc-8a"/>
            <object_component_ref idref="oc-8d"/>
            <object_component_ref idref="oc-90"/>
            <object_component_ref idref="oc-93"/>
            <object_component_ref idref="oc-96"/>
            <object_component_ref idref="oc-99"/>
            <object_component_ref idref="oc-9d"/>
            <object_component_ref idref="oc-a0"/>
            <object_component_ref idref="oc-a3"/>
            <object_component_ref idref="oc-e3"/>
         </contents>
      </logical_group>
      <logical_group id="lg-d9">
         <name>.debug_frame</name>
         <load_address>0x0</load_address>
         <run_address>0x0</run_address>
         <size>0x25a4</size>
         <contents>
            <object_component_ref idref="oc-12"/>
            <object_component_ref idref="oc-1a"/>
            <object_component_ref idref="oc-20"/>
            <object_component_ref idref="oc-25"/>
            <object_component_ref idref="oc-29"/>
            <object_component_ref idref="oc-2f"/>
            <object_component_ref idref="oc-35"/>
            <object_component_ref idref="oc-3b"/>
            <object_component_ref idref="oc-41"/>
            <object_component_ref idref="oc-47"/>
            <object_component_ref idref="oc-4d"/>
         </contents>
      </logical_group>
      <logical_group id="lg-db">
         <name>.debug_line</name>
         <load_address>0x0</load_address>
         <run_address>0x0</run_address>
         <size>0x29a6</size>
         <contents>
            <object_component_ref idref="oc-13"/>
            <object_component_ref idref="oc-1b"/>
            <object_component_ref idref="oc-21"/>
            <object_component_ref idref="oc-26"/>
            <object_component_ref idref="oc-2a"/>
            <object_component_ref idref="oc-30"/>
            <object_component_ref idref="oc-36"/>
            <object_component_ref idref="oc-3c"/>
            <object_component_ref idref="oc-42"/>
            <object_component_ref idref="oc-48"/>
            <object_component_ref idref="oc-4e"/>
            <object_component_ref idref="oc-53"/>
            <object_component_ref idref="oc-61"/>
            <object_component_ref idref="oc-64"/>
            <object_component_ref idref="oc-69"/>
            <object_component_ref idref="oc-6e"/>
            <object_component_ref idref="oc-71"/>
            <object_component_ref idref="oc-74"/>
            <object_component_ref idref="oc-77"/>
            <object_component_ref idref="oc-7a"/>
            <object_component_ref idref="oc-7d"/>
            <object_component_ref idref="oc-80"/>
            <object_component_ref idref="oc-85"/>
            <object_component_ref idref="oc-88"/>
            <object_component_ref idref="oc-8b"/>
            <object_component_ref idref="oc-8e"/>
            <object_component_ref idref="oc-91"/>
            <object_component_ref idref="oc-94"/>
            <object_component_ref idref="oc-97"/>
            <object_component_ref idref="oc-9e"/>
            <object_component_ref idref="oc-a1"/>
            <object_component_ref idref="oc-a4"/>
         </contents>
      </logical_group>
      <logical_group id="lg-dd">
         <name>.debug_abbrev</name>
         <load_address>0x0</load_address>
         <run_address>0x0</run_address>
         <size>0x1dca</size>
         <contents>
            <object_component_ref idref="oc-14"/>
            <object_component_ref idref="oc-1c"/>
            <object_component_ref idref="oc-22"/>
            <object_component_ref idref="oc-27"/>
            <object_component_ref idref="oc-2b"/>
            <object_component_ref idref="oc-31"/>
            <object_component_ref idref="oc-37"/>
            <object_component_ref idref="oc-3d"/>
            <object_component_ref idref="oc-43"/>
            <object_component_ref idref="oc-49"/>
            <object_component_ref idref="oc-4f"/>
            <object_component_ref idref="oc-54"/>
            <object_component_ref idref="oc-62"/>
            <object_component_ref idref="oc-65"/>
            <object_component_ref idref="oc-6a"/>
            <object_component_ref idref="oc-6f"/>
            <object_component_ref idref="oc-72"/>
            <object_component_ref idref="oc-75"/>
            <object_component_ref idref="oc-78"/>
            <object_component_ref idref="oc-7b"/>
            <object_component_ref idref="oc-7e"/>
            <object_component_ref idref="oc-81"/>
            <object_component_ref idref="oc-86"/>
            <object_component_ref idref="oc-89"/>
            <object_component_ref idref="oc-8c"/>
            <object_component_ref idref="oc-8f"/>
            <object_component_ref idref="oc-92"/>
            <object_component_ref idref="oc-95"/>
            <object_component_ref idref="oc-98"/>
            <object_component_ref idref="oc-9c"/>
            <object_component_ref idref="oc-9f"/>
            <object_component_ref idref="oc-a2"/>
            <object_component_ref idref="oc-a5"/>
            <object_component_ref idref="oc-e4"/>
         </contents>
      </logical_group>
      <logical_group id="lg-df">
         <name>$BRID</name>
         <load_address>0x0</load_address>
         <run_address>0x0</run_address>
         <size>0x154</size>
         <contents>
            <object_component_ref idref="oc-58"/>
            <object_component_ref idref="oc-5b"/>
            <object_component_ref idref="oc-5e"/>
         </contents>
      </logical_group>
   </logical_group_list>
   <placement_map>
      <memory_area>
         <name>IVECS</name>
         <page_id>0x0</page_id>
         <origin>0x0</origin>
         <length>0x220</length>
         <used_space>0x200</used_space>
         <unused_space>0x20</unused_space>
         <attributes>RWIX</attributes>
         <usage_details>
            <allocated_space>
               <start_address>0x0</start_address>
               <size>0x200</size>
               <logical_group_ref idref="lg-3"/>
            </allocated_space>
            <available_space>
               <start_address>0x200</start_address>
               <size>0x20</size>
            </available_space>
         </usage_details>
      </memory_area>
      <memory_area>
         <name>IRAM</name>
         <page_id>0x0</page_id>
         <origin>0x220</origin>
         <length>0x2fde0</length>
         <used_space>0xc630</used_space>
         <unused_space>0x237b0</unused_space>
         <attributes>RWIX</attributes>
         <usage_details>
            <allocated_space>
               <start_address>0x220</start_address>
               <size>0x0</size>
               <logical_group_ref idref="lg-5"/>
            </allocated_space>
            <allocated_space>
               <start_address>0x220</start_address>
               <size>0xb180</size>
               <logical_group_ref idref="lg-4"/>
            </allocated_space>
            <allocated_space>
               <start_address>0xb3a0</start_address>
               <size>0x800</size>
               <logical_group_ref idref="lg-7"/>
            </allocated_space>
            <allocated_space>
               <start_address>0xbba0</start_address>
               <size>0x7bc</size>
               <logical_group_ref idref="lg-b"/>
            </allocated_space>
            <available_space>
               <start_address>0xc35c</start_address>
               <size>0x4</size>
            </available_space>
            <allocated_space>
               <start_address>0xc360</start_address>
               <size>0x3ec</size>
               <logical_group_ref idref="lg-6"/>
            </allocated_space>
            <allocated_space>
               <start_address>0xc74c</start_address>
               <size>0x108</size>
               <logical_group_ref idref="lg-9"/>
            </allocated_space>
            <available_space>
               <start_address>0xc854</start_address>
               <size>0x237ac</size>
            </available_space>
         </usage_details>
      </memory_area>
      <memory_area>
         <name>SDRAM</name>
         <page_id>0x0</page_id>
         <origin>0x80000000</origin>
         <length>0x1000000</length>
         <used_space>0x75300</used_space>
         <unused_space>0xf8ad00</unused_space>
         <attributes>RWIX</attributes>
         <usage_details>
            <allocated_space>
               <start_address>0x80000000</start_address>
               <size>0x75300</size>
               <logical_group_ref idref="lg-2"/>
            </allocated_space>
            <available_space>
               <start_address>0x80075300</start_address>
               <size>0xf8ad00</size>
            </available_space>
         </usage_details>
      </memory_area>
      <memory_area>
         <name>FLASH</name>
         <page_id>0x0</page_id>
         <origin>0x90000000</origin>
         <length>0x20000</length>
         <used_space>0x0</used_space>
         <unused_space>0x20000</unused_space>
         <attributes>RWIX</attributes>
         <usage_details>
         </usage_details>
      </memory_area>
   </placement_map>
   <symbol_table>
      <symbol id="sm-0">
         <name>cinit</name>
         <value>0xc360</value>
      </symbol>
      <symbol id="sm-1">
         <name>___cinit__</name>
         <value>0xc360</value>
      </symbol>
      <symbol id="sm-2">
         <name>pinit</name>
         <value>0xffffffff</value>
      </symbol>
      <symbol id="sm-3">
         <name>___pinit__</name>
         <value>0xffffffff</value>
      </symbol>
      <symbol id="sm-4">
         <name>binit</name>
         <value>0xffffffff</value>
      </symbol>
      <symbol id="sm-5">
         <name>___binit__</name>
         <value>0xffffffff</value>
      </symbol>
      <symbol id="sm-6">
         <name>__STACK_SIZE</name>
         <value>0x800</value>
      </symbol>
      <symbol id="sm-7">
         <name>__STACK_END</name>
         <value>0xbba0</value>
      </symbol>
      <symbol id="sm-8">
         <name>___c_args__</name>
         <value>0xffffffff</value>
      </symbol>
      <symbol id="sm-9">
         <name>.text</name>
         <value>0x220</value>
      </symbol>
      <symbol id="sm-a">
         <name>___text__</name>
         <value>0x220</value>
      </symbol>
      <symbol id="sm-b">
         <name>etext</name>
         <value>0xb3a0</value>
      </symbol>
      <symbol id="sm-c">
         <name>___etext__</name>
         <value>0xb3a0</value>
      </symbol>
      <symbol id="sm-d">
         <name>.bss</name>
         <value>0x220</value>
      </symbol>
      <symbol id="sm-e">
         <name>___bss__</name>
         <value>0x220</value>
      </symbol>
      <symbol id="sm-f">
         <name>end</name>
         <value>0x220</value>
      </symbol>
      <symbol id="sm-10">
         <name>___end__</name>
         <value>0x220</value>
      </symbol>
      <symbol id="sm-11">
         <name>___TI_pprof_out_hndl</name>
         <value>0xffffffff</value>
      </symbol>
      <symbol id="sm-12">
         <name>___TI_prof_data_start</name>
         <value>0xffffffff</value>
      </symbol>
      <symbol id="sm-13">
         <name>___TI_prof_data_size</name>
         <value>0xffffffff</value>
      </symbol>
      <symbol id="sm-14">
         <name>$bss</name>
         <value>0x220</value>
      </symbol>
      <symbol id="sm-12f">
         <name>_disk_status</name>
         <value>0x64c0</value>
         <object_component_ref idref="oc-c3"/>
      </symbol>
      <symbol id="sm-130">
         <name>_disk_initialize</name>
         <value>0x72ec</value>
         <object_component_ref idref="oc-c3"/>
      </symbol>
      <symbol id="sm-131">
         <name>_disk_ioctl</name>
         <value>0x70f4</value>
         <object_component_ref idref="oc-c3"/>
      </symbol>
      <symbol id="sm-132">
         <name>_disk_read</name>
         <value>0x6fc4</value>
         <object_component_ref idref="oc-c3"/>
      </symbol>
      <symbol id="sm-133">
         <name>_disk_write</name>
         <value>0x6c64</value>
         <object_component_ref idref="oc-c3"/>
      </symbol>
      <symbol id="sm-15a">
         <name>_FatFs</name>
         <value>0xbba8</value>
         <object_component_ref idref="oc-17"/>
      </symbol>
      <symbol id="sm-15b">
         <name>_main</name>
         <value>0x8fe0</value>
         <object_component_ref idref="oc-ad"/>
      </symbol>
      <symbol id="sm-15c">
         <name>_c_int11</name>
         <value>0xa1a0</value>
         <object_component_ref idref="oc-18"/>
      </symbol>
      <symbol id="sm-15d">
         <name>_c_int10</name>
         <value>0xa28c</value>
         <object_component_ref idref="oc-18"/>
      </symbol>
      <symbol id="sm-15e">
         <name>_WaveFile</name>
         <value>0xc050</value>
         <object_component_ref idref="oc-17"/>
      </symbol>
      <symbol id="sm-15f">
         <name>_Fil</name>
         <value>0xbe00</value>
         <object_component_ref idref="oc-17"/>
      </symbol>
      <symbol id="sm-160">
         <name>_resultado</name>
         <value>0xc048</value>
         <object_component_ref idref="oc-17"/>
      </symbol>
      <symbol id="sm-161">
         <name>_bw</name>
         <value>0xc04c</value>
         <object_component_ref idref="oc-17"/>
      </symbol>
      <symbol id="sm-162">
         <name>_cuentas</name>
         <value>0xbba0</value>
         <object_component_ref idref="oc-17"/>
      </symbol>
      <symbol id="sm-163">
         <name>_j</name>
         <value>0xbba4</value>
         <object_component_ref idref="oc-17"/>
      </symbol>
      <symbol id="sm-4fc">
         <name>_f_lseek</name>
         <value>0x5a8c</value>
         <object_component_ref idref="oc-b4"/>
      </symbol>
      <symbol id="sm-4fd">
         <name>_f_open</name>
         <value>0x4ee0</value>
         <object_component_ref idref="oc-b4"/>
      </symbol>
      <symbol id="sm-4fe">
         <name>_f_truncate</name>
         <value>0x3658</value>
         <object_component_ref idref="oc-b4"/>
      </symbol>
      <symbol id="sm-4ff">
         <name>_f_read</name>
         <value>0x4704</value>
         <object_component_ref idref="oc-b4"/>
      </symbol>
      <symbol id="sm-500">
         <name>_f_mount</name>
         <value>0x55b0</value>
         <object_component_ref idref="oc-b4"/>
      </symbol>
      <symbol id="sm-501">
         <name>_f_close</name>
         <value>0x6454</value>
         <object_component_ref idref="oc-b4"/>
      </symbol>
      <symbol id="sm-502">
         <name>_f_stat</name>
         <value>0x3b7c</value>
         <object_component_ref idref="oc-b4"/>
      </symbol>
      <symbol id="sm-503">
         <name>_f_opendir</name>
         <value>0x4d68</value>
         <object_component_ref idref="oc-b4"/>
      </symbol>
      <symbol id="sm-504">
         <name>_f_mkdir</name>
         <value>0x565c</value>
         <object_component_ref idref="oc-b4"/>
      </symbol>
      <symbol id="sm-505">
         <name>_f_unlink</name>
         <value>0x3420</value>
         <object_component_ref idref="oc-b4"/>
      </symbol>
      <symbol id="sm-506">
         <name>_f_readdir</name>
         <value>0x4624</value>
         <object_component_ref idref="oc-b4"/>
      </symbol>
      <symbol id="sm-507">
         <name>_f_closedir</name>
         <value>0x6414</value>
         <object_component_ref idref="oc-b4"/>
      </symbol>
      <symbol id="sm-508">
         <name>_f_write</name>
         <value>0xe30</value>
         <object_component_ref idref="oc-b4"/>
      </symbol>
      <symbol id="sm-509">
         <name>_f_sync</name>
         <value>0x3864</value>
         <object_component_ref idref="oc-b4"/>
      </symbol>
      <symbol id="sm-50a">
         <name>_f_getfree</name>
         <value>0x6040</value>
         <object_component_ref idref="oc-b4"/>
      </symbol>
      <symbol id="sm-50b">
         <name>_f_rename</name>
         <value>0x3f40</value>
         <object_component_ref idref="oc-b4"/>
      </symbol>
      <symbol id="sm-534">
         <name>_DSK6713_AIC23_setFreq</name>
         <value>0xaf60</value>
         <object_component_ref idref="oc-c0"/>
      </symbol>
      <symbol id="sm-559">
         <name>_DSK6713_AIC23_rget</name>
         <value>0xa0f8</value>
         <object_component_ref idref="oc-c1"/>
      </symbol>
      <symbol id="sm-55a">
         <name>_DSK6713_AIC23_config</name>
         <value>0xa11c</value>
         <object_component_ref idref="oc-c1"/>
      </symbol>
      <symbol id="sm-55b">
         <name>_DSK6713_AIC23_rset</name>
         <value>0xa020</value>
         <object_component_ref idref="oc-c1"/>
      </symbol>
      <symbol id="sm-576">
         <name>_DSK6713_AIC23_codecdatahandle</name>
         <value>0xc344</value>
         <object_component_ref idref="oc-39"/>
      </symbol>
      <symbol id="sm-577">
         <name>_DSK6713_AIC23_openCodec</name>
         <value>0x8cc0</value>
         <object_component_ref idref="oc-bf"/>
      </symbol>
      <symbol id="sm-578">
         <name>_DSK6713_AIC23_codeccontrolhandle</name>
         <value>0xc340</value>
         <object_component_ref idref="oc-39"/>
      </symbol>
      <symbol id="sm-5a2">
         <name>_DSK6713_version</name>
         <value>0xc34e</value>
         <object_component_ref idref="oc-3f"/>
      </symbol>
      <symbol id="sm-5a3">
         <name>_DSK6713_rget</name>
         <value>0x85fc</value>
         <object_component_ref idref="oc-b2"/>
      </symbol>
      <symbol id="sm-5a4">
         <name>_DSK6713_wait</name>
         <value>0x8520</value>
         <object_component_ref idref="oc-b2"/>
      </symbol>
      <symbol id="sm-5a5">
         <name>_DSK6713_getVersion</name>
         <value>0x8690</value>
         <object_component_ref idref="oc-b2"/>
      </symbol>
      <symbol id="sm-5a6">
         <name>_DSK6713_rset</name>
         <value>0x85e8</value>
         <object_component_ref idref="oc-b2"/>
      </symbol>
      <symbol id="sm-5a7">
         <name>_DSK6713_init</name>
         <value>0x86ec</value>
         <object_component_ref idref="oc-b2"/>
      </symbol>
      <symbol id="sm-5a8">
         <name>_DSK6713_waitusec</name>
         <value>0x85b4</value>
         <object_component_ref idref="oc-b2"/>
      </symbol>
      <symbol id="sm-5c1">
         <name>_Timer_Config</name>
         <value>0xc1f8</value>
         <object_component_ref idref="oc-46"/>
      </symbol>
      <symbol id="sm-5c2">
         <name>_MCBSP0_to_SPI_Config</name>
         <value>0xc1b8</value>
         <object_component_ref idref="oc-46"/>
      </symbol>
      <symbol id="sm-5c3">
         <name>_Interrup_init</name>
         <value>0x83f8</value>
         <object_component_ref idref="oc-b3"/>
      </symbol>
      <symbol id="sm-5c4">
         <name>_GPIO_Handler</name>
         <value>0xc20c</value>
         <object_component_ref idref="oc-46"/>
      </symbol>
      <symbol id="sm-5c5">
         <name>_MCBSP_Codec_init</name>
         <value>0x82b8</value>
         <object_component_ref idref="oc-b3"/>
      </symbol>
      <symbol id="sm-5c6">
         <name>_MCBSP1_to_Codec_Config</name>
         <value>0xc198</value>
         <object_component_ref idref="oc-46"/>
      </symbol>
      <symbol id="sm-5c7">
         <name>_Timer_init</name>
         <value>0x7fc0</value>
         <object_component_ref idref="oc-b3"/>
      </symbol>
      <symbol id="sm-5c8">
         <name>_MCBSP1_to_GPIO_Config</name>
         <value>0xc1d8</value>
         <object_component_ref idref="oc-46"/>
      </symbol>
      <symbol id="sm-5c9">
         <name>_Codec_Config</name>
         <value>0xc170</value>
         <object_component_ref idref="oc-46"/>
      </symbol>
      <symbol id="sm-5ca">
         <name>_hAIC23_handle</name>
         <value>0xc204</value>
         <object_component_ref idref="oc-46"/>
      </symbol>
      <symbol id="sm-5cb">
         <name>_SPI_Handler</name>
         <value>0xc208</value>
         <object_component_ref idref="oc-46"/>
      </symbol>
      <symbol id="sm-5cc">
         <name>_Timer_Handler</name>
         <value>0xc210</value>
         <object_component_ref idref="oc-46"/>
      </symbol>
      <symbol id="sm-5cd">
         <name>_CodecEventId</name>
         <value>0xc214</value>
         <object_component_ref idref="oc-46"/>
      </symbol>
      <symbol id="sm-5ce">
         <name>_MCBSP_SPI_init</name>
         <value>0x80c4</value>
         <object_component_ref idref="oc-b3"/>
      </symbol>
      <symbol id="sm-5cf">
         <name>_SPIEventId</name>
         <value>0xc21c</value>
         <object_component_ref idref="oc-46"/>
      </symbol>
      <symbol id="sm-5d0">
         <name>_TimerEventId</name>
         <value>0xc218</value>
         <object_component_ref idref="oc-46"/>
      </symbol>
      <symbol id="sm-5ea">
         <name>_Input_data</name>
         <value>0x9b30</value>
         <object_component_ref idref="oc-a9"/>
      </symbol>
      <symbol id="sm-5eb">
         <name>_sweep_signal</name>
         <value>0x80000000</value>
         <object_component_ref idref="oc-4b"/>
      </symbol>
      <symbol id="sm-5ec">
         <name>_Sweep</name>
         <value>0x9a40</value>
         <object_component_ref idref="oc-a9"/>
      </symbol>
      <symbol id="sm-5ed">
         <name>_play_codec</name>
         <value>0x99b0</value>
         <object_component_ref idref="oc-a9"/>
      </symbol>
      <symbol id="sm-5ee">
         <name>_AIC_data</name>
         <value>0xc350</value>
         <object_component_ref idref="oc-4c"/>
      </symbol>
      <symbol id="sm-5ef">
         <name>_Output_data</name>
         <value>0x9960</value>
         <object_component_ref idref="oc-a9"/>
      </symbol>
      <symbol id="sm-5fd">
         <name>_vector12</name>
         <value>0x180</value>
         <object_component_ref idref="oc-51"/>
      </symbol>
      <symbol id="sm-5fe">
         <name>_vector13</name>
         <value>0x1a0</value>
         <object_component_ref idref="oc-51"/>
      </symbol>
      <symbol id="sm-5ff">
         <name>_vector14</name>
         <value>0x1c0</value>
         <object_component_ref idref="oc-51"/>
      </symbol>
      <symbol id="sm-600">
         <name>_vector15</name>
         <value>0x1e0</value>
         <object_component_ref idref="oc-51"/>
      </symbol>
      <symbol id="sm-601">
         <name>_vectors</name>
         <value>0x0</value>
         <object_component_ref idref="oc-51"/>
      </symbol>
      <symbol id="sm-602">
         <name>_vector1</name>
         <value>0x20</value>
         <object_component_ref idref="oc-51"/>
      </symbol>
      <symbol id="sm-603">
         <name>_vector3</name>
         <value>0x60</value>
         <object_component_ref idref="oc-51"/>
      </symbol>
      <symbol id="sm-604">
         <name>_vector2</name>
         <value>0x40</value>
         <object_component_ref idref="oc-51"/>
      </symbol>
      <symbol id="sm-605">
         <name>_vector5</name>
         <value>0xa0</value>
         <object_component_ref idref="oc-51"/>
      </symbol>
      <symbol id="sm-606">
         <name>_vector4</name>
         <value>0x80</value>
         <object_component_ref idref="oc-51"/>
      </symbol>
      <symbol id="sm-607">
         <name>_vector7</name>
         <value>0xe0</value>
         <object_component_ref idref="oc-51"/>
      </symbol>
      <symbol id="sm-608">
         <name>_vector6</name>
         <value>0xc0</value>
         <object_component_ref idref="oc-51"/>
      </symbol>
      <symbol id="sm-609">
         <name>_vector9</name>
         <value>0x120</value>
         <object_component_ref idref="oc-51"/>
      </symbol>
      <symbol id="sm-60a">
         <name>_vector8</name>
         <value>0x100</value>
         <object_component_ref idref="oc-51"/>
      </symbol>
      <symbol id="sm-618">
         <name>__IRQ_eventTable</name>
         <value>0xc0a4</value>
         <object_component_ref idref="oc-57"/>
      </symbol>
      <symbol id="sm-619">
         <name>__IRQ_intTable</name>
         <value>0xc128</value>
         <object_component_ref idref="oc-57"/>
      </symbol>
      <symbol id="sm-61a">
         <name>_IRQ_map</name>
         <value>0x9b80</value>
         <object_component_ref idref="oc-c2"/>
      </symbol>
      <symbol id="sm-61b">
         <name>__IRQ_dispatchTable</name>
         <value>0xc168</value>
         <object_component_ref idref="oc-57"/>
      </symbol>
      <symbol id="sm-61c">
         <name>__IRQ_hookFetchPacket</name>
         <value>0xb380</value>
         <object_component_ref idref="oc-55"/>
      </symbol>
      <symbol id="sm-62a">
         <name>_MCBSP_reset</name>
         <value>0x9d20</value>
         <object_component_ref idref="oc-c8"/>
      </symbol>
      <symbol id="sm-62b">
         <name>_MCBSP_open</name>
         <value>0xab40</value>
         <object_component_ref idref="oc-bd"/>
      </symbol>
      <symbol id="sm-62c">
         <name>__MCBSP_hDev0</name>
         <value>0xc290</value>
         <object_component_ref idref="oc-5a"/>
      </symbol>
      <symbol id="sm-62d">
         <name>__MCBSP_hDev1</name>
         <value>0xc294</value>
         <object_component_ref idref="oc-5a"/>
      </symbol>
      <symbol id="sm-62e">
         <name>_MCBSP_start</name>
         <value>0xa940</value>
         <object_component_ref idref="oc-be"/>
      </symbol>
      <symbol id="sm-63a">
         <name>_TIMER_reset</name>
         <value>0xa700</value>
         <object_component_ref idref="oc-c7"/>
      </symbol>
      <symbol id="sm-63b">
         <name>_TIMER_open</name>
         <value>0xa320</value>
         <object_component_ref idref="oc-bc"/>
      </symbol>
      <symbol id="sm-63c">
         <name>__TIMER_hDev0</name>
         <value>0xc308</value>
         <object_component_ref idref="oc-5d"/>
      </symbol>
      <symbol id="sm-63d">
         <name>__TIMER_hDev1</name>
         <value>0xc30c</value>
         <object_component_ref idref="oc-5d"/>
      </symbol>
      <symbol id="sm-63e">
         <name>__TIMER_hBios</name>
         <value>0xc310</value>
         <object_component_ref idref="oc-5d"/>
      </symbol>
      <symbol id="sm-63f">
         <name>__TIMER_deviceTable</name>
         <value>0xc2f0</value>
         <object_component_ref idref="oc-5d"/>
      </symbol>
      <symbol id="sm-64b">
         <name>_c_int00</name>
         <value>0xb1e0</value>
         <object_component_ref idref="oc-e"/>
      </symbol>
      <symbol id="sm-64c">
         <name>__stack</name>
         <value>0xb3a0</value>
         <object_component_ref idref="oc-60"/>
      </symbol>
      <symbol id="sm-656">
         <name>__divd</name>
         <value>0x78a0</value>
         <object_component_ref idref="oc-af"/>
      </symbol>
      <symbol id="sm-666">
         <name>C$$EXIT</name>
         <value>0xb360</value>
         <object_component_ref idref="oc-ae"/>
      </symbol>
      <symbol id="sm-667">
         <name>_exit</name>
         <value>0xac20</value>
         <object_component_ref idref="oc-a8"/>
      </symbol>
      <symbol id="sm-668">
         <name>___TI_enable_exit_profile_output</name>
         <value>0xc33c</value>
         <object_component_ref idref="oc-68"/>
      </symbol>
      <symbol id="sm-669">
         <name>_abort</name>
         <value>0xb360</value>
         <object_component_ref idref="oc-ae"/>
      </symbol>
      <symbol id="sm-66a">
         <name>__cleanup_ptr</name>
         <value>0xc334</value>
         <object_component_ref idref="oc-68"/>
      </symbol>
      <symbol id="sm-66b">
         <name>__dtors_ptr</name>
         <value>0xc338</value>
         <object_component_ref idref="oc-68"/>
      </symbol>
      <symbol id="sm-679">
         <name>_exp</name>
         <value>0x94c0</value>
         <object_component_ref idref="oc-b0"/>
      </symbol>
      <symbol id="sm-683">
         <name>__frcmpyd_div</name>
         <value>0xa480</value>
         <object_component_ref idref="oc-b6"/>
      </symbol>
      <symbol id="sm-68d">
         <name>__divul</name>
         <value>0x9260</value>
         <object_component_ref idref="oc-c4"/>
      </symbol>
      <symbol id="sm-697">
         <name>_ldexp</name>
         <value>0x9ea0</value>
         <object_component_ref idref="oc-b8"/>
      </symbol>
      <symbol id="sm-6a1">
         <name>__llshru</name>
         <value>0xb260</value>
         <object_component_ref idref="oc-b5"/>
      </symbol>
      <symbol id="sm-6ab">
         <name>_memset</name>
         <value>0xa820</value>
         <object_component_ref idref="oc-ca"/>
      </symbol>
      <symbol id="sm-6b5">
         <name>__mpyll</name>
         <value>0xb020</value>
         <object_component_ref idref="oc-c6"/>
      </symbol>
      <symbol id="sm-6c3">
         <name>_sin</name>
         <value>0x8980</value>
         <object_component_ref idref="oc-b1"/>
      </symbol>
      <symbol id="sm-6cb">
         <name>__c6xabi_strasgi</name>
         <value>0xa5c0</value>
         <object_component_ref idref="oc-bb"/>
      </symbol>
      <symbol id="sm-6cc">
         <name>__strasgi</name>
         <value>0xa5c0</value>
         <object_component_ref idref="oc-bb"/>
      </symbol>
      <symbol id="sm-6d6">
         <name>__trunc</name>
         <value>0xb300</value>
         <object_component_ref idref="oc-b7"/>
      </symbol>
      <symbol id="sm-6e0">
         <name>__args_main</name>
         <value>0xb2c0</value>
         <object_component_ref idref="oc-a7"/>
      </symbol>
      <symbol id="sm-6e1">
         <name>__TI_args_main</name>
         <value>0x1</value>
      </symbol>
      <symbol id="sm-6eb">
         <name>__auto_init</name>
         <value>0xaa40</value>
         <object_component_ref idref="oc-a6"/>
      </symbol>
      <symbol id="sm-6f5">
         <name>___TI_cpp_init</name>
         <value>0xb160</value>
         <object_component_ref idref="oc-ac"/>
      </symbol>
      <symbol id="sm-6ff">
         <name>_copy_in</name>
         <value>0xaea0</value>
         <object_component_ref idref="oc-aa"/>
      </symbol>
      <symbol id="sm-709">
         <name>_errno</name>
         <value>0xc354</value>
         <object_component_ref idref="oc-9b"/>
      </symbol>
      <symbol id="sm-713">
         <name>_memcpy</name>
         <value>0x9720</value>
         <object_component_ref idref="oc-ab"/>
      </symbol>
      <symbol id="sm-71d">
         <name>_modf</name>
         <value>0xad00</value>
         <object_component_ref idref="oc-ba"/>
      </symbol>
      <symbol id="sm-727">
         <name>__nround</name>
         <value>0xade0</value>
         <object_component_ref idref="oc-b9"/>
      </symbol>
   </symbol_table>
</link_info>
