<?xml version="1.0"?>
<link_info>
   <banner>TMS320C6x Linker PC v7.4.4</banner>
   <copyright>Copyright (c) 1996-2013 Texas Instruments Incorporated</copyright>
   <link_time>0x5c380c52</link_time>
   <output_file>Proyecto_DSK.out</output_file>
   <entry_point>
      <name>_c_int00</name>
      <address>0xaae0</address>
   </entry_point>
   <input_file_list>
      <input_file id="fl-2">
         <path>.\Sources\</path>
         <kind>object</kind>
         <file>sdmm.obj</file>
         <name>sdmm.obj</name>
      </input_file>
      <input_file id="fl-3">
         <path>.\Sources\</path>
         <kind>object</kind>
         <file>main.obj</file>
         <name>main.obj</name>
      </input_file>
      <input_file id="fl-4">
         <path>.\Sources\</path>
         <kind>object</kind>
         <file>ff.obj</file>
         <name>ff.obj</name>
      </input_file>
      <input_file id="fl-5">
         <path>.\Sources\</path>
         <kind>object</kind>
         <file>dsk6713_led.obj</file>
         <name>dsk6713_led.obj</name>
      </input_file>
      <input_file id="fl-6">
         <path>.\Sources\</path>
         <kind>object</kind>
         <file>dsk6713_dip.obj</file>
         <name>dsk6713_dip.obj</name>
      </input_file>
      <input_file id="fl-7">
         <path>.\Sources\</path>
         <kind>object</kind>
         <file>dsk6713_aic23_setfreq.obj</file>
         <name>dsk6713_aic23_setfreq.obj</name>
      </input_file>
      <input_file id="fl-8">
         <path>.\Sources\</path>
         <kind>object</kind>
         <file>dsk6713_aic23_registers.obj</file>
         <name>dsk6713_aic23_registers.obj</name>
      </input_file>
      <input_file id="fl-9">
         <path>.\Sources\</path>
         <kind>object</kind>
         <file>dsk6713_aic23_opencodec.obj</file>
         <name>dsk6713_aic23_opencodec.obj</name>
      </input_file>
      <input_file id="fl-a">
         <path>.\Sources\</path>
         <kind>object</kind>
         <file>dsk6713.obj</file>
         <name>dsk6713.obj</name>
      </input_file>
      <input_file id="fl-b">
         <path>.\Sources\</path>
         <kind>object</kind>
         <file>SD.obj</file>
         <name>SD.obj</name>
      </input_file>
      <input_file id="fl-c">
         <path>.\Sources\</path>
         <kind>object</kind>
         <file>Resp_impulso.obj</file>
         <name>Resp_impulso.obj</name>
      </input_file>
      <input_file id="fl-d">
         <path>.\Sources\</path>
         <kind>object</kind>
         <file>Inicializaciones.obj</file>
         <name>Inicializaciones.obj</name>
      </input_file>
      <input_file id="fl-e">
         <path>.\Sources\</path>
         <kind>object</kind>
         <file>Codec.obj</file>
         <name>Codec.obj</name>
      </input_file>
      <input_file id="fl-f">
         <path>.\</path>
         <kind>object</kind>
         <file>Vectors_intr.obj</file>
         <name>Vectors_intr.obj</name>
      </input_file>
      <input_file id="fl-15">
         <path>C:\DSK6713\c6000\bios\lib\</path>
         <kind>archive</kind>
         <file>csl6713.lib</file>
         <name>csl_irq.obj</name>
      </input_file>
      <input_file id="fl-16">
         <path>C:\DSK6713\c6000\bios\lib\</path>
         <kind>archive</kind>
         <file>csl6713.lib</file>
         <name>csl_mcbsp.obj</name>
      </input_file>
      <input_file id="fl-17">
         <path>C:\DSK6713\c6000\bios\lib\</path>
         <kind>archive</kind>
         <file>csl6713.lib</file>
         <name>csl_timer.obj</name>
      </input_file>
      <input_file id="fl-8f">
         <path>C:\ti\ccsv5\tools\compiler\c6000_7.4.4\lib\</path>
         <kind>archive</kind>
         <file>rts6700.lib</file>
         <name>boot.obj</name>
      </input_file>
      <input_file id="fl-90">
         <path>C:\ti\ccsv5\tools\compiler\c6000_7.4.4\lib\</path>
         <kind>archive</kind>
         <file>rts6700.lib</file>
         <name>cos.obj</name>
      </input_file>
      <input_file id="fl-91">
         <path>C:\ti\ccsv5\tools\compiler\c6000_7.4.4\lib\</path>
         <kind>archive</kind>
         <file>rts6700.lib</file>
         <name>divd.obj</name>
      </input_file>
      <input_file id="fl-92">
         <path>C:\ti\ccsv5\tools\compiler\c6000_7.4.4\lib\</path>
         <kind>archive</kind>
         <file>rts6700.lib</file>
         <name>divf.obj</name>
      </input_file>
      <input_file id="fl-93">
         <path>C:\ti\ccsv5\tools\compiler\c6000_7.4.4\lib\</path>
         <kind>archive</kind>
         <file>rts6700.lib</file>
         <name>divu.obj</name>
      </input_file>
      <input_file id="fl-94">
         <path>C:\ti\ccsv5\tools\compiler\c6000_7.4.4\lib\</path>
         <kind>archive</kind>
         <file>rts6700.lib</file>
         <name>exit.obj</name>
      </input_file>
      <input_file id="fl-95">
         <path>C:\ti\ccsv5\tools\compiler\c6000_7.4.4\lib\</path>
         <kind>archive</kind>
         <file>rts6700.lib</file>
         <name>frcmpyd_div.obj</name>
      </input_file>
      <input_file id="fl-96">
         <path>C:\ti\ccsv5\tools\compiler\c6000_7.4.4\lib\</path>
         <kind>archive</kind>
         <file>rts6700.lib</file>
         <name>imath40.obj</name>
      </input_file>
      <input_file id="fl-97">
         <path>C:\ti\ccsv5\tools\compiler\c6000_7.4.4\lib\</path>
         <kind>archive</kind>
         <file>rts6700.lib</file>
         <name>llshift.obj</name>
      </input_file>
      <input_file id="fl-98">
         <path>C:\ti\ccsv5\tools\compiler\c6000_7.4.4\lib\</path>
         <kind>archive</kind>
         <file>rts6700.lib</file>
         <name>memset.obj</name>
      </input_file>
      <input_file id="fl-99">
         <path>C:\ti\ccsv5\tools\compiler\c6000_7.4.4\lib\</path>
         <kind>archive</kind>
         <file>rts6700.lib</file>
         <name>modf.obj</name>
      </input_file>
      <input_file id="fl-9a">
         <path>C:\ti\ccsv5\tools\compiler\c6000_7.4.4\lib\</path>
         <kind>archive</kind>
         <file>rts6700.lib</file>
         <name>mpyll.obj</name>
      </input_file>
      <input_file id="fl-9b">
         <path>C:\ti\ccsv5\tools\compiler\c6000_7.4.4\lib\</path>
         <kind>archive</kind>
         <file>rts6700.lib</file>
         <name>round.obj</name>
      </input_file>
      <input_file id="fl-9c">
         <path>C:\ti\ccsv5\tools\compiler\c6000_7.4.4\lib\</path>
         <kind>archive</kind>
         <file>rts6700.lib</file>
         <name>sin.obj</name>
      </input_file>
      <input_file id="fl-9d">
         <path>C:\ti\ccsv5\tools\compiler\c6000_7.4.4\lib\</path>
         <kind>archive</kind>
         <file>rts6700.lib</file>
         <name>strasg.obj</name>
      </input_file>
      <input_file id="fl-9e">
         <path>C:\ti\ccsv5\tools\compiler\c6000_7.4.4\lib\</path>
         <kind>archive</kind>
         <file>rts6700.lib</file>
         <name>trunc.obj</name>
      </input_file>
      <input_file id="fl-9f">
         <path>C:\ti\ccsv5\tools\compiler\c6000_7.4.4\lib\</path>
         <kind>archive</kind>
         <file>rts6700.lib</file>
         <name>args_main.obj</name>
      </input_file>
      <input_file id="fl-a0">
         <path>C:\ti\ccsv5\tools\compiler\c6000_7.4.4\lib\</path>
         <kind>archive</kind>
         <file>rts6700.lib</file>
         <name>autoinit.obj</name>
      </input_file>
      <input_file id="fl-a1">
         <path>C:\ti\ccsv5\tools\compiler\c6000_7.4.4\lib\</path>
         <kind>archive</kind>
         <file>rts6700.lib</file>
         <name>cpp_init.obj</name>
      </input_file>
      <input_file id="fl-a2">
         <path>C:\ti\ccsv5\tools\compiler\c6000_7.4.4\lib\</path>
         <kind>archive</kind>
         <file>rts6700.lib</file>
         <name>cpy_tbl.obj</name>
      </input_file>
      <input_file id="fl-a3">
         <path>C:\ti\ccsv5\tools\compiler\c6000_7.4.4\lib\</path>
         <kind>archive</kind>
         <file>rts6700.lib</file>
         <name>memcpy62.obj</name>
      </input_file>
   </input_file_list>
   <object_component_list>
      <object_component id="oc-17">
         <name>.EXT_RAM</name>
         <uninitialized>true</uninitialized>
         <run_address>0x80000000</run_address>
         <size>0xe00000</size>
         <input_file_ref idref="fl-3"/>
      </object_component>
      <object_component id="oc-5a">
         <name>.vecs</name>
         <load_address>0x0</load_address>
         <run_address>0x0</run_address>
         <size>0x200</size>
         <input_file_ref idref="fl-f"/>
      </object_component>
      <object_component id="oc-c9">
         <name>.text</name>
         <load_address>0x220</load_address>
         <run_address>0x220</run_address>
         <size>0x4f40</size>
         <input_file_ref idref="fl-4"/>
      </object_component>
      <object_component id="oc-d3">
         <name>.text</name>
         <load_address>0x5160</load_address>
         <run_address>0x5160</run_address>
         <size>0xec0</size>
         <input_file_ref idref="fl-2"/>
      </object_component>
      <object_component id="oc-bb">
         <name>.text</name>
         <load_address>0x6020</load_address>
         <run_address>0x6020</run_address>
         <size>0x820</size>
         <input_file_ref idref="fl-c"/>
      </object_component>
      <object_component id="oc-c5">
         <name>.text:__divd</name>
         <load_address>0x6840</load_address>
         <run_address>0x6840</run_address>
         <size>0x720</size>
         <input_file_ref idref="fl-91"/>
      </object_component>
      <object_component id="oc-ba">
         <name>.text</name>
         <load_address>0x6f60</load_address>
         <run_address>0x6f60</run_address>
         <size>0x5a0</size>
         <input_file_ref idref="fl-d"/>
      </object_component>
      <object_component id="oc-bc">
         <name>.text</name>
         <load_address>0x7500</load_address>
         <run_address>0x7500</run_address>
         <size>0x4e0</size>
         <input_file_ref idref="fl-b"/>
      </object_component>
      <object_component id="oc-b7">
         <name>.text</name>
         <load_address>0x79e0</load_address>
         <run_address>0x79e0</run_address>
         <size>0x420</size>
         <input_file_ref idref="fl-a"/>
      </object_component>
      <object_component id="oc-c6">
         <name>.text:_cos</name>
         <load_address>0x7e00</load_address>
         <run_address>0x7e00</run_address>
         <size>0x360</size>
         <input_file_ref idref="fl-90"/>
      </object_component>
      <object_component id="oc-c8">
         <name>.text:__divf</name>
         <load_address>0x8160</load_address>
         <run_address>0x8160</run_address>
         <size>0x340</size>
         <input_file_ref idref="fl-92"/>
      </object_component>
      <object_component id="oc-c7">
         <name>.text:_sin</name>
         <load_address>0x84a0</load_address>
         <run_address>0x84a0</run_address>
         <size>0x340</size>
         <input_file_ref idref="fl-9c"/>
      </object_component>
      <object_component id="oc-b5">
         <name>.text</name>
         <load_address>0x87e0</load_address>
         <run_address>0x87e0</run_address>
         <size>0x320</size>
         <input_file_ref idref="fl-3"/>
      </object_component>
      <object_component id="oc-c2">
         <name>.text</name>
         <load_address>0x8b00</load_address>
         <run_address>0x8b00</run_address>
         <size>0x300</size>
         <input_file_ref idref="fl-9"/>
      </object_component>
      <object_component id="oc-d4">
         <name>.text:__divul</name>
         <load_address>0x8e00</load_address>
         <run_address>0x8e00</run_address>
         <size>0x260</size>
         <input_file_ref idref="fl-96"/>
      </object_component>
      <object_component id="oc-b3">
         <name>.text:_memcpy</name>
         <load_address>0x9060</load_address>
         <run_address>0x9060</run_address>
         <size>0x240</size>
         <input_file_ref idref="fl-a3"/>
      </object_component>
      <object_component id="oc-19">
         <name>.text:retain</name>
         <load_address>0x92a0</load_address>
         <run_address>0x92a0</run_address>
         <size>0x1c0</size>
         <input_file_ref idref="fl-3"/>
      </object_component>
      <object_component id="oc-c1">
         <name>.text:_IRQ_map</name>
         <load_address>0x9460</load_address>
         <run_address>0x9460</run_address>
         <size>0x1a0</size>
         <input_file_ref idref="fl-15"/>
      </object_component>
      <object_component id="oc-cc">
         <name>.text:_MCBSP_reset</name>
         <load_address>0x9600</load_address>
         <run_address>0x9600</run_address>
         <size>0x180</size>
         <input_file_ref idref="fl-16"/>
      </object_component>
      <object_component id="oc-c4">
         <name>.text</name>
         <load_address>0x9780</load_address>
         <run_address>0x9780</run_address>
         <size>0x180</size>
         <input_file_ref idref="fl-8"/>
      </object_component>
      <object_component id="oc-b9">
         <name>.text</name>
         <load_address>0x9900</load_address>
         <run_address>0x9900</run_address>
         <size>0x180</size>
         <input_file_ref idref="fl-5"/>
      </object_component>
      <object_component id="oc-be">
         <name>.text:_TIMER_open</name>
         <load_address>0x9a80</load_address>
         <run_address>0x9a80</run_address>
         <size>0x160</size>
         <input_file_ref idref="fl-17"/>
      </object_component>
      <object_component id="oc-cf">
         <name>.text:__frcmpyd_div</name>
         <load_address>0x9be0</load_address>
         <run_address>0x9be0</run_address>
         <size>0x140</size>
         <input_file_ref idref="fl-95"/>
      </object_component>
      <object_component id="oc-bd">
         <name>.text:__strasgi</name>
         <load_address>0x9d20</load_address>
         <run_address>0x9d20</run_address>
         <size>0x140</size>
         <input_file_ref idref="fl-9d"/>
      </object_component>
      <object_component id="oc-cb">
         <name>.text:_TIMER_reset</name>
         <load_address>0x9e60</load_address>
         <run_address>0x9e60</run_address>
         <size>0x120</size>
         <input_file_ref idref="fl-17"/>
      </object_component>
      <object_component id="oc-d7">
         <name>.text:_memset</name>
         <load_address>0x9f80</load_address>
         <run_address>0x9f80</run_address>
         <size>0x120</size>
         <input_file_ref idref="fl-98"/>
      </object_component>
      <object_component id="oc-b1">
         <name>.text</name>
         <load_address>0xa0a0</load_address>
         <run_address>0xa0a0</run_address>
         <size>0x100</size>
         <input_file_ref idref="fl-e"/>
      </object_component>
      <object_component id="oc-c0">
         <name>.text:_MCBSP_start</name>
         <load_address>0xa1a0</load_address>
         <run_address>0xa1a0</run_address>
         <size>0x100</size>
         <input_file_ref idref="fl-16"/>
      </object_component>
      <object_component id="oc-ae">
         <name>.text:__auto_init</name>
         <load_address>0xa2a0</load_address>
         <run_address>0xa2a0</run_address>
         <size>0x100</size>
         <input_file_ref idref="fl-a0"/>
      </object_component>
      <object_component id="oc-bf">
         <name>.text:_MCBSP_open</name>
         <load_address>0xa3a0</load_address>
         <run_address>0xa3a0</run_address>
         <size>0xe0</size>
         <input_file_ref idref="fl-16"/>
      </object_component>
      <object_component id="oc-b0">
         <name>.text:_exit</name>
         <load_address>0xa480</load_address>
         <run_address>0xa480</run_address>
         <size>0xe0</size>
         <input_file_ref idref="fl-94"/>
      </object_component>
      <object_component id="oc-d2">
         <name>.text:_modf</name>
         <load_address>0xa560</load_address>
         <run_address>0xa560</run_address>
         <size>0xe0</size>
         <input_file_ref idref="fl-99"/>
      </object_component>
      <object_component id="oc-ca">
         <name>.text:__divu</name>
         <load_address>0xa640</load_address>
         <run_address>0xa640</run_address>
         <size>0xc0</size>
         <input_file_ref idref="fl-93"/>
      </object_component>
      <object_component id="oc-d1">
         <name>.text:__nround</name>
         <load_address>0xa700</load_address>
         <run_address>0xa700</run_address>
         <size>0xc0</size>
         <input_file_ref idref="fl-9b"/>
      </object_component>
      <object_component id="oc-b2">
         <name>.text:_copy_in</name>
         <load_address>0xa7c0</load_address>
         <run_address>0xa7c0</run_address>
         <size>0xc0</size>
         <input_file_ref idref="fl-a2"/>
      </object_component>
      <object_component id="oc-d6">
         <name>.text:__mpyll</name>
         <load_address>0xa880</load_address>
         <run_address>0xa880</run_address>
         <size>0xa0</size>
         <input_file_ref idref="fl-9a"/>
      </object_component>
      <object_component id="oc-cd">
         <name>.text:_setMux</name>
         <load_address>0xa920</load_address>
         <run_address>0xa920</run_address>
         <size>0xa0</size>
         <input_file_ref idref="fl-15"/>
      </object_component>
      <object_component id="oc-c3">
         <name>.text</name>
         <load_address>0xa9c0</load_address>
         <run_address>0xa9c0</run_address>
         <size>0xa0</size>
         <input_file_ref idref="fl-7"/>
      </object_component>
      <object_component id="oc-b4">
         <name>.text:___TI_cpp_init</name>
         <load_address>0xaa60</load_address>
         <run_address>0xaa60</run_address>
         <size>0x80</size>
         <input_file_ref idref="fl-a1"/>
      </object_component>
      <object_component id="oc-e">
         <name>.text:_c_int00</name>
         <load_address>0xaae0</load_address>
         <run_address>0xaae0</run_address>
         <size>0x80</size>
         <input_file_ref idref="fl-8f"/>
      </object_component>
      <object_component id="oc-ce">
         <name>.text:__llshru</name>
         <load_address>0xab60</load_address>
         <run_address>0xab60</run_address>
         <size>0x60</size>
         <input_file_ref idref="fl-97"/>
      </object_component>
      <object_component id="oc-b8">
         <name>.text</name>
         <load_address>0xabc0</load_address>
         <run_address>0xabc0</run_address>
         <size>0x60</size>
         <input_file_ref idref="fl-6"/>
      </object_component>
      <object_component id="oc-af">
         <name>.text:__args_main</name>
         <load_address>0xac20</load_address>
         <run_address>0xac20</run_address>
         <size>0x40</size>
         <input_file_ref idref="fl-9f"/>
      </object_component>
      <object_component id="oc-d0">
         <name>.text:__trunc</name>
         <load_address>0xac60</load_address>
         <run_address>0xac60</run_address>
         <size>0x40</size>
         <input_file_ref idref="fl-9e"/>
      </object_component>
      <object_component id="oc-59">
         <name>.text</name>
         <load_address>0xaca0</load_address>
         <run_address>0xaca0</run_address>
         <size>0x20</size>
         <input_file_ref idref="fl-f"/>
      </object_component>
      <object_component id="oc-b6">
         <name>.text:_abort</name>
         <load_address>0xacc0</load_address>
         <run_address>0xacc0</run_address>
         <size>0x20</size>
         <input_file_ref idref="fl-94"/>
      </object_component>
      <object_component id="oc-5e">
         <name>.text</name>
         <load_address>0xace0</load_address>
         <run_address>0xace0</run_address>
         <size>0x20</size>
         <input_file_ref idref="fl-15"/>
      </object_component>
      <object_component id="oc-5f">
         <name>.cinit</name>
         <load_address>0xb500</load_address>
         <run_address>0xb500</run_address>
         <size>0x12c</size>
         <input_file_ref idref="fl-15"/>
      </object_component>
      <object_component id="oc-4f">
         <name>.cinit</name>
         <load_address>0xb630</load_address>
         <run_address>0xb630</run_address>
         <size>0xbc</size>
         <input_file_ref idref="fl-d"/>
      </object_component>
      <object_component id="oc-62">
         <name>.cinit</name>
         <load_address>0xb6f0</load_address>
         <run_address>0xb6f0</run_address>
         <size>0x54</size>
         <input_file_ref idref="fl-16"/>
      </object_component>
      <object_component id="oc-65">
         <name>.cinit</name>
         <load_address>0xb748</load_address>
         <run_address>0xb748</run_address>
         <size>0x4c</size>
         <input_file_ref idref="fl-17"/>
      </object_component>
      <object_component id="oc-6d">
         <name>.cinit</name>
         <load_address>0xb798</load_address>
         <run_address>0xb798</run_address>
         <size>0x48</size>
         <input_file_ref idref="fl-90"/>
      </object_component>
      <object_component id="oc-95">
         <name>.cinit</name>
         <load_address>0xb7e0</load_address>
         <run_address>0xb7e0</run_address>
         <size>0x48</size>
         <input_file_ref idref="fl-9c"/>
      </object_component>
      <object_component id="oc-33">
         <name>.cinit</name>
         <load_address>0xb828</load_address>
         <run_address>0xb828</run_address>
         <size>0x30</size>
         <input_file_ref idref="fl-8"/>
      </object_component>
      <object_component id="oc-16">
         <name>.cinit</name>
         <load_address>0xb858</load_address>
         <run_address>0xb858</run_address>
         <size>0x2c</size>
         <input_file_ref idref="fl-3"/>
      </object_component>
      <object_component id="oc-7b">
         <name>.cinit</name>
         <load_address>0xb888</load_address>
         <run_address>0xb888</run_address>
         <size>0x2c</size>
         <input_file_ref idref="fl-94"/>
      </object_component>
      <object_component id="oc-2d">
         <name>.cinit</name>
         <load_address>0xb8b8</load_address>
         <run_address>0xb8b8</run_address>
         <size>0x28</size>
         <input_file_ref idref="fl-7"/>
      </object_component>
      <object_component id="oc-10">
         <name>.cinit</name>
         <load_address>0xb8e0</load_address>
         <run_address>0xb8e0</run_address>
         <size>0x9</size>
         <input_file_ref idref="fl-2"/>
      </object_component>
      <object_component id="oc-69">
         <name>.stack</name>
         <uninitialized>true</uninitialized>
         <run_address>0xad00</run_address>
         <size>0x8</size>
         <input_file_ref idref="fl-8f"/>
      </object_component>
      <object_component id="oc-ef">
         <name>.stack</name>
         <uninitialized>true</uninitialized>
         <run_address>0xad00</run_address>
         <size>0x0</size>
      </object_component>
      <object_component id="oc-d5">
         <name>.const:.string:_ExCvt</name>
         <load_address>0xbc24</load_address>
         <run_address>0xbc24</run_address>
         <size>0x80</size>
         <input_file_ref idref="fl-4"/>
      </object_component>
      <object_component id="oc-3a">
         <name>.const</name>
         <load_address>0xbca4</load_address>
         <run_address>0xbca4</run_address>
         <size>0x40</size>
         <input_file_ref idref="fl-9"/>
      </object_component>
      <object_component id="oc-40">
         <name>.const</name>
         <load_address>0xbce4</load_address>
         <run_address>0xbce4</run_address>
         <size>0x20</size>
         <input_file_ref idref="fl-a"/>
      </object_component>
      <object_component id="oc-1f">
         <name>.const:.string</name>
         <load_address>0xbd04</load_address>
         <run_address>0xbd04</run_address>
         <size>0x1c</size>
         <input_file_ref idref="fl-4"/>
      </object_component>
      <object_component id="oc-46">
         <name>.const:.string</name>
         <load_address>0xbd20</load_address>
         <run_address>0xbd20</run_address>
         <size>0xc</size>
         <input_file_ref idref="fl-b"/>
      </object_component>
      <object_component id="oc-11">
         <name>.far</name>
         <uninitialized>true</uninitialized>
         <run_address>0xbc22</run_address>
         <size>0x2</size>
         <input_file_ref idref="fl-2"/>
      </object_component>
      <object_component id="oc-18">
         <name>.far</name>
         <uninitialized>true</uninitialized>
         <run_address>0xbbf8</run_address>
         <size>0xc</size>
         <input_file_ref idref="fl-3"/>
      </object_component>
      <object_component id="oc-1e">
         <name>.far</name>
         <uninitialized>true</uninitialized>
         <run_address>0xbc18</run_address>
         <size>0x6</size>
         <input_file_ref idref="fl-4"/>
      </object_component>
      <object_component id="oc-24">
         <name>.far</name>
         <uninitialized>true</uninitialized>
         <run_address>0xbc20</run_address>
         <size>0x2</size>
         <input_file_ref idref="fl-5"/>
      </object_component>
      <object_component id="oc-2e">
         <name>.far</name>
         <uninitialized>true</uninitialized>
         <run_address>0xbbd8</run_address>
         <size>0x20</size>
         <input_file_ref idref="fl-7"/>
      </object_component>
      <object_component id="oc-34">
         <name>.far</name>
         <uninitialized>true</uninitialized>
         <run_address>0xbb8c</run_address>
         <size>0x28</size>
         <input_file_ref idref="fl-8"/>
      </object_component>
      <object_component id="oc-39">
         <name>.far</name>
         <uninitialized>true</uninitialized>
         <run_address>0xbc10</run_address>
         <size>0x8</size>
         <input_file_ref idref="fl-9"/>
      </object_component>
      <object_component id="oc-3f">
         <name>.far</name>
         <uninitialized>true</uninitialized>
         <run_address>0xbc1e</run_address>
         <size>0x2</size>
         <input_file_ref idref="fl-a"/>
      </object_component>
      <object_component id="oc-45">
         <name>.far</name>
         <uninitialized>true</uninitialized>
         <run_address>0xbb58</run_address>
         <size>0x34</size>
         <input_file_ref idref="fl-b"/>
      </object_component>
      <object_component id="oc-50">
         <name>.far</name>
         <uninitialized>true</uninitialized>
         <run_address>0xb9ec</run_address>
         <size>0xb0</size>
         <input_file_ref idref="fl-d"/>
      </object_component>
      <object_component id="oc-55">
         <name>.far</name>
         <uninitialized>true</uninitialized>
         <run_address>0xba9c</run_address>
         <size>0x4</size>
         <input_file_ref idref="fl-e"/>
      </object_component>
      <object_component id="oc-60">
         <name>.far</name>
         <uninitialized>true</uninitialized>
         <run_address>0xb8f8</run_address>
         <size>0xf4</size>
         <input_file_ref idref="fl-15"/>
      </object_component>
      <object_component id="oc-63">
         <name>.far</name>
         <uninitialized>true</uninitialized>
         <run_address>0xbb20</run_address>
         <size>0x38</size>
         <input_file_ref idref="fl-16"/>
      </object_component>
      <object_component id="oc-66">
         <name>.far</name>
         <uninitialized>true</uninitialized>
         <run_address>0xbbb4</run_address>
         <size>0x24</size>
         <input_file_ref idref="fl-17"/>
      </object_component>
      <object_component id="oc-6e">
         <name>.far</name>
         <uninitialized>true</uninitialized>
         <run_address>0xbaa0</run_address>
         <size>0x40</size>
         <input_file_ref idref="fl-90"/>
      </object_component>
      <object_component id="oc-7c">
         <name>.far</name>
         <uninitialized>true</uninitialized>
         <run_address>0xbc04</run_address>
         <size>0xc</size>
         <input_file_ref idref="fl-94"/>
      </object_component>
      <object_component id="oc-96">
         <name>.far</name>
         <uninitialized>true</uninitialized>
         <run_address>0xbae0</run_address>
         <size>0x40</size>
         <input_file_ref idref="fl-9c"/>
      </object_component>
      <object_component id="oc-f">
         <name>.debug_info</name>
         <load_address>0x0</load_address>
         <run_address>0x0</run_address>
         <size>0x1e50</size>
         <input_file_ref idref="fl-2"/>
      </object_component>
      <object_component id="oc-15">
         <name>.debug_info</name>
         <load_address>0x1e50</load_address>
         <run_address>0x1e50</run_address>
         <size>0xde4</size>
         <input_file_ref idref="fl-3"/>
      </object_component>
      <object_component id="oc-1d">
         <name>.debug_info</name>
         <load_address>0x2c34</load_address>
         <run_address>0x2c34</run_address>
         <size>0x5111</size>
         <input_file_ref idref="fl-4"/>
      </object_component>
      <object_component id="oc-23">
         <name>.debug_info</name>
         <load_address>0x7d45</load_address>
         <run_address>0x7d45</run_address>
         <size>0x921</size>
         <input_file_ref idref="fl-5"/>
      </object_component>
      <object_component id="oc-28">
         <name>.debug_info</name>
         <load_address>0x8666</load_address>
         <run_address>0x8666</run_address>
         <size>0x747</size>
         <input_file_ref idref="fl-6"/>
      </object_component>
      <object_component id="oc-2c">
         <name>.debug_info</name>
         <load_address>0x8dad</load_address>
         <run_address>0x8dad</run_address>
         <size>0x867</size>
         <input_file_ref idref="fl-7"/>
      </object_component>
      <object_component id="oc-32">
         <name>.debug_info</name>
         <load_address>0x9614</load_address>
         <run_address>0x9614</run_address>
         <size>0xc35</size>
         <input_file_ref idref="fl-8"/>
      </object_component>
      <object_component id="oc-38">
         <name>.debug_info</name>
         <load_address>0xa249</load_address>
         <run_address>0xa249</run_address>
         <size>0xb9e</size>
         <input_file_ref idref="fl-9"/>
      </object_component>
      <object_component id="oc-3e">
         <name>.debug_info</name>
         <load_address>0xade7</load_address>
         <run_address>0xade7</run_address>
         <size>0xcf5</size>
         <input_file_ref idref="fl-a"/>
      </object_component>
      <object_component id="oc-44">
         <name>.debug_info</name>
         <load_address>0xbadc</load_address>
         <run_address>0xbadc</run_address>
         <size>0x1371</size>
         <input_file_ref idref="fl-b"/>
      </object_component>
      <object_component id="oc-4a">
         <name>.debug_info</name>
         <load_address>0xce4d</load_address>
         <run_address>0xce4d</run_address>
         <size>0x142f</size>
         <input_file_ref idref="fl-c"/>
      </object_component>
      <object_component id="oc-4e">
         <name>.debug_info</name>
         <load_address>0xe27c</load_address>
         <run_address>0xe27c</run_address>
         <size>0x1164</size>
         <input_file_ref idref="fl-d"/>
      </object_component>
      <object_component id="oc-54">
         <name>.debug_info</name>
         <load_address>0xf3e0</load_address>
         <run_address>0xf3e0</run_address>
         <size>0x91d</size>
         <input_file_ref idref="fl-e"/>
      </object_component>
      <object_component id="oc-5b">
         <name>.debug_info</name>
         <load_address>0xfcfd</load_address>
         <run_address>0xfcfd</run_address>
         <size>0xf9</size>
         <input_file_ref idref="fl-f"/>
      </object_component>
      <object_component id="oc-68">
         <name>.debug_info</name>
         <load_address>0xfdf6</load_address>
         <run_address>0xfdf6</run_address>
         <size>0x710</size>
         <input_file_ref idref="fl-8f"/>
      </object_component>
      <object_component id="oc-6c">
         <name>.debug_info</name>
         <load_address>0x10506</load_address>
         <run_address>0x10506</run_address>
         <size>0x71f</size>
         <input_file_ref idref="fl-90"/>
      </object_component>
      <object_component id="oc-71">
         <name>.debug_info</name>
         <load_address>0x10c25</load_address>
         <run_address>0x10c25</run_address>
         <size>0x987</size>
         <input_file_ref idref="fl-91"/>
      </object_component>
      <object_component id="oc-74">
         <name>.debug_info</name>
         <load_address>0x115ac</load_address>
         <run_address>0x115ac</run_address>
         <size>0x8d3</size>
         <input_file_ref idref="fl-92"/>
      </object_component>
      <object_component id="oc-77">
         <name>.debug_info</name>
         <load_address>0x11e7f</load_address>
         <run_address>0x11e7f</run_address>
         <size>0xd7</size>
         <input_file_ref idref="fl-93"/>
      </object_component>
      <object_component id="oc-7a">
         <name>.debug_info</name>
         <load_address>0x11f56</load_address>
         <run_address>0x11f56</run_address>
         <size>0x807</size>
         <input_file_ref idref="fl-94"/>
      </object_component>
      <object_component id="oc-7f">
         <name>.debug_info</name>
         <load_address>0x1275d</load_address>
         <run_address>0x1275d</run_address>
         <size>0x6a9</size>
         <input_file_ref idref="fl-95"/>
      </object_component>
      <object_component id="oc-82">
         <name>.debug_info</name>
         <load_address>0x12e06</load_address>
         <run_address>0x12e06</run_address>
         <size>0x6e1</size>
         <input_file_ref idref="fl-96"/>
      </object_component>
      <object_component id="oc-85">
         <name>.debug_info</name>
         <load_address>0x134e7</load_address>
         <run_address>0x134e7</run_address>
         <size>0x696</size>
         <input_file_ref idref="fl-97"/>
      </object_component>
      <object_component id="oc-88">
         <name>.debug_info</name>
         <load_address>0x13b7d</load_address>
         <run_address>0x13b7d</run_address>
         <size>0x738</size>
         <input_file_ref idref="fl-98"/>
      </object_component>
      <object_component id="oc-8b">
         <name>.debug_info</name>
         <load_address>0x142b5</load_address>
         <run_address>0x142b5</run_address>
         <size>0x685</size>
         <input_file_ref idref="fl-99"/>
      </object_component>
      <object_component id="oc-8e">
         <name>.debug_info</name>
         <load_address>0x1493a</load_address>
         <run_address>0x1493a</run_address>
         <size>0x6bc</size>
         <input_file_ref idref="fl-9a"/>
      </object_component>
      <object_component id="oc-91">
         <name>.debug_info</name>
         <load_address>0x14ff6</load_address>
         <run_address>0x14ff6</run_address>
         <size>0x658</size>
         <input_file_ref idref="fl-9b"/>
      </object_component>
      <object_component id="oc-94">
         <name>.debug_info</name>
         <load_address>0x1564e</load_address>
         <run_address>0x1564e</run_address>
         <size>0x71f</size>
         <input_file_ref idref="fl-9c"/>
      </object_component>
      <object_component id="oc-99">
         <name>.debug_info</name>
         <load_address>0x15d6d</load_address>
         <run_address>0x15d6d</run_address>
         <size>0xdf</size>
         <input_file_ref idref="fl-9d"/>
      </object_component>
      <object_component id="oc-9c">
         <name>.debug_info</name>
         <load_address>0x15e4c</load_address>
         <run_address>0x15e4c</run_address>
         <size>0x656</size>
         <input_file_ref idref="fl-9e"/>
      </object_component>
      <object_component id="oc-9f">
         <name>.debug_info</name>
         <load_address>0x164a2</load_address>
         <run_address>0x164a2</run_address>
         <size>0x6e6</size>
         <input_file_ref idref="fl-9f"/>
      </object_component>
      <object_component id="oc-a2">
         <name>.debug_info</name>
         <load_address>0x16b88</load_address>
         <run_address>0x16b88</run_address>
         <size>0x879</size>
         <input_file_ref idref="fl-a0"/>
      </object_component>
      <object_component id="oc-a5">
         <name>.debug_info</name>
         <load_address>0x17401</load_address>
         <run_address>0x17401</run_address>
         <size>0x6f1</size>
         <input_file_ref idref="fl-a1"/>
      </object_component>
      <object_component id="oc-a8">
         <name>.debug_info</name>
         <load_address>0x17af2</load_address>
         <run_address>0x17af2</run_address>
         <size>0x7e7</size>
         <input_file_ref idref="fl-a2"/>
      </object_component>
      <object_component id="oc-ab">
         <name>.debug_info</name>
         <load_address>0x182d9</load_address>
         <run_address>0x182d9</run_address>
         <size>0x79d</size>
         <input_file_ref idref="fl-a3"/>
      </object_component>
      <object_component id="oc-f0">
         <name>.debug_info</name>
         <load_address>0x18a76</load_address>
         <run_address>0x18a76</run_address>
         <size>0x6d</size>
      </object_component>
      <object_component id="oc-12">
         <name>.debug_frame</name>
         <load_address>0x0</load_address>
         <run_address>0x0</run_address>
         <size>0x421</size>
         <input_file_ref idref="fl-2"/>
      </object_component>
      <object_component id="oc-1a">
         <name>.debug_frame</name>
         <load_address>0x421</load_address>
         <run_address>0x421</run_address>
         <size>0x321</size>
         <input_file_ref idref="fl-3"/>
      </object_component>
      <object_component id="oc-20">
         <name>.debug_frame</name>
         <load_address>0x742</load_address>
         <run_address>0x742</run_address>
         <size>0xae7</size>
         <input_file_ref idref="fl-4"/>
      </object_component>
      <object_component id="oc-25">
         <name>.debug_frame</name>
         <load_address>0x1229</load_address>
         <run_address>0x1229</run_address>
         <size>0x2bc</size>
         <input_file_ref idref="fl-5"/>
      </object_component>
      <object_component id="oc-29">
         <name>.debug_frame</name>
         <load_address>0x14e5</load_address>
         <run_address>0x14e5</run_address>
         <size>0x277</size>
         <input_file_ref idref="fl-6"/>
      </object_component>
      <object_component id="oc-2f">
         <name>.debug_frame</name>
         <load_address>0x175c</load_address>
         <run_address>0x175c</run_address>
         <size>0x267</size>
         <input_file_ref idref="fl-7"/>
      </object_component>
      <object_component id="oc-35">
         <name>.debug_frame</name>
         <load_address>0x19c3</load_address>
         <run_address>0x19c3</run_address>
         <size>0x289</size>
         <input_file_ref idref="fl-8"/>
      </object_component>
      <object_component id="oc-3b">
         <name>.debug_frame</name>
         <load_address>0x1c4c</load_address>
         <run_address>0x1c4c</run_address>
         <size>0x277</size>
         <input_file_ref idref="fl-9"/>
      </object_component>
      <object_component id="oc-41">
         <name>.debug_frame</name>
         <load_address>0x1ec3</load_address>
         <run_address>0x1ec3</run_address>
         <size>0x2fc</size>
         <input_file_ref idref="fl-a"/>
      </object_component>
      <object_component id="oc-47">
         <name>.debug_frame</name>
         <load_address>0x21bf</load_address>
         <run_address>0x21bf</run_address>
         <size>0x2e0</size>
         <input_file_ref idref="fl-b"/>
      </object_component>
      <object_component id="oc-4b">
         <name>.debug_frame</name>
         <load_address>0x249f</load_address>
         <run_address>0x249f</run_address>
         <size>0x396</size>
         <input_file_ref idref="fl-c"/>
      </object_component>
      <object_component id="oc-51">
         <name>.debug_frame</name>
         <load_address>0x2835</load_address>
         <run_address>0x2835</run_address>
         <size>0x2d7</size>
         <input_file_ref idref="fl-d"/>
      </object_component>
      <object_component id="oc-56">
         <name>.debug_frame</name>
         <load_address>0x2b0c</load_address>
         <run_address>0x2b0c</run_address>
         <size>0x289</size>
         <input_file_ref idref="fl-e"/>
      </object_component>
      <object_component id="oc-13">
         <name>.debug_line</name>
         <load_address>0x0</load_address>
         <run_address>0x0</run_address>
         <size>0x4c0</size>
         <input_file_ref idref="fl-2"/>
      </object_component>
      <object_component id="oc-1b">
         <name>.debug_line</name>
         <load_address>0x4c0</load_address>
         <run_address>0x4c0</run_address>
         <size>0xf0</size>
         <input_file_ref idref="fl-3"/>
      </object_component>
      <object_component id="oc-21">
         <name>.debug_line</name>
         <load_address>0x5b0</load_address>
         <run_address>0x5b0</run_address>
         <size>0x1281</size>
         <input_file_ref idref="fl-4"/>
      </object_component>
      <object_component id="oc-26">
         <name>.debug_line</name>
         <load_address>0x1831</load_address>
         <run_address>0x1831</run_address>
         <size>0x9e</size>
         <input_file_ref idref="fl-5"/>
      </object_component>
      <object_component id="oc-2a">
         <name>.debug_line</name>
         <load_address>0x18cf</load_address>
         <run_address>0x18cf</run_address>
         <size>0x61</size>
         <input_file_ref idref="fl-6"/>
      </object_component>
      <object_component id="oc-30">
         <name>.debug_line</name>
         <load_address>0x1930</load_address>
         <run_address>0x1930</run_address>
         <size>0x67</size>
         <input_file_ref idref="fl-7"/>
      </object_component>
      <object_component id="oc-36">
         <name>.debug_line</name>
         <load_address>0x1997</load_address>
         <run_address>0x1997</run_address>
         <size>0xe5</size>
         <input_file_ref idref="fl-8"/>
      </object_component>
      <object_component id="oc-3c">
         <name>.debug_line</name>
         <load_address>0x1a7c</load_address>
         <run_address>0x1a7c</run_address>
         <size>0x149</size>
         <input_file_ref idref="fl-9"/>
      </object_component>
      <object_component id="oc-42">
         <name>.debug_line</name>
         <load_address>0x1bc5</load_address>
         <run_address>0x1bc5</run_address>
         <size>0x214</size>
         <input_file_ref idref="fl-a"/>
      </object_component>
      <object_component id="oc-48">
         <name>.debug_line</name>
         <load_address>0x1dd9</load_address>
         <run_address>0x1dd9</run_address>
         <size>0xc4</size>
         <input_file_ref idref="fl-b"/>
      </object_component>
      <object_component id="oc-4c">
         <name>.debug_line</name>
         <load_address>0x1e9d</load_address>
         <run_address>0x1e9d</run_address>
         <size>0x1cd</size>
         <input_file_ref idref="fl-c"/>
      </object_component>
      <object_component id="oc-52">
         <name>.debug_line</name>
         <load_address>0x206a</load_address>
         <run_address>0x206a</run_address>
         <size>0x275</size>
         <input_file_ref idref="fl-d"/>
      </object_component>
      <object_component id="oc-57">
         <name>.debug_line</name>
         <load_address>0x22df</load_address>
         <run_address>0x22df</run_address>
         <size>0xe8</size>
         <input_file_ref idref="fl-e"/>
      </object_component>
      <object_component id="oc-5c">
         <name>.debug_line</name>
         <load_address>0x23c7</load_address>
         <run_address>0x23c7</run_address>
         <size>0xcd</size>
         <input_file_ref idref="fl-f"/>
      </object_component>
      <object_component id="oc-6a">
         <name>.debug_line</name>
         <load_address>0x2494</load_address>
         <run_address>0x2494</run_address>
         <size>0x3d</size>
         <input_file_ref idref="fl-8f"/>
      </object_component>
      <object_component id="oc-6f">
         <name>.debug_line</name>
         <load_address>0x24d1</load_address>
         <run_address>0x24d1</run_address>
         <size>0x54</size>
         <input_file_ref idref="fl-90"/>
      </object_component>
      <object_component id="oc-72">
         <name>.debug_line</name>
         <load_address>0x2525</load_address>
         <run_address>0x2525</run_address>
         <size>0x3c</size>
         <input_file_ref idref="fl-91"/>
      </object_component>
      <object_component id="oc-75">
         <name>.debug_line</name>
         <load_address>0x2561</load_address>
         <run_address>0x2561</run_address>
         <size>0x3c</size>
         <input_file_ref idref="fl-92"/>
      </object_component>
      <object_component id="oc-78">
         <name>.debug_line</name>
         <load_address>0x259d</load_address>
         <run_address>0x259d</run_address>
         <size>0x44</size>
         <input_file_ref idref="fl-93"/>
      </object_component>
      <object_component id="oc-7d">
         <name>.debug_line</name>
         <load_address>0x25e1</load_address>
         <run_address>0x25e1</run_address>
         <size>0x4f</size>
         <input_file_ref idref="fl-94"/>
      </object_component>
      <object_component id="oc-80">
         <name>.debug_line</name>
         <load_address>0x2630</load_address>
         <run_address>0x2630</run_address>
         <size>0x3e</size>
         <input_file_ref idref="fl-95"/>
      </object_component>
      <object_component id="oc-83">
         <name>.debug_line</name>
         <load_address>0x266e</load_address>
         <run_address>0x266e</run_address>
         <size>0x47</size>
         <input_file_ref idref="fl-96"/>
      </object_component>
      <object_component id="oc-86">
         <name>.debug_line</name>
         <load_address>0x26b5</load_address>
         <run_address>0x26b5</run_address>
         <size>0x3f</size>
         <input_file_ref idref="fl-97"/>
      </object_component>
      <object_component id="oc-89">
         <name>.debug_line</name>
         <load_address>0x26f4</load_address>
         <run_address>0x26f4</run_address>
         <size>0x47</size>
         <input_file_ref idref="fl-98"/>
      </object_component>
      <object_component id="oc-8c">
         <name>.debug_line</name>
         <load_address>0x273b</load_address>
         <run_address>0x273b</run_address>
         <size>0x37</size>
         <input_file_ref idref="fl-99"/>
      </object_component>
      <object_component id="oc-8f">
         <name>.debug_line</name>
         <load_address>0x2772</load_address>
         <run_address>0x2772</run_address>
         <size>0x3d</size>
         <input_file_ref idref="fl-9a"/>
      </object_component>
      <object_component id="oc-92">
         <name>.debug_line</name>
         <load_address>0x27af</load_address>
         <run_address>0x27af</run_address>
         <size>0x38</size>
         <input_file_ref idref="fl-9b"/>
      </object_component>
      <object_component id="oc-97">
         <name>.debug_line</name>
         <load_address>0x27e7</load_address>
         <run_address>0x27e7</run_address>
         <size>0x54</size>
         <input_file_ref idref="fl-9c"/>
      </object_component>
      <object_component id="oc-9a">
         <name>.debug_line</name>
         <load_address>0x283b</load_address>
         <run_address>0x283b</run_address>
         <size>0x4a</size>
         <input_file_ref idref="fl-9d"/>
      </object_component>
      <object_component id="oc-9d">
         <name>.debug_line</name>
         <load_address>0x2885</load_address>
         <run_address>0x2885</run_address>
         <size>0x38</size>
         <input_file_ref idref="fl-9e"/>
      </object_component>
      <object_component id="oc-a0">
         <name>.debug_line</name>
         <load_address>0x28bd</load_address>
         <run_address>0x28bd</run_address>
         <size>0x41</size>
         <input_file_ref idref="fl-9f"/>
      </object_component>
      <object_component id="oc-a3">
         <name>.debug_line</name>
         <load_address>0x28fe</load_address>
         <run_address>0x28fe</run_address>
         <size>0x47</size>
         <input_file_ref idref="fl-a0"/>
      </object_component>
      <object_component id="oc-a6">
         <name>.debug_line</name>
         <load_address>0x2945</load_address>
         <run_address>0x2945</run_address>
         <size>0x45</size>
         <input_file_ref idref="fl-a1"/>
      </object_component>
      <object_component id="oc-a9">
         <name>.debug_line</name>
         <load_address>0x298a</load_address>
         <run_address>0x298a</run_address>
         <size>0x44</size>
         <input_file_ref idref="fl-a2"/>
      </object_component>
      <object_component id="oc-ac">
         <name>.debug_line</name>
         <load_address>0x29ce</load_address>
         <run_address>0x29ce</run_address>
         <size>0x4e</size>
         <input_file_ref idref="fl-a3"/>
      </object_component>
      <object_component id="oc-14">
         <name>.debug_abbrev</name>
         <load_address>0x0</load_address>
         <run_address>0x0</run_address>
         <size>0x1b3</size>
         <input_file_ref idref="fl-2"/>
      </object_component>
      <object_component id="oc-1c">
         <name>.debug_abbrev</name>
         <load_address>0x1b3</load_address>
         <run_address>0x1b3</run_address>
         <size>0x17c</size>
         <input_file_ref idref="fl-3"/>
      </object_component>
      <object_component id="oc-22">
         <name>.debug_abbrev</name>
         <load_address>0x32f</load_address>
         <run_address>0x32f</run_address>
         <size>0x18a</size>
         <input_file_ref idref="fl-4"/>
      </object_component>
      <object_component id="oc-27">
         <name>.debug_abbrev</name>
         <load_address>0x4b9</load_address>
         <run_address>0x4b9</run_address>
         <size>0xca</size>
         <input_file_ref idref="fl-5"/>
      </object_component>
      <object_component id="oc-2b">
         <name>.debug_abbrev</name>
         <load_address>0x583</load_address>
         <run_address>0x583</run_address>
         <size>0xe3</size>
         <input_file_ref idref="fl-6"/>
      </object_component>
      <object_component id="oc-31">
         <name>.debug_abbrev</name>
         <load_address>0x666</load_address>
         <run_address>0x666</run_address>
         <size>0xf9</size>
         <input_file_ref idref="fl-7"/>
      </object_component>
      <object_component id="oc-37">
         <name>.debug_abbrev</name>
         <load_address>0x75f</load_address>
         <run_address>0x75f</run_address>
         <size>0x13b</size>
         <input_file_ref idref="fl-8"/>
      </object_component>
      <object_component id="oc-3d">
         <name>.debug_abbrev</name>
         <load_address>0x89a</load_address>
         <run_address>0x89a</run_address>
         <size>0x11e</size>
         <input_file_ref idref="fl-9"/>
      </object_component>
      <object_component id="oc-43">
         <name>.debug_abbrev</name>
         <load_address>0x9b8</load_address>
         <run_address>0x9b8</run_address>
         <size>0x13a</size>
         <input_file_ref idref="fl-a"/>
      </object_component>
      <object_component id="oc-49">
         <name>.debug_abbrev</name>
         <load_address>0xaf2</load_address>
         <run_address>0xaf2</run_address>
         <size>0x160</size>
         <input_file_ref idref="fl-b"/>
      </object_component>
      <object_component id="oc-4d">
         <name>.debug_abbrev</name>
         <load_address>0xc52</load_address>
         <run_address>0xc52</run_address>
         <size>0xf9</size>
         <input_file_ref idref="fl-c"/>
      </object_component>
      <object_component id="oc-53">
         <name>.debug_abbrev</name>
         <load_address>0xd4b</load_address>
         <run_address>0xd4b</run_address>
         <size>0x117</size>
         <input_file_ref idref="fl-d"/>
      </object_component>
      <object_component id="oc-58">
         <name>.debug_abbrev</name>
         <load_address>0xe62</load_address>
         <run_address>0xe62</run_address>
         <size>0x12c</size>
         <input_file_ref idref="fl-e"/>
      </object_component>
      <object_component id="oc-5d">
         <name>.debug_abbrev</name>
         <load_address>0xf8e</load_address>
         <run_address>0xf8e</run_address>
         <size>0x20</size>
         <input_file_ref idref="fl-f"/>
      </object_component>
      <object_component id="oc-6b">
         <name>.debug_abbrev</name>
         <load_address>0xfae</load_address>
         <run_address>0xfae</run_address>
         <size>0xfe</size>
         <input_file_ref idref="fl-8f"/>
      </object_component>
      <object_component id="oc-70">
         <name>.debug_abbrev</name>
         <load_address>0x10ac</load_address>
         <run_address>0x10ac</run_address>
         <size>0xcc</size>
         <input_file_ref idref="fl-90"/>
      </object_component>
      <object_component id="oc-73">
         <name>.debug_abbrev</name>
         <load_address>0x1178</load_address>
         <run_address>0x1178</run_address>
         <size>0xf5</size>
         <input_file_ref idref="fl-91"/>
      </object_component>
      <object_component id="oc-76">
         <name>.debug_abbrev</name>
         <load_address>0x126d</load_address>
         <run_address>0x126d</run_address>
         <size>0xe7</size>
         <input_file_ref idref="fl-92"/>
      </object_component>
      <object_component id="oc-79">
         <name>.debug_abbrev</name>
         <load_address>0x1354</load_address>
         <run_address>0x1354</run_address>
         <size>0x3a</size>
         <input_file_ref idref="fl-93"/>
      </object_component>
      <object_component id="oc-7e">
         <name>.debug_abbrev</name>
         <load_address>0x138e</load_address>
         <run_address>0x138e</run_address>
         <size>0x119</size>
         <input_file_ref idref="fl-94"/>
      </object_component>
      <object_component id="oc-81">
         <name>.debug_abbrev</name>
         <load_address>0x14a7</load_address>
         <run_address>0x14a7</run_address>
         <size>0x9a</size>
         <input_file_ref idref="fl-95"/>
      </object_component>
      <object_component id="oc-84">
         <name>.debug_abbrev</name>
         <load_address>0x1541</load_address>
         <run_address>0x1541</run_address>
         <size>0xc3</size>
         <input_file_ref idref="fl-96"/>
      </object_component>
      <object_component id="oc-87">
         <name>.debug_abbrev</name>
         <load_address>0x1604</load_address>
         <run_address>0x1604</run_address>
         <size>0xa3</size>
         <input_file_ref idref="fl-97"/>
      </object_component>
      <object_component id="oc-8a">
         <name>.debug_abbrev</name>
         <load_address>0x16a7</load_address>
         <run_address>0x16a7</run_address>
         <size>0xd0</size>
         <input_file_ref idref="fl-98"/>
      </object_component>
      <object_component id="oc-8d">
         <name>.debug_abbrev</name>
         <load_address>0x1777</load_address>
         <run_address>0x1777</run_address>
         <size>0xa1</size>
         <input_file_ref idref="fl-99"/>
      </object_component>
      <object_component id="oc-90">
         <name>.debug_abbrev</name>
         <load_address>0x1818</load_address>
         <run_address>0x1818</run_address>
         <size>0xa3</size>
         <input_file_ref idref="fl-9a"/>
      </object_component>
      <object_component id="oc-93">
         <name>.debug_abbrev</name>
         <load_address>0x18bb</load_address>
         <run_address>0x18bb</run_address>
         <size>0xaf</size>
         <input_file_ref idref="fl-9b"/>
      </object_component>
      <object_component id="oc-98">
         <name>.debug_abbrev</name>
         <load_address>0x196a</load_address>
         <run_address>0x196a</run_address>
         <size>0xcc</size>
         <input_file_ref idref="fl-9c"/>
      </object_component>
      <object_component id="oc-9b">
         <name>.debug_abbrev</name>
         <load_address>0x1a36</load_address>
         <run_address>0x1a36</run_address>
         <size>0x3a</size>
         <input_file_ref idref="fl-9d"/>
      </object_component>
      <object_component id="oc-9e">
         <name>.debug_abbrev</name>
         <load_address>0x1a70</load_address>
         <run_address>0x1a70</run_address>
         <size>0xaf</size>
         <input_file_ref idref="fl-9e"/>
      </object_component>
      <object_component id="oc-a1">
         <name>.debug_abbrev</name>
         <load_address>0x1b1f</load_address>
         <run_address>0x1b1f</run_address>
         <size>0xe1</size>
         <input_file_ref idref="fl-9f"/>
      </object_component>
      <object_component id="oc-a4">
         <name>.debug_abbrev</name>
         <load_address>0x1c00</load_address>
         <run_address>0x1c00</run_address>
         <size>0x13f</size>
         <input_file_ref idref="fl-a0"/>
      </object_component>
      <object_component id="oc-a7">
         <name>.debug_abbrev</name>
         <load_address>0x1d3f</load_address>
         <run_address>0x1d3f</run_address>
         <size>0xdd</size>
         <input_file_ref idref="fl-a1"/>
      </object_component>
      <object_component id="oc-aa">
         <name>.debug_abbrev</name>
         <load_address>0x1e1c</load_address>
         <run_address>0x1e1c</run_address>
         <size>0x10c</size>
         <input_file_ref idref="fl-a2"/>
      </object_component>
      <object_component id="oc-ad">
         <name>.debug_abbrev</name>
         <load_address>0x1f28</load_address>
         <run_address>0x1f28</run_address>
         <size>0xd5</size>
         <input_file_ref idref="fl-a3"/>
      </object_component>
      <object_component id="oc-f1">
         <name>.debug_abbrev</name>
         <load_address>0x1ffd</load_address>
         <run_address>0x1ffd</run_address>
         <size>0xd</size>
      </object_component>
      <object_component id="oc-61">
         <name>$BRID</name>
         <load_address>0x0</load_address>
         <run_address>0x0</run_address>
         <size>0x78</size>
         <input_file_ref idref="fl-15"/>
      </object_component>
      <object_component id="oc-64">
         <name>$BRID</name>
         <load_address>0x78</load_address>
         <run_address>0x78</run_address>
         <size>0x7c</size>
         <input_file_ref idref="fl-16"/>
      </object_component>
      <object_component id="oc-67">
         <name>$BRID</name>
         <load_address>0xf4</load_address>
         <run_address>0xf4</run_address>
         <size>0x60</size>
         <input_file_ref idref="fl-17"/>
      </object_component>
   </object_component_list>
   <logical_group_list>
      <logical_group id="lg-2">
         <name>.EXT_RAM</name>
         <run_address>0x80000000</run_address>
         <size>0xe00000</size>
         <contents>
            <object_component_ref idref="oc-17"/>
         </contents>
      </logical_group>
      <logical_group id="lg-3">
         <name>.vecs</name>
         <load_address>0x0</load_address>
         <run_address>0x0</run_address>
         <size>0x200</size>
         <contents>
            <object_component_ref idref="oc-5a"/>
         </contents>
      </logical_group>
      <logical_group id="lg-4">
         <name>.text</name>
         <load_address>0x220</load_address>
         <run_address>0x220</run_address>
         <size>0xaae0</size>
         <contents>
            <object_component_ref idref="oc-c9"/>
            <object_component_ref idref="oc-d3"/>
            <object_component_ref idref="oc-bb"/>
            <object_component_ref idref="oc-c5"/>
            <object_component_ref idref="oc-ba"/>
            <object_component_ref idref="oc-bc"/>
            <object_component_ref idref="oc-b7"/>
            <object_component_ref idref="oc-c6"/>
            <object_component_ref idref="oc-c8"/>
            <object_component_ref idref="oc-c7"/>
            <object_component_ref idref="oc-b5"/>
            <object_component_ref idref="oc-c2"/>
            <object_component_ref idref="oc-d4"/>
            <object_component_ref idref="oc-b3"/>
            <object_component_ref idref="oc-19"/>
            <object_component_ref idref="oc-c1"/>
            <object_component_ref idref="oc-cc"/>
            <object_component_ref idref="oc-c4"/>
            <object_component_ref idref="oc-b9"/>
            <object_component_ref idref="oc-be"/>
            <object_component_ref idref="oc-cf"/>
            <object_component_ref idref="oc-bd"/>
            <object_component_ref idref="oc-cb"/>
            <object_component_ref idref="oc-d7"/>
            <object_component_ref idref="oc-b1"/>
            <object_component_ref idref="oc-c0"/>
            <object_component_ref idref="oc-ae"/>
            <object_component_ref idref="oc-bf"/>
            <object_component_ref idref="oc-b0"/>
            <object_component_ref idref="oc-d2"/>
            <object_component_ref idref="oc-ca"/>
            <object_component_ref idref="oc-d1"/>
            <object_component_ref idref="oc-b2"/>
            <object_component_ref idref="oc-d6"/>
            <object_component_ref idref="oc-cd"/>
            <object_component_ref idref="oc-c3"/>
            <object_component_ref idref="oc-b4"/>
            <object_component_ref idref="oc-e"/>
            <object_component_ref idref="oc-ce"/>
            <object_component_ref idref="oc-b8"/>
            <object_component_ref idref="oc-af"/>
            <object_component_ref idref="oc-d0"/>
            <object_component_ref idref="oc-59"/>
            <object_component_ref idref="oc-b6"/>
            <object_component_ref idref="oc-5e"/>
         </contents>
      </logical_group>
      <logical_group id="lg-5">
         <name>.bss</name>
         <run_address>0x220</run_address>
         <size>0x0</size>
         <contents>
         </contents>
      </logical_group>
      <logical_group id="lg-6">
         <name>.cinit</name>
         <load_address>0xb500</load_address>
         <run_address>0xb500</run_address>
         <size>0x3f4</size>
         <contents>
            <object_component_ref idref="oc-5f"/>
            <object_component_ref idref="oc-4f"/>
            <object_component_ref idref="oc-62"/>
            <object_component_ref idref="oc-65"/>
            <object_component_ref idref="oc-6d"/>
            <object_component_ref idref="oc-95"/>
            <object_component_ref idref="oc-33"/>
            <object_component_ref idref="oc-16"/>
            <object_component_ref idref="oc-7b"/>
            <object_component_ref idref="oc-2d"/>
            <object_component_ref idref="oc-10"/>
         </contents>
      </logical_group>
      <logical_group id="lg-7">
         <name>.stack</name>
         <run_address>0xad00</run_address>
         <size>0x800</size>
         <contents>
            <object_component_ref idref="oc-69"/>
            <object_component_ref idref="oc-ef"/>
         </contents>
      </logical_group>
      <logical_group id="lg-8">
         <name>.sysmem</name>
         <run_address>0x0</run_address>
         <size>0x0</size>
         <contents>
         </contents>
      </logical_group>
      <logical_group id="lg-9">
         <name>.const</name>
         <load_address>0xbc24</load_address>
         <run_address>0xbc24</run_address>
         <size>0x108</size>
         <contents>
            <object_component_ref idref="oc-d5"/>
            <object_component_ref idref="oc-3a"/>
            <object_component_ref idref="oc-40"/>
            <object_component_ref idref="oc-1f"/>
            <object_component_ref idref="oc-46"/>
         </contents>
      </logical_group>
      <logical_group id="lg-a">
         <name>.switch</name>
         <run_address>0x0</run_address>
         <size>0x0</size>
         <contents>
         </contents>
      </logical_group>
      <logical_group id="lg-b">
         <name>.far</name>
         <run_address>0xb8f8</run_address>
         <size>0x32c</size>
         <contents>
            <object_component_ref idref="oc-11"/>
            <object_component_ref idref="oc-18"/>
            <object_component_ref idref="oc-1e"/>
            <object_component_ref idref="oc-24"/>
            <object_component_ref idref="oc-2e"/>
            <object_component_ref idref="oc-34"/>
            <object_component_ref idref="oc-39"/>
            <object_component_ref idref="oc-3f"/>
            <object_component_ref idref="oc-45"/>
            <object_component_ref idref="oc-50"/>
            <object_component_ref idref="oc-55"/>
            <object_component_ref idref="oc-60"/>
            <object_component_ref idref="oc-63"/>
            <object_component_ref idref="oc-66"/>
            <object_component_ref idref="oc-6e"/>
            <object_component_ref idref="oc-7c"/>
            <object_component_ref idref="oc-96"/>
         </contents>
      </logical_group>
      <logical_group id="lg-c">
         <name>.cio</name>
         <run_address>0x0</run_address>
         <size>0x0</size>
         <contents>
         </contents>
      </logical_group>
      <logical_group id="lg-d">
         <name>.csldata</name>
         <run_address>0x0</run_address>
         <size>0x0</size>
         <contents>
         </contents>
      </logical_group>
      <logical_group id="lg-e4">
         <name>.debug_info</name>
         <load_address>0x0</load_address>
         <run_address>0x0</run_address>
         <size>0x18ae3</size>
         <contents>
            <object_component_ref idref="oc-f"/>
            <object_component_ref idref="oc-15"/>
            <object_component_ref idref="oc-1d"/>
            <object_component_ref idref="oc-23"/>
            <object_component_ref idref="oc-28"/>
            <object_component_ref idref="oc-2c"/>
            <object_component_ref idref="oc-32"/>
            <object_component_ref idref="oc-38"/>
            <object_component_ref idref="oc-3e"/>
            <object_component_ref idref="oc-44"/>
            <object_component_ref idref="oc-4a"/>
            <object_component_ref idref="oc-4e"/>
            <object_component_ref idref="oc-54"/>
            <object_component_ref idref="oc-5b"/>
            <object_component_ref idref="oc-68"/>
            <object_component_ref idref="oc-6c"/>
            <object_component_ref idref="oc-71"/>
            <object_component_ref idref="oc-74"/>
            <object_component_ref idref="oc-77"/>
            <object_component_ref idref="oc-7a"/>
            <object_component_ref idref="oc-7f"/>
            <object_component_ref idref="oc-82"/>
            <object_component_ref idref="oc-85"/>
            <object_component_ref idref="oc-88"/>
            <object_component_ref idref="oc-8b"/>
            <object_component_ref idref="oc-8e"/>
            <object_component_ref idref="oc-91"/>
            <object_component_ref idref="oc-94"/>
            <object_component_ref idref="oc-99"/>
            <object_component_ref idref="oc-9c"/>
            <object_component_ref idref="oc-9f"/>
            <object_component_ref idref="oc-a2"/>
            <object_component_ref idref="oc-a5"/>
            <object_component_ref idref="oc-a8"/>
            <object_component_ref idref="oc-ab"/>
            <object_component_ref idref="oc-f0"/>
         </contents>
      </logical_group>
      <logical_group id="lg-e6">
         <name>.debug_frame</name>
         <load_address>0x0</load_address>
         <run_address>0x0</run_address>
         <size>0x2d95</size>
         <contents>
            <object_component_ref idref="oc-12"/>
            <object_component_ref idref="oc-1a"/>
            <object_component_ref idref="oc-20"/>
            <object_component_ref idref="oc-25"/>
            <object_component_ref idref="oc-29"/>
            <object_component_ref idref="oc-2f"/>
            <object_component_ref idref="oc-35"/>
            <object_component_ref idref="oc-3b"/>
            <object_component_ref idref="oc-41"/>
            <object_component_ref idref="oc-47"/>
            <object_component_ref idref="oc-4b"/>
            <object_component_ref idref="oc-51"/>
            <object_component_ref idref="oc-56"/>
         </contents>
      </logical_group>
      <logical_group id="lg-e8">
         <name>.debug_line</name>
         <load_address>0x0</load_address>
         <run_address>0x0</run_address>
         <size>0x2a1c</size>
         <contents>
            <object_component_ref idref="oc-13"/>
            <object_component_ref idref="oc-1b"/>
            <object_component_ref idref="oc-21"/>
            <object_component_ref idref="oc-26"/>
            <object_component_ref idref="oc-2a"/>
            <object_component_ref idref="oc-30"/>
            <object_component_ref idref="oc-36"/>
            <object_component_ref idref="oc-3c"/>
            <object_component_ref idref="oc-42"/>
            <object_component_ref idref="oc-48"/>
            <object_component_ref idref="oc-4c"/>
            <object_component_ref idref="oc-52"/>
            <object_component_ref idref="oc-57"/>
            <object_component_ref idref="oc-5c"/>
            <object_component_ref idref="oc-6a"/>
            <object_component_ref idref="oc-6f"/>
            <object_component_ref idref="oc-72"/>
            <object_component_ref idref="oc-75"/>
            <object_component_ref idref="oc-78"/>
            <object_component_ref idref="oc-7d"/>
            <object_component_ref idref="oc-80"/>
            <object_component_ref idref="oc-83"/>
            <object_component_ref idref="oc-86"/>
            <object_component_ref idref="oc-89"/>
            <object_component_ref idref="oc-8c"/>
            <object_component_ref idref="oc-8f"/>
            <object_component_ref idref="oc-92"/>
            <object_component_ref idref="oc-97"/>
            <object_component_ref idref="oc-9a"/>
            <object_component_ref idref="oc-9d"/>
            <object_component_ref idref="oc-a0"/>
            <object_component_ref idref="oc-a3"/>
            <object_component_ref idref="oc-a6"/>
            <object_component_ref idref="oc-a9"/>
            <object_component_ref idref="oc-ac"/>
         </contents>
      </logical_group>
      <logical_group id="lg-ea">
         <name>.debug_abbrev</name>
         <load_address>0x0</load_address>
         <run_address>0x0</run_address>
         <size>0x200a</size>
         <contents>
            <object_component_ref idref="oc-14"/>
            <object_component_ref idref="oc-1c"/>
            <object_component_ref idref="oc-22"/>
            <object_component_ref idref="oc-27"/>
            <object_component_ref idref="oc-2b"/>
            <object_component_ref idref="oc-31"/>
            <object_component_ref idref="oc-37"/>
            <object_component_ref idref="oc-3d"/>
            <object_component_ref idref="oc-43"/>
            <object_component_ref idref="oc-49"/>
            <object_component_ref idref="oc-4d"/>
            <object_component_ref idref="oc-53"/>
            <object_component_ref idref="oc-58"/>
            <object_component_ref idref="oc-5d"/>
            <object_component_ref idref="oc-6b"/>
            <object_component_ref idref="oc-70"/>
            <object_component_ref idref="oc-73"/>
            <object_component_ref idref="oc-76"/>
            <object_component_ref idref="oc-79"/>
            <object_component_ref idref="oc-7e"/>
            <object_component_ref idref="oc-81"/>
            <object_component_ref idref="oc-84"/>
            <object_component_ref idref="oc-87"/>
            <object_component_ref idref="oc-8a"/>
            <object_component_ref idref="oc-8d"/>
            <object_component_ref idref="oc-90"/>
            <object_component_ref idref="oc-93"/>
            <object_component_ref idref="oc-98"/>
            <object_component_ref idref="oc-9b"/>
            <object_component_ref idref="oc-9e"/>
            <object_component_ref idref="oc-a1"/>
            <object_component_ref idref="oc-a4"/>
            <object_component_ref idref="oc-a7"/>
            <object_component_ref idref="oc-aa"/>
            <object_component_ref idref="oc-ad"/>
            <object_component_ref idref="oc-f1"/>
         </contents>
      </logical_group>
      <logical_group id="lg-ec">
         <name>$BRID</name>
         <load_address>0x0</load_address>
         <run_address>0x0</run_address>
         <size>0x154</size>
         <contents>
            <object_component_ref idref="oc-61"/>
            <object_component_ref idref="oc-64"/>
            <object_component_ref idref="oc-67"/>
         </contents>
      </logical_group>
   </logical_group_list>
   <placement_map>
      <memory_area>
         <name>IVECS</name>
         <page_id>0x0</page_id>
         <origin>0x0</origin>
         <length>0x220</length>
         <used_space>0x200</used_space>
         <unused_space>0x20</unused_space>
         <attributes>RWIX</attributes>
         <usage_details>
            <allocated_space>
               <start_address>0x0</start_address>
               <size>0x200</size>
               <logical_group_ref idref="lg-3"/>
            </allocated_space>
            <available_space>
               <start_address>0x200</start_address>
               <size>0x20</size>
            </available_space>
         </usage_details>
      </memory_area>
      <memory_area>
         <name>IRAM</name>
         <page_id>0x0</page_id>
         <origin>0x220</origin>
         <length>0x2fde0</length>
         <used_space>0xbb08</used_space>
         <unused_space>0x242d8</unused_space>
         <attributes>RWIX</attributes>
         <usage_details>
            <allocated_space>
               <start_address>0x220</start_address>
               <size>0x0</size>
               <logical_group_ref idref="lg-5"/>
            </allocated_space>
            <allocated_space>
               <start_address>0x220</start_address>
               <size>0xaae0</size>
               <logical_group_ref idref="lg-4"/>
            </allocated_space>
            <allocated_space>
               <start_address>0xad00</start_address>
               <size>0x800</size>
               <logical_group_ref idref="lg-7"/>
            </allocated_space>
            <allocated_space>
               <start_address>0xb500</start_address>
               <size>0x3f4</size>
               <logical_group_ref idref="lg-6"/>
            </allocated_space>
            <available_space>
               <start_address>0xb8f4</start_address>
               <size>0x4</size>
            </available_space>
            <allocated_space>
               <start_address>0xb8f8</start_address>
               <size>0x32c</size>
               <logical_group_ref idref="lg-b"/>
            </allocated_space>
            <allocated_space>
               <start_address>0xbc24</start_address>
               <size>0x108</size>
               <logical_group_ref idref="lg-9"/>
            </allocated_space>
            <available_space>
               <start_address>0xbd2c</start_address>
               <size>0x242d4</size>
            </available_space>
         </usage_details>
      </memory_area>
      <memory_area>
         <name>SDRAM</name>
         <page_id>0x0</page_id>
         <origin>0x80000000</origin>
         <length>0x1000000</length>
         <used_space>0xe00000</used_space>
         <unused_space>0x200000</unused_space>
         <attributes>RWIX</attributes>
         <usage_details>
            <allocated_space>
               <start_address>0x80000000</start_address>
               <size>0xe00000</size>
               <logical_group_ref idref="lg-2"/>
            </allocated_space>
            <available_space>
               <start_address>0x80e00000</start_address>
               <size>0x200000</size>
            </available_space>
         </usage_details>
      </memory_area>
      <memory_area>
         <name>FLASH</name>
         <page_id>0x0</page_id>
         <origin>0x90000000</origin>
         <length>0x20000</length>
         <used_space>0x0</used_space>
         <unused_space>0x20000</unused_space>
         <attributes>RWIX</attributes>
         <usage_details>
         </usage_details>
      </memory_area>
   </placement_map>
   <symbol_table>
      <symbol id="sm-0">
         <name>cinit</name>
         <value>0xb500</value>
      </symbol>
      <symbol id="sm-1">
         <name>___cinit__</name>
         <value>0xb500</value>
      </symbol>
      <symbol id="sm-2">
         <name>pinit</name>
         <value>0xffffffff</value>
      </symbol>
      <symbol id="sm-3">
         <name>___pinit__</name>
         <value>0xffffffff</value>
      </symbol>
      <symbol id="sm-4">
         <name>binit</name>
         <value>0xffffffff</value>
      </symbol>
      <symbol id="sm-5">
         <name>___binit__</name>
         <value>0xffffffff</value>
      </symbol>
      <symbol id="sm-6">
         <name>__STACK_SIZE</name>
         <value>0x800</value>
      </symbol>
      <symbol id="sm-7">
         <name>__STACK_END</name>
         <value>0xb500</value>
      </symbol>
      <symbol id="sm-8">
         <name>___c_args__</name>
         <value>0xffffffff</value>
      </symbol>
      <symbol id="sm-9">
         <name>.text</name>
         <value>0x220</value>
      </symbol>
      <symbol id="sm-a">
         <name>___text__</name>
         <value>0x220</value>
      </symbol>
      <symbol id="sm-b">
         <name>etext</name>
         <value>0xad00</value>
      </symbol>
      <symbol id="sm-c">
         <name>___etext__</name>
         <value>0xad00</value>
      </symbol>
      <symbol id="sm-d">
         <name>.bss</name>
         <value>0x220</value>
      </symbol>
      <symbol id="sm-e">
         <name>___bss__</name>
         <value>0x220</value>
      </symbol>
      <symbol id="sm-f">
         <name>end</name>
         <value>0x220</value>
      </symbol>
      <symbol id="sm-10">
         <name>___end__</name>
         <value>0x220</value>
      </symbol>
      <symbol id="sm-11">
         <name>___TI_pprof_out_hndl</name>
         <value>0xffffffff</value>
      </symbol>
      <symbol id="sm-12">
         <name>___TI_prof_data_start</name>
         <value>0xffffffff</value>
      </symbol>
      <symbol id="sm-13">
         <name>___TI_prof_data_size</name>
         <value>0xffffffff</value>
      </symbol>
      <symbol id="sm-14">
         <name>$bss</name>
         <value>0x220</value>
      </symbol>
      <symbol id="sm-123">
         <name>_disk_status</name>
         <value>0x5160</value>
         <object_component_ref idref="oc-d3"/>
      </symbol>
      <symbol id="sm-124">
         <name>_disk_initialize</name>
         <value>0x5ce0</value>
         <object_component_ref idref="oc-d3"/>
      </symbol>
      <symbol id="sm-125">
         <name>_disk_ioctl</name>
         <value>0x5b08</value>
         <object_component_ref idref="oc-d3"/>
      </symbol>
      <symbol id="sm-126">
         <name>_disk_read</name>
         <value>0x59f8</value>
         <object_component_ref idref="oc-d3"/>
      </symbol>
      <symbol id="sm-127">
[...]
         <value>0xbc00</value>
         <object_component_ref idref="oc-18"/>
      </symbol>
      <symbol id="sm-4bd">
         <name>_f_lseek</name>
         <value>0x4828</value>
         <object_component_ref idref="oc-c9"/>
      </symbol>
      <symbol id="sm-4be">
         <name>_f_open</name>
         <value>0x3f6c</value>
         <object_component_ref idref="oc-c9"/>
      </symbol>
      <symbol id="sm-4bf">
         <name>_f_truncate</name>
         <value>0x2ee4</value>
         <object_component_ref idref="oc-c9"/>
      </symbol>
      <symbol id="sm-4c0">
         <name>_f_read</name>
         <value>0x3a20</value>
         <object_component_ref idref="oc-c9"/>
      </symbol>
      <symbol id="sm-4c1">
         <name>_f_mount</name>
         <value>0x4484</value>
         <object_component_ref idref="oc-c9"/>
      </symbol>
      <symbol id="sm-4c2">
         <name>_f_close</name>
         <value>0x50f4</value>
         <object_component_ref idref="oc-c9"/>
      </symbol>
      <symbol id="sm-4c3">
         <name>_f_stat</name>
         <value>0x33f4</value>
         <object_component_ref idref="oc-c9"/>
      </symbol>
      <symbol id="sm-4c4">
         <name>_f_opendir</name>
         <value>0x3e48</value>
         <object_component_ref idref="oc-c9"/>
      </symbol>
      <symbol id="sm-4c5">
         <name>_f_mkdir</name>
         <value>0x4530</value>
         <object_component_ref idref="oc-c9"/>
      </symbol>
      <symbol id="sm-4c6">
         <name>_f_unlink</name>
         <value>0x2d0c</value>
         <object_component_ref idref="oc-c9"/>
      </symbol>
      <symbol id="sm-4c7">
         <name>_f_readdir</name>
         <value>0x3944</value>
         <object_component_ref idref="oc-c9"/>
      </symbol>
      <symbol id="sm-4c8">
         <name>_f_closedir</name>
         <value>0x50b4</value>
         <object_component_ref idref="oc-c9"/>
      </symbol>
      <symbol id="sm-4c9">
         <name>_f_write</name>
         <value>0xefc</value>
         <object_component_ref idref="oc-c9"/>
      </symbol>
      <symbol id="sm-4ca">
         <name>_f_sync</name>
         <value>0x316c</value>
         <object_component_ref idref="oc-c9"/>
      </symbol>
      <symbol id="sm-4cb">
         <name>_f_getfree</name>
         <value>0x4d7c</value>
         <object_component_ref idref="oc-c9"/>
      </symbol>
      <symbol id="sm-4cc">
         <name>_f_rename</name>
         <value>0x3648</value>
         <object_component_ref idref="oc-c9"/>
      </symbol>
      <symbol id="sm-4e3">
         <name>_DSK6713_LED_off</name>
         <value>0x995c</value>
         <object_component_ref idref="oc-b9"/>
      </symbol>
      <symbol id="sm-4e4">
         <name>_DSK6713_LED_toggle</name>
         <value>0x99bc</value>
         <object_component_ref idref="oc-b9"/>
      </symbol>
      <symbol id="sm-4e5">
         <name>_DSK6713_LED_init</name>
         <value>0x9a40</value>
         <object_component_ref idref="oc-b9"/>
      </symbol>
      <symbol id="sm-4e6">
         <name>_DSK6713_LED_on</name>
         <value>0x9900</value>
         <object_component_ref idref="oc-b9"/>
      </symbol>
      <symbol id="sm-4f2">
         <name>_DSK6713_DIP_get</name>
         <value>0xabc8</value>
         <object_component_ref idref="oc-b8"/>
      </symbol>
      <symbol id="sm-4f3">
         <name>_DSK6713_DIP_init</name>
         <value>0xabc0</value>
         <object_component_ref idref="oc-b8"/>
      </symbol>
      <symbol id="sm-50a">
         <name>_DSK6713_AIC23_setFreq</name>
         <value>0xa9c0</value>
         <object_component_ref idref="oc-c3"/>
      </symbol>
      <symbol id="sm-52f">
         <name>_DSK6713_AIC23_rget</name>
         <value>0x9838</value>
         <object_component_ref idref="oc-c4"/>
      </symbol>
      <symbol id="sm-530">
         <name>_DSK6713_AIC23_config</name>
         <value>0x985c</value>
         <object_component_ref idref="oc-c4"/>
      </symbol>
      <symbol id="sm-531">
         <name>_DSK6713_AIC23_rset</name>
         <value>0x9780</value>
         <object_component_ref idref="oc-c4"/>
      </symbol>
      <symbol id="sm-54c">
         <name>_DSK6713_AIC23_codecdatahandle</name>
         <value>0xbc14</value>
         <object_component_ref idref="oc-39"/>
      </symbol>
      <symbol id="sm-54d">
         <name>_DSK6713_AIC23_openCodec</name>
         <value>0x8b00</value>
         <object_component_ref idref="oc-c2"/>
      </symbol>
      <symbol id="sm-54e">
         <name>_DSK6713_AIC23_codeccontrolhandle</name>
         <value>0xbc10</value>
         <object_component_ref idref="oc-39"/>
      </symbol>
      <symbol id="sm-578">
         <name>_DSK6713_version</name>
         <value>0xbc1e</value>
         <object_component_ref idref="oc-3f"/>
      </symbol>
      <symbol id="sm-579">
         <name>_DSK6713_rget</name>
         <value>0x7a94</value>
         <object_component_ref idref="oc-b7"/>
      </symbol>
      <symbol id="sm-57a">
         <name>_DSK6713_wait</name>
         <value>0x79e0</value>
         <object_component_ref idref="oc-b7"/>
      </symbol>
      <symbol id="sm-57b">
         <name>_DSK6713_getVersion</name>
         <value>0x7b04</value>
         <object_component_ref idref="oc-b7"/>
      </symbol>
      <symbol id="sm-57c">
         <name>_DSK6713_rset</name>
         <value>0x7a80</value>
         <object_component_ref idref="oc-b7"/>
      </symbol>
      <symbol id="sm-57d">
         <name>_DSK6713_init</name>
         <value>0x7b60</value>
         <object_component_ref idref="oc-b7"/>
      </symbol>
      <symbol id="sm-57e">
         <name>_DSK6713_waitusec</name>
         <value>0x7a4c</value>
         <object_component_ref idref="oc-b7"/>
      </symbol>
      <symbol id="sm-5b0">
         <name>_Load_sweep</name>
         <value>0x7890</value>
         <object_component_ref idref="oc-bc"/>
      </symbol>
      <symbol id="sm-5b1">
         <name>_Sample</name>
         <value>0xbb84</value>
         <object_component_ref idref="oc-45"/>
      </symbol>
      <symbol id="sm-5b2">
         <name>_Save_RI</name>
         <value>0x76c0</value>
         <object_component_ref idref="oc-bc"/>
      </symbol>
      <symbol id="sm-5b3">
         <name>_WavHeader</name>
         <value>0xbb58</value>
         <object_component_ref idref="oc-45"/>
      </symbol>
      <symbol id="sm-5b4">
         <name>_Save_sweep</name>
         <value>0x7500</value>
         <object_component_ref idref="oc-bc"/>
      </symbol>
      <symbol id="sm-60c">
         <name>_Obtener_RI</name>
         <value>0x65ec</value>
         <object_component_ref idref="oc-bb"/>
      </symbol>
      <symbol id="sm-60d">
         <name>_Bit_reversal</name>
         <value>0x6020</value>
         <object_component_ref idref="oc-bb"/>
      </symbol>
      <symbol id="sm-60e">
         <name>_Normalize</name>
         <value>0x6144</value>
         <object_component_ref idref="oc-bb"/>
      </symbol>
      <symbol id="sm-60f">
         <name>_ifft</name>
         <value>0x61dc</value>
         <object_component_ref idref="oc-bb"/>
      </symbol>
      <symbol id="sm-610">
         <name>_Twiddle_init</name>
         <value>0x64d0</value>
         <object_component_ref idref="oc-bb"/>
      </symbol>
      <symbol id="sm-611">
         <name>_fft</name>
         <value>0x6338</value>
         <object_component_ref idref="oc-bb"/>
      </symbol>
      <symbol id="sm-612">
         <name>_Vectores_reset</name>
         <value>0x6480</value>
         <object_component_ref idref="oc-bb"/>
      </symbol>
      <symbol id="sm-62c">
         <name>_Timer_Config</name>
         <value>0xba74</value>
         <object_component_ref idref="oc-50"/>
      </symbol>
      <symbol id="sm-62d">
         <name>_MCBSP0_to_SPI_Config</name>
         <value>0xba34</value>
         <object_component_ref idref="oc-50"/>
      </symbol>
      <symbol id="sm-62e">
         <name>_Interrup_init</name>
         <value>0x7258</value>
         <object_component_ref idref="oc-ba"/>
      </symbol>
      <symbol id="sm-62f">
         <name>_SD_init</name>
         <value>0x7064</value>
         <object_component_ref idref="oc-ba"/>
      </symbol>
      <symbol id="sm-630">
         <name>_GPIO_Handler</name>
         <value>0xba88</value>
         <object_component_ref idref="oc-50"/>
      </symbol>
      <symbol id="sm-631">
         <name>_MCBSP1_to_Codec_Config</name>
         <value>0xba14</value>
         <object_component_ref idref="oc-50"/>
      </symbol>
      <symbol id="sm-632">
         <name>_Timer_init</name>
         <value>0x6f60</value>
         <object_component_ref idref="oc-ba"/>
      </symbol>
      <symbol id="sm-633">
         <name>_MCBSP1_to_GPIO_Config</name>
         <value>0xba54</value>
         <object_component_ref idref="oc-50"/>
      </symbol>
      <symbol id="sm-634">
         <name>_Codec_Config</name>
         <value>0xb9ec</value>
         <object_component_ref idref="oc-50"/>
      </symbol>
      <symbol id="sm-635">
         <name>_hAIC23_handle</name>
         <value>0xba80</value>
         <object_component_ref idref="oc-50"/>
      </symbol>
      <symbol id="sm-636">
         <name>_SPI_Handler</name>
         <value>0xba84</value>
         <object_component_ref idref="oc-50"/>
      </symbol>
      <symbol id="sm-637">
         <name>_Timer_Handler</name>
         <value>0xba8c</value>
         <object_component_ref idref="oc-50"/>
      </symbol>
      <symbol id="sm-638">
         <name>_CodecEventId</name>
         <value>0xba90</value>
         <object_component_ref idref="oc-50"/>
      </symbol>
      <symbol id="sm-639">
         <name>_Codec_init</name>
         <value>0x7388</value>
         <object_component_ref idref="oc-ba"/>
      </symbol>
      <symbol id="sm-63a">
         <name>_SPIEventId</name>
         <value>0xba98</value>
         <object_component_ref idref="oc-50"/>
      </symbol>
      <symbol id="sm-63b">
         <name>_TimerEventId</name>
         <value>0xba94</value>
         <object_component_ref idref="oc-50"/>
      </symbol>
      <symbol id="sm-649">
         <name>_Codec_data</name>
         <value>0xba9c</value>
         <object_component_ref idref="oc-55"/>
      </symbol>
      <symbol id="sm-64a">
         <name>_Codec_in</name>
         <value>0xa170</value>
         <object_component_ref idref="oc-b1"/>
      </symbol>
      <symbol id="sm-64b">
         <name>_Codec_out</name>
         <value>0xa0a0</value>
         <object_component_ref idref="oc-b1"/>
      </symbol>
      <symbol id="sm-64c">
         <name>_Play_codec</name>
         <value>0xa0e0</value>
         <object_component_ref idref="oc-b1"/>
      </symbol>
      <symbol id="sm-65a">
         <name>_vector12</name>
         <value>0x180</value>
         <object_component_ref idref="oc-5a"/>
      </symbol>
      <symbol id="sm-65b">
         <name>_vector13</name>
         <value>0x1a0</value>
         <object_component_ref idref="oc-5a"/>
      </symbol>
      <symbol id="sm-65c">
         <name>_vector14</name>
         <value>0x1c0</value>
         <object_component_ref idref="oc-5a"/>
      </symbol>
      <symbol id="sm-65d">
         <name>_vector15</name>
         <value>0x1e0</value>
         <object_component_ref idref="oc-5a"/>
      </symbol>
      <symbol id="sm-65e">
         <name>_vectors</name>
         <value>0x0</value>
         <object_component_ref idref="oc-5a"/>
      </symbol>
      <symbol id="sm-65f">
         <name>_vector1</name>
         <value>0x20</value>
         <object_component_ref idref="oc-5a"/>
      </symbol>
      <symbol id="sm-660">
         <name>_vector3</name>
         <value>0x60</value>
         <object_component_ref idref="oc-5a"/>
      </symbol>
      <symbol id="sm-661">
         <name>_vector2</name>
         <value>0x40</value>
         <object_component_ref idref="oc-5a"/>
      </symbol>
      <symbol id="sm-662">
         <name>_vector5</name>
         <value>0xa0</value>
         <object_component_ref idref="oc-5a"/>
      </symbol>
      <symbol id="sm-663">
         <name>_vector4</name>
         <value>0x80</value>
         <object_component_ref idref="oc-5a"/>
      </symbol>
      <symbol id="sm-664">
         <name>_vector7</name>
         <value>0xe0</value>
         <object_component_ref idref="oc-5a"/>
      </symbol>
      <symbol id="sm-665">
         <name>_vector6</name>
         <value>0xc0</value>
         <object_component_ref idref="oc-5a"/>
      </symbol>
      <symbol id="sm-666">
         <name>_vector9</name>
         <value>0x120</value>
         <object_component_ref idref="oc-5a"/>
      </symbol>
      <symbol id="sm-667">
         <name>_vector8</name>
         <value>0x100</value>
         <object_component_ref idref="oc-5a"/>
      </symbol>
      <symbol id="sm-675">
         <name>__IRQ_eventTable</name>
         <value>0xb920</value>
         <object_component_ref idref="oc-60"/>
      </symbol>
      <symbol id="sm-676">
         <name>__IRQ_intTable</name>
         <value>0xb9a4</value>
         <object_component_ref idref="oc-60"/>
      </symbol>
      <symbol id="sm-677">
         <name>_IRQ_map</name>
         <value>0x9460</value>
         <object_component_ref idref="oc-c1"/>
      </symbol>
      <symbol id="sm-678">
         <name>__IRQ_dispatchTable</name>
         <value>0xb9e4</value>
         <object_component_ref idref="oc-60"/>
      </symbol>
      <symbol id="sm-679">
         <name>__IRQ_hookFetchPacket</name>
         <value>0xace0</value>
         <object_component_ref idref="oc-5e"/>
      </symbol>
      <symbol id="sm-687">
         <name>_MCBSP_reset</name>
         <value>0x9600</value>
         <object_component_ref idref="oc-cc"/>
      </symbol>
      <symbol id="sm-688">
         <name>_MCBSP_open</name>
         <value>0xa3a0</value>
         <object_component_ref idref="oc-bf"/>
      </symbol>
      <symbol id="sm-689">
         <name>__MCBSP_hDev0</name>
         <value>0xbb50</value>
         <object_component_ref idref="oc-63"/>
      </symbol>
      <symbol id="sm-68a">
         <name>__MCBSP_hDev1</name>
         <value>0xbb54</value>
         <object_component_ref idref="oc-63"/>
      </symbol>
      <symbol id="sm-68b">
         <name>_MCBSP_start</name>
         <value>0xa1a0</value>
         <object_component_ref idref="oc-c0"/>
      </symbol>
      <symbol id="sm-697">
         <name>_TIMER_reset</name>
         <value>0x9e60</value>
         <object_component_ref idref="oc-cb"/>
      </symbol>
      <symbol id="sm-698">
         <name>_TIMER_open</name>
         <value>0x9a80</value>
         <object_component_ref idref="oc-be"/>
      </symbol>
      <symbol id="sm-699">
         <name>__TIMER_hDev0</name>
         <value>0xbbcc</value>
         <object_component_ref idref="oc-66"/>
      </symbol>
      <symbol id="sm-69a">
         <name>__TIMER_hDev1</name>
         <value>0xbbd0</value>
         <object_component_ref idref="oc-66"/>
      </symbol>
      <symbol id="sm-69b">
         <name>__TIMER_hBios</name>
         <value>0xbbd4</value>
         <object_component_ref idref="oc-66"/>
      </symbol>
      <symbol id="sm-69c">
         <name>__TIMER_deviceTable</name>
         <value>0xbbb4</value>
         <object_component_ref idref="oc-66"/>
      </symbol>
      <symbol id="sm-6a8">
         <name>_c_int00</name>
         <value>0xaae0</value>
         <object_component_ref idref="oc-e"/>
      </symbol>
      <symbol id="sm-6a9">
         <name>__stack</name>
         <value>0xad00</value>
         <object_component_ref idref="oc-69"/>
      </symbol>
      <symbol id="sm-6b7">
         <name>_cos</name>
         <value>0x7e00</value>
         <object_component_ref idref="oc-c6"/>
      </symbol>
      <symbol id="sm-6c1">
         <name>__divd</name>
         <value>0x6840</value>
         <object_component_ref idref="oc-c5"/>
      </symbol>
      <symbol id="sm-6cb">
         <name>__divf</name>
         <value>0x8160</value>
         <object_component_ref idref="oc-c8"/>
      </symbol>
      <symbol id="sm-6d3">
         <name>__c6xabi_divu</name>
         <value>0xa640</value>
         <object_component_ref idref="oc-ca"/>
      </symbol>
      <symbol id="sm-6d4">
         <name>__divu</name>
         <value>0xa640</value>
         <object_component_ref idref="oc-ca"/>
      </symbol>
      <symbol id="sm-6e4">
         <name>C$$EXIT</name>
         <value>0xacc0</value>
         <object_component_ref idref="oc-b6"/>
      </symbol>
      <symbol id="sm-6e5">
         <name>_exit</name>
         <value>0xa480</value>
         <object_component_ref idref="oc-b0"/>
      </symbol>
      <symbol id="sm-6e6">
         <name>___TI_enable_exit_profile_output</name>
         <value>0xbc0c</value>
         <object_component_ref idref="oc-7c"/>
      </symbol>
      <symbol id="sm-6e7">
         <name>_abort</name>
         <value>0xacc0</value>
         <object_component_ref idref="oc-b6"/>
      </symbol>
      <symbol id="sm-6e8">
         <name>__cleanup_ptr</name>
         <value>0xbc04</value>
         <object_component_ref idref="oc-7c"/>
      </symbol>
      <symbol id="sm-6e9">
         <name>__dtors_ptr</name>
         <value>0xbc08</value>
         <object_component_ref idref="oc-7c"/>
      </symbol>
      <symbol id="sm-6f3">
         <name>__frcmpyd_div</name>
         <value>0x9be0</value>
         <object_component_ref idref="oc-cf"/>
      </symbol>
      <symbol id="sm-6fd">
         <name>__divul</name>
         <value>0x8e00</value>
         <object_component_ref idref="oc-d4"/>
      </symbol>
      <symbol id="sm-707">
         <name>__llshru</name>
         <value>0xab60</value>
         <object_component_ref idref="oc-ce"/>
      </symbol>
      <symbol id="sm-711">
         <name>_memset</name>
         <value>0x9f80</value>
         <object_component_ref idref="oc-d7"/>
      </symbol>
      <symbol id="sm-71b">
         <name>_modf</name>
         <value>0xa560</value>
         <object_component_ref idref="oc-d2"/>
      </symbol>
      <symbol id="sm-725">
         <name>__mpyll</name>
         <value>0xa880</value>
         <object_component_ref idref="oc-d6"/>
      </symbol>
      <symbol id="sm-72f">
         <name>__nround</name>
         <value>0xa700</value>
         <object_component_ref idref="oc-d1"/>
      </symbol>
      <symbol id="sm-73d">
         <name>_sin</name>
         <value>0x84a0</value>
         <object_component_ref idref="oc-c7"/>
      </symbol>
      <symbol id="sm-745">
         <name>__c6xabi_strasgi</name>
         <value>0x9d20</value>
         <object_component_ref idref="oc-bd"/>
      </symbol>
      <symbol id="sm-746">
         <name>__strasgi</name>
         <value>0x9d20</value>
         <object_component_ref idref="oc-bd"/>
      </symbol>
      <symbol id="sm-750">
         <name>__trunc</name>
         <value>0xac60</value>
         <object_component_ref idref="oc-d0"/>
      </symbol>
      <symbol id="sm-75a">
         <name>__args_main</name>
         <value>0xac20</value>
         <object_component_ref idref="oc-af"/>
      </symbol>
      <symbol id="sm-75b">
         <name>__TI_args_main</name>
         <value>0x1</value>
      </symbol>
      <symbol id="sm-765">
         <name>__auto_init</name>
         <value>0xa2a0</value>
         <object_component_ref idref="oc-ae"/>
      </symbol>
      <symbol id="sm-76f">
         <name>___TI_cpp_init</name>
         <value>0xaa60</value>
         <object_component_ref idref="oc-b4"/>
      </symbol>
      <symbol id="sm-779">
         <name>_copy_in</name>
         <value>0xa7c0</value>
         <object_component_ref idref="oc-b2"/>
      </symbol>
      <symbol id="sm-783">
         <name>_memcpy</name>
         <value>0x9060</value>
         <object_component_ref idref="oc-b3"/>
      </symbol>
   </symbol_table>
</link_info>
