******************************************************************************
               TMS320C6x Linker PC v7.4.4                      
******************************************************************************
>> Linked Fri Jan 11 00:24:02 2019

OUTPUT FILE NAME:   <Proyecto_DSK.out>
ENTRY POINT SYMBOL: "_c_int00"  address: 0000aae0


MEMORY CONFIGURATION

         name            origin    length      used     unused   attr    fill
----------------------  --------  ---------  --------  --------  ----  --------
  IVECS                 00000000   00000220  00000200  00000020  RWIX
  IRAM                  00000220   0002fde0  0000bb08  000242d8  RWIX
  SDRAM                 80000000   01000000  00e00000  00200000  RWIX
  FLASH                 90000000   00020000  00000000  00020000  RWIX


SECTION ALLOCATION MAP

 output                                  attributes/
section   page    origin      length       input sections
--------  ----  ----------  ----------   ----------------
.vecs      0    00000000    00000200     
                  00000000    00000200     Vectors_intr.obj (.vecs)

$BRID      0    00000000    00000154     COPY SECTION
                  00000000    00000078     csl6713.lib : csl_irq.obj ($BRID)
                  00000078    0000007c                 : csl_mcbsp.obj ($BRID)
                  000000f4    00000060                 : csl_timer.obj ($BRID)

.text      0    00000220    0000aae0     
                  00000220    00004f40     ff.obj (.text)
                  00005160    00000ec0     sdmm.obj (.text)
                  00006020    00000820     Resp_impulso.obj (.text)
                  00006840    00000720     rts6700.lib : divd.obj (.text:__divd)
                  00006f60    000005a0     Inicializaciones.obj (.text)
                  00007500    000004e0     SD.obj (.text)
                  000079e0    00000420     dsk6713.obj (.text)
                  00007e00    00000360     rts6700.lib : cos.obj (.text:_cos)
                  00008160    00000340                 : divf.obj (.text:__divf)
                  000084a0    00000340                 : sin.obj (.text:_sin)
                  000087e0    00000320     main.obj (.text)
                  00008b00    00000300     dsk6713_aic23_opencodec.obj (.text)
                  00008e00    00000260     rts6700.lib : imath40.obj (.text:__divul)
                  00009060    00000240                 : memcpy62.obj (.text:_memcpy)
                  000092a0    000001c0     main.obj (.text:retain)
                  00009460    000001a0     csl6713.lib : csl_irq.obj (.text:_IRQ_map)
                  00009600    00000180                 : csl_mcbsp.obj (.text:_MCBSP_reset)
                  00009780    00000180     dsk6713_aic23_registers.obj (.text)
                  00009900    00000180     dsk6713_led.obj (.text)
                  00009a80    00000160     csl6713.lib : csl_timer.obj (.text:_TIMER_open)
                  00009be0    00000140     rts6700.lib : frcmpyd_div.obj (.text:__frcmpyd_div)
                  00009d20    00000140                 : strasg.obj (.text:__strasgi)
                  00009e60    00000120     csl6713.lib : csl_timer.obj (.text:_TIMER_reset)
                  00009f80    00000120     rts6700.lib : memset.obj (.text:_memset)
                  0000a0a0    00000100     Codec.obj (.text)
                  0000a1a0    00000100     csl6713.lib : csl_mcbsp.obj (.text:_MCBSP_start)
                  0000a2a0    00000100     rts6700.lib : autoinit.obj (.text:__auto_init)
                  0000a3a0    000000e0     csl6713.lib : csl_mcbsp.obj (.text:_MCBSP_open)
                  0000a480    000000e0     rts6700.lib : exit.obj (.text:_exit)
                  0000a560    000000e0                 : modf.obj (.text:_modf)
                  0000a640    000000c0                 : divu.obj (.text:__divu)
                  0000a700    000000c0                 : round.obj (.text:__nround)
                  0000a7c0    000000c0                 : cpy_tbl.obj (.text:_copy_in)
                  0000a880    000000a0                 : mpyll.obj (.text:__mpyll)
                  0000a920    000000a0     csl6713.lib : csl_irq.obj (.text:_setMux)
                  0000a9c0    000000a0     dsk6713_aic23_setfreq.obj (.text)
                  0000aa60    00000080     rts6700.lib : cpp_init.obj (.text:___TI_cpp_init)
                  0000aae0    00000080                 : boot.obj (.text:_c_int00)
                  0000ab60    00000060                 : llshift.obj (.text:__llshru)
                  0000abc0    00000060     dsk6713_dip.obj (.text)
                  0000ac20    00000040     rts6700.lib : args_main.obj (.text:__args_main)
                  0000ac60    00000040                 : trunc.obj (.text:__trunc)
                  0000aca0    00000020     Vectors_intr.obj (.text)
                  0000acc0    00000020     rts6700.lib : exit.obj (.text:_abort)
                  0000ace0    00000020     csl6713.lib : csl_irq.obj (.text)

.bss       0    00000220    00000000     UNINITIALIZED

.stack     0    0000ad00    00000800     UNINITIALIZED
                  0000ad00    00000008     rts6700.lib : boot.obj (.stack)
                  0000ad08    000007f8     --HOLE--

.cinit     0    0000b500    000003f4     
                  0000b500    0000012c     csl6713.lib : csl_irq.obj (.cinit)
                  0000b62c    00000004     --HOLE-- [fill = 0]
                  0000b630    000000bc     Inicializaciones.obj (.cinit)
                  0000b6ec    00000004     --HOLE-- [fill = 0]
                  0000b6f0    00000054     csl6713.lib : csl_mcbsp.obj (.cinit)
                  0000b744    00000004     --HOLE-- [fill = 0]
                  0000b748    0000004c                 : csl_timer.obj (.cinit)
                  0000b794    00000004     --HOLE-- [fill = 0]
                  0000b798    00000048     rts6700.lib : cos.obj (.cinit)
                  0000b7e0    00000048                 : sin.obj (.cinit)
                  0000b828    00000030     dsk6713_aic23_registers.obj (.cinit)
                  0000b858    0000002c     main.obj (.cinit)
                  0000b884    00000004     --HOLE-- [fill = 0]
                  0000b888    0000002c     rts6700.lib : exit.obj (.cinit)
                  0000b8b4    00000004     --HOLE-- [fill = 0]
                  0000b8b8    00000028     dsk6713_aic23_setfreq.obj (.cinit)
                  0000b8e0    00000009     sdmm.obj (.cinit)
                  0000b8e9    00000007     --HOLE-- [fill = 0]
                  0000b8f0    00000004     (.pad.cinit) [fill = 0]

.far       0    0000b8f8    0000032c     UNINITIALIZED
                  0000b8f8    000000f4     csl6713.lib : csl_irq.obj (.far)
                  0000b9ec    000000b0     Inicializaciones.obj (.far)
                  0000ba9c    00000004     Codec.obj (.far)
                  0000baa0    00000040     rts6700.lib : cos.obj (.far)
                  0000bae0    00000040                 : sin.obj (.far)
                  0000bb20    00000038     csl6713.lib : csl_mcbsp.obj (.far)
                  0000bb58    00000034     SD.obj (.far)
                  0000bb8c    00000028     dsk6713_aic23_registers.obj (.far)
                  0000bbb4    00000024     csl6713.lib : csl_timer.obj (.far)
                  0000bbd8    00000020     dsk6713_aic23_setfreq.obj (.far)
                  0000bbf8    0000000c     main.obj (.far)
                  0000bc04    0000000c     rts6700.lib : exit.obj (.far)
                  0000bc10    00000008     dsk6713_aic23_opencodec.obj (.far)
                  0000bc18    00000006     ff.obj (.far)
                  0000bc1e    00000002     dsk6713.obj (.far)
                  0000bc20    00000002     dsk6713_led.obj (.far)
                  0000bc22    00000002     sdmm.obj (.far)

.const     0    0000bc24    00000108     
                  0000bc24    00000080     ff.obj (.const:.string:_ExCvt)
                  0000bca4    00000040     dsk6713_aic23_opencodec.obj (.const)
                  0000bce4    00000020     dsk6713.obj (.const)
                  0000bd04    0000001c     ff.obj (.const:.string)
                  0000bd20    0000000c     SD.obj (.const:.string)

.EXT_RAM   0    80000000    00e00000     UNINITIALIZED
                  80000000    00e00000     main.obj (.EXT_RAM)


GLOBAL SYMBOLS: SORTED ALPHABETICALLY BY Name 

address    name
--------   ----
00000220   $bss
00000220   .bss
00000220   .text
0000acc0   C$$EXIT
00006020   _Bit_reversal
0000ba90   _CodecEventId
0000b9ec   _Codec_Config
0000ba9c   _Codec_data
0000a170   _Codec_in
00007388   _Codec_init
0000a0a0   _Codec_out
0000bc10   _DSK6713_AIC23_codeccontrolhandle
0000bc14   _DSK6713_AIC23_codecdatahandle
0000985c   _DSK6713_AIC23_config
00008b00   _DSK6713_AIC23_openCodec
00009838   _DSK6713_AIC23_rget
00009780   _DSK6713_AIC23_rset
0000a9c0   _DSK6713_AIC23_setFreq
0000abc8   _DSK6713_DIP_get
0000abc0   _DSK6713_DIP_init
00009a40   _DSK6713_LED_init
0000995c   _DSK6713_LED_off
00009900   _DSK6713_LED_on
000099bc   _DSK6713_LED_toggle
00007b04   _DSK6713_getVersion
00007b60   _DSK6713_init
00007a94   _DSK6713_rget
00007a80   _DSK6713_rset
0000bc1e   _DSK6713_version
000079e0   _DSK6713_wait
00007a4c   _DSK6713_waitusec
0000ba88   _GPIO_Handler
00009460   _IRQ_map
00007258   _Interrup_init
00007890   _Load_sweep
0000ba34   _MCBSP0_to_SPI_Config
0000ba14   _MCBSP1_to_Codec_Config
0000ba54   _MCBSP1_to_GPIO_Config
0000a3a0   _MCBSP_open
00009600   _MCBSP_reset
0000a1a0   _MCBSP_start
00006144   _Normalize
000065ec   _Obtener_RI
0000a0e0   _Play_codec
00007064   _SD_init
0000ba98   _SPIEventId
0000ba84   _SPI_Handler
0000bb84   _Sample
000076c0   _Save_RI
00007500   _Save_sweep
00009a80   _TIMER_open
00009e60   _TIMER_reset
0000ba94   _TimerEventId
0000ba74   _Timer_Config
0000ba8c   _Timer_Handler
00006f60   _Timer_init
000064d0   _Twiddle_init
00006480   _Vectores_reset
0000bb58   _WavHeader
0000b9e4   __IRQ_dispatchTable
0000b920   __IRQ_eventTable
0000ace0   __IRQ_hookFetchPacket
0000b9a4   __IRQ_intTable
0000bb50   __MCBSP_hDev0
0000bb54   __MCBSP_hDev1
0000b500   __STACK_END
00000800   __STACK_SIZE
0000bbb4   __TIMER_deviceTable
0000bbd4   __TIMER_hBios
0000bbcc   __TIMER_hDev0
0000bbd0   __TIMER_hDev1
00000001   __TI_args_main
0000aa60   ___TI_cpp_init
0000bc0c   ___TI_enable_exit_profile_output
ffffffff   ___TI_pprof_out_hndl
ffffffff   ___TI_prof_data_size
ffffffff   ___TI_prof_data_start
ffffffff   ___binit__
00000220   ___bss__
ffffffff   ___c_args__
0000b500   ___cinit__
00000220   ___end__
0000ad00   ___etext__
ffffffff   ___pinit__
00000220   ___text__
0000ac20   __args_main
0000a2a0   __auto_init
0000a640   __c6xabi_divu
00009d20   __c6xabi_strasgi
0000bc04   __cleanup_ptr
00006840   __divd
00008160   __divf
0000a640   __divu
00008e00   __divul
0000bc08   __dtors_ptr
00009be0   __frcmpyd_div
0000ab60   __llshru
0000a880   __mpyll
0000a700   __nround
0000ad00   __stack
00009d20   __strasgi
0000ac60   __trunc
0000acc0   _abort
0000aae0   _c_int00
000093e0   _c_int10
000092a0   _c_int11
0000a7c0   _copy_in
00007e00   _cos
0000bbf8   _cuentas
00005ce0   _disk_initialize
00005b08   _disk_ioctl
000059f8   _disk_read
00005160   _disk_status
000057a8   _disk_write
0000a480   _exit
000050f4   _f_close
000050b4   _f_closedir
00004d7c   _f_getfree
00004828   _f_lseek
00004530   _f_mkdir
00004484   _f_mount
00003f6c   _f_open
00003e48   _f_opendir
00003a20   _f_read
00003944   _f_readdir
00003648   _f_rename
000033f4   _f_stat
0000316c   _f_sync
00002ee4   _f_truncate
00002d0c   _f_unlink
00000efc   _f_write
00006338   _fft
0000ba80   _hAIC23_handle
000061dc   _ifft
0000bc00   _j
80400000   _left_ch
000087e0   _main
00009060   _memcpy
00009f80   _memset
0000a560   _modf
0000bbfc   _puls_levantados
80800000   _right_ch
000084a0   _sin
80000000   _sweep
80c00000   _twiddles
00000020   _vector1
00000180   _vector12
000001a0   _vector13
000001c0   _vector14
000001e0   _vector15
00000040   _vector2
00000060   _vector3
00000080   _vector4
000000a0   _vector5
000000c0   _vector6
000000e0   _vector7
00000100   _vector8
00000120   _vector9
00000000   _vectors
ffffffff   binit
0000b500   cinit
00000220   end
0000ad00   etext
ffffffff   pinit


GLOBAL SYMBOLS: SORTED BY Symbol Address 

address    name
--------   ----
00000000   _vectors
00000001   __TI_args_main
00000020   _vector1
00000040   _vector2
00000060   _vector3
00000080   _vector4
000000a0   _vector5
000000c0   _vector6
000000e0   _vector7
00000100   _vector8
00000120   _vector9
00000180   _vector12
000001a0   _vector13
000001c0   _vector14
000001e0   _vector15
00000220   $bss
00000220   .bss
00000220   .text
00000220   ___bss__
00000220   ___end__
00000220   ___text__
00000220   end
00000800   __STACK_SIZE
00000efc   _f_write
00002d0c   _f_unlink
00002ee4   _f_truncate
0000316c   _f_sync
000033f4   _f_stat
00003648   _f_rename
00003944   _f_readdir
00003a20   _f_read
00003e48   _f_opendir
00003f6c   _f_open
00004484   _f_mount
00004530   _f_mkdir
00004828   _f_lseek
00004d7c   _f_getfree
000050b4   _f_closedir
000050f4   _f_close
00005160   _disk_status
000057a8   _disk_write
000059f8   _disk_read
00005b08   _disk_ioctl
00005ce0   _disk_initialize
00006020   _Bit_reversal
00006144   _Normalize
000061dc   _ifft
00006338   _fft
00006480   _Vectores_reset
000064d0   _Twiddle_init
000065ec   _Obtener_RI
00006840   __divd
00006f60   _Timer_init
00007064   _SD_init
00007258   _Interrup_init
00007388   _Codec_init
00007500   _Save_sweep
000076c0   _Save_RI
00007890   _Load_sweep
000079e0   _DSK6713_wait
00007a4c   _DSK6713_waitusec
00007a80   _DSK6713_rset
00007a94   _DSK6713_rget
00007b04   _DSK6713_getVersion
00007b60   _DSK6713_init
00007e00   _cos
00008160   __divf
000084a0   _sin
000087e0   _main
00008b00   _DSK6713_AIC23_openCodec
00008e00   __divul
00009060   _memcpy
000092a0   _c_int11
000093e0   _c_int10
00009460   _IRQ_map
00009600   _MCBSP_reset
00009780   _DSK6713_AIC23_rset
00009838   _DSK6713_AIC23_rget
0000985c   _DSK6713_AIC23_config
00009900   _DSK6713_LED_on
0000995c   _DSK6713_LED_off
000099bc   _DSK6713_LED_toggle
00009a40   _DSK6713_LED_init
00009a80   _TIMER_open
00009be0   __frcmpyd_div
00009d20   __c6xabi_strasgi
00009d20   __strasgi
00009e60   _TIMER_reset
00009f80   _memset
0000a0a0   _Codec_out
0000a0e0   _Play_codec
0000a170   _Codec_in
0000a1a0   _MCBSP_start
0000a2a0   __auto_init
0000a3a0   _MCBSP_open
0000a480   _exit
0000a560   _modf
0000a640   __c6xabi_divu
0000a640   __divu
0000a700   __nround
0000a7c0   _copy_in
0000a880   __mpyll
0000a9c0   _DSK6713_AIC23_setFreq
0000aa60   ___TI_cpp_init
0000aae0   _c_int00
0000ab60   __llshru
0000abc0   _DSK6713_DIP_init
0000abc8   _DSK6713_DIP_get
0000ac20   __args_main
0000ac60   __trunc
0000acc0   C$$EXIT
0000acc0   _abort
0000ace0   __IRQ_hookFetchPacket
0000ad00   ___etext__
0000ad00   __stack
0000ad00   etext
0000b500   __STACK_END
0000b500   ___cinit__
0000b500   cinit
0000b920   __IRQ_eventTable
0000b9a4   __IRQ_intTable
0000b9e4   __IRQ_dispatchTable
0000b9ec   _Codec_Config
0000ba14   _MCBSP1_to_Codec_Config
0000ba34   _MCBSP0_to_SPI_Config
0000ba54   _MCBSP1_to_GPIO_Config
0000ba74   _Timer_Config
0000ba80   _hAIC23_handle
0000ba84   _SPI_Handler
0000ba88   _GPIO_Handler
0000ba8c   _Timer_Handler
0000ba90   _CodecEventId
0000ba94   _TimerEventId
0000ba98   _SPIEventId
0000ba9c   _Codec_data
0000bb50   __MCBSP_hDev0
0000bb54   __MCBSP_hDev1
0000bb58   _WavHeader
0000bb84   _Sample
0000bbb4   __TIMER_deviceTable
0000bbcc   __TIMER_hDev0
0000bbd0   __TIMER_hDev1
0000bbd4   __TIMER_hBios
0000bbf8   _cuentas
0000bbfc   _puls_levantados
0000bc00   _j
0000bc04   __cleanup_ptr
0000bc08   __dtors_ptr
0000bc0c   ___TI_enable_exit_profile_output
0000bc10   _DSK6713_AIC23_codeccontrolhandle
0000bc14   _DSK6713_AIC23_codecdatahandle
0000bc1e   _DSK6713_version
80000000   _sweep
80400000   _left_ch
80800000   _right_ch
80c00000   _twiddles
ffffffff   ___TI_pprof_out_hndl
ffffffff   ___TI_prof_data_size
ffffffff   ___TI_prof_data_start
ffffffff   ___binit__
ffffffff   ___c_args__
ffffffff   ___pinit__
ffffffff   binit
ffffffff   pinit

[164 symbols]
