******************************************************************************
               TMS320C6x Linker PC v7.4.4                      
******************************************************************************
>> Linked Tue Oct 30 12:06:54 2018

OUTPUT FILE NAME:   <Proyecto_DSK.out>
ENTRY POINT SYMBOL: "_c_int00"  address: 0000b1e0


MEMORY CONFIGURATION

         name            origin    length      used     unused   attr    fill
----------------------  --------  ---------  --------  --------  ----  --------
  IVECS                 00000000   00000220  00000200  00000020  RWIX
  IRAM                  00000220   0002fde0  0000c630  000237b0  RWIX
  SDRAM                 80000000   01000000  00075300  00f8ad00  RWIX
  FLASH                 90000000   00020000  00000000  00020000  RWIX


SECTION ALLOCATION MAP

 output                                  attributes/
section   page    origin      length       input sections
--------  ----  ----------  ----------   ----------------
.vecs      0    00000000    00000200     
                  00000000    00000200     Vectors_intr.obj (.vecs)

$BRID      0    00000000    00000154     COPY SECTION
                  00000000    00000078     csl6713.lib : csl_irq.obj ($BRID)
                  00000078    0000007c                 : csl_mcbsp.obj ($BRID)
                  000000f4    00000060                 : csl_timer.obj ($BRID)

.text      0    00000220    0000b180     
                  00000220    000062a0     ff.obj (.text)
                  000064c0    000013e0     sdmm.obj (.text)
                  000078a0    00000720     rts6700.lib : divd.obj (.text:__divd)
                  00007fc0    00000560     Inicializaciones.obj (.text)
                  00008520    00000460     dsk6713.obj (.text)
                  00008980    00000340     rts6700.lib : sin.obj (.text:_sin)
                  00008cc0    00000320     dsk6713_aic23_opencodec.obj (.text)
                  00008fe0    00000280     main.obj (.text)
                  00009260    00000260     rts6700.lib : imath40.obj (.text:__divul)
                  000094c0    00000260                 : exp.obj (.text:_exp)
                  00009720    00000240                 : memcpy62.obj (.text:_memcpy)
                  00009960    00000220     Funciones.obj (.text)
                  00009b80    000001a0     csl6713.lib : csl_irq.obj (.text:_IRQ_map)
                  00009d20    00000180                 : csl_mcbsp.obj (.text:_MCBSP_reset)
                  00009ea0    00000180     rts6700.lib : ldexp.obj (.text:_ldexp)
                  0000a020    00000180     dsk6713_aic23_registers.obj (.text)
                  0000a1a0    00000180     main.obj (.text:retain)
                  0000a320    00000160     csl6713.lib : csl_timer.obj (.text:_TIMER_open)
                  0000a480    00000140     rts6700.lib : frcmpyd_div.obj (.text:__frcmpyd_div)
                  0000a5c0    00000140                 : strasg.obj (.text:__strasgi)
                  0000a700    00000120     csl6713.lib : csl_timer.obj (.text:_TIMER_reset)
                  0000a820    00000120     rts6700.lib : memset.obj (.text:_memset)
                  0000a940    00000100     csl6713.lib : csl_mcbsp.obj (.text:_MCBSP_start)
                  0000aa40    00000100     rts6700.lib : autoinit.obj (.text:__auto_init)
                  0000ab40    000000e0     csl6713.lib : csl_mcbsp.obj (.text:_MCBSP_open)
                  0000ac20    000000e0     rts6700.lib : exit.obj (.text:_exit)
                  0000ad00    000000e0                 : modf.obj (.text:_modf)
                  0000ade0    000000c0                 : round.obj (.text:__nround)
                  0000aea0    000000c0                 : cpy_tbl.obj (.text:_copy_in)
                  0000af60    000000c0     dsk6713_aic23_setfreq.obj (.text)
                  0000b020    000000a0     rts6700.lib : mpyll.obj (.text:__mpyll)
                  0000b0c0    000000a0     csl6713.lib : csl_irq.obj (.text:_setMux)
                  0000b160    00000080     rts6700.lib : cpp_init.obj (.text:___TI_cpp_init)
                  0000b1e0    00000080                 : boot.obj (.text:_c_int00)
                  0000b260    00000060                 : llshift.obj (.text:__llshru)
                  0000b2c0    00000040                 : args_main.obj (.text:__args_main)
                  0000b300    00000040                 : trunc.obj (.text:__trunc)
                  0000b340    00000020     Vectors_intr.obj (.text)
                  0000b360    00000020     rts6700.lib : exit.obj (.text:_abort)
                  0000b380    00000020     csl6713.lib : csl_irq.obj (.text)

.bss       0    00000220    00000000     UNINITIALIZED

.stack     0    0000b3a0    00000800     UNINITIALIZED
                  0000b3a0    00000008     rts6700.lib : boot.obj (.stack)
                  0000b3a8    000007f8     --HOLE--

.far       0    0000bba0    000007bc     UNINITIALIZED
                  0000bba0    000004dc     main.obj (.far)
                  0000c07c    000000f4     csl6713.lib : csl_irq.obj (.far)
                  0000c170    000000b0     Inicializaciones.obj (.far)
                  0000c220    00000040     rts6700.lib : sin.obj (.far)
                  0000c260    00000038     csl6713.lib : csl_mcbsp.obj (.far)
                  0000c298    00000030     rts6700.lib : exp.obj (.far)
                  0000c2c8    00000028     dsk6713_aic23_registers.obj (.far)
                  0000c2f0    00000024     csl6713.lib : csl_timer.obj (.far)
                  0000c314    00000020     dsk6713_aic23_setfreq.obj (.far)
                  0000c334    0000000c     rts6700.lib : exit.obj (.far)
                  0000c340    00000008     dsk6713_aic23_opencodec.obj (.far)
                  0000c348    00000006     ff.obj (.far)
                  0000c34e    00000002     dsk6713.obj (.far)
                  0000c350    00000004     Funciones.obj (.far)
                  0000c354    00000004     rts6700.lib : errno.obj (.far)
                  0000c358    00000002     dsk6713_led.obj (.far)
                  0000c35a    00000002     sdmm.obj (.far)

.cinit     0    0000c360    000003ec     
                  0000c360    0000012c     csl6713.lib : csl_irq.obj (.cinit)
                  0000c48c    00000004     --HOLE-- [fill = 0]
                  0000c490    000000bc     Inicializaciones.obj (.cinit)
                  0000c54c    00000004     --HOLE-- [fill = 0]
                  0000c550    00000054     csl6713.lib : csl_mcbsp.obj (.cinit)
                  0000c5a4    00000004     --HOLE-- [fill = 0]
                  0000c5a8    0000004c                 : csl_timer.obj (.cinit)
                  0000c5f4    00000004     --HOLE-- [fill = 0]
                  0000c5f8    00000048     rts6700.lib : sin.obj (.cinit)
                  0000c640    00000040                 : exp.obj (.cinit)
                  0000c680    00000030     dsk6713_aic23_registers.obj (.cinit)
                  0000c6b0    0000002c     rts6700.lib : exit.obj (.cinit)
                  0000c6dc    00000004     --HOLE-- [fill = 0]
                  0000c6e0    00000028     dsk6713_aic23_setfreq.obj (.cinit)
                  0000c708    0000001c     main.obj (.cinit)
                  0000c724    00000004     --HOLE-- [fill = 0]
                  0000c728    0000000c     rts6700.lib : errno.obj (.cinit)
                  0000c734    00000004     --HOLE-- [fill = 0]
                  0000c738    00000009     sdmm.obj (.cinit)
                  0000c741    00000007     --HOLE-- [fill = 0]
                  0000c748    00000004     (.pad.cinit) [fill = 0]

.const     0    0000c74c    00000108     
                  0000c74c    00000080     ff.obj (.const:.string:_ExCvt)
                  0000c7cc    00000040     dsk6713_aic23_opencodec.obj (.const)
                  0000c80c    00000020     dsk6713.obj (.const)
                  0000c82c    0000001c     ff.obj (.const:.string)
                  0000c848    0000000c     main.obj (.const:.string)

.EXT_RAM   0    80000000    00075300     UNINITIALIZED
                  80000000    00075300     Funciones.obj (.EXT_RAM)


GLOBAL SYMBOLS: SORTED ALPHABETICALLY BY Name 

address    name
--------   ----
00000220   $bss
00000220   .bss
00000220   .text
0000b360   C$$EXIT
0000c350   _AIC_data
0000c214   _CodecEventId
0000c170   _Codec_Config
0000c340   _DSK6713_AIC23_codeccontrolhandle
0000c344   _DSK6713_AIC23_codecdatahandle
0000a11c   _DSK6713_AIC23_config
00008cc0   _DSK6713_AIC23_openCodec
0000a0f8   _DSK6713_AIC23_rget
0000a020   _DSK6713_AIC23_rset
0000af60   _DSK6713_AIC23_setFreq
00008690   _DSK6713_getVersion
000086ec   _DSK6713_init
000085fc   _DSK6713_rget
000085e8   _DSK6713_rset
0000c34e   _DSK6713_version
00008520   _DSK6713_wait
000085b4   _DSK6713_waitusec
0000bba8   _FatFs
0000be00   _Fil
0000c20c   _GPIO_Handler
00009b80   _IRQ_map
00009b30   _Input_data
000083f8   _Interrup_init
0000c1b8   _MCBSP0_to_SPI_Config
0000c198   _MCBSP1_to_Codec_Config
0000c1d8   _MCBSP1_to_GPIO_Config
000082b8   _MCBSP_Codec_init
000080c4   _MCBSP_SPI_init
0000ab40   _MCBSP_open
00009d20   _MCBSP_reset
0000a940   _MCBSP_start
00009960   _Output_data
0000c21c   _SPIEventId
0000c208   _SPI_Handler
00009a40   _Sweep
0000a320   _TIMER_open
0000a700   _TIMER_reset
0000c218   _TimerEventId
0000c1f8   _Timer_Config
0000c210   _Timer_Handler
00007fc0   _Timer_init
0000c050   _WaveFile
0000c168   __IRQ_dispatchTable
0000c0a4   __IRQ_eventTable
0000b380   __IRQ_hookFetchPacket
0000c128   __IRQ_intTable
0000c290   __MCBSP_hDev0
0000c294   __MCBSP_hDev1
0000bba0   __STACK_END
00000800   __STACK_SIZE
0000c2f0   __TIMER_deviceTable
0000c310   __TIMER_hBios
0000c308   __TIMER_hDev0
0000c30c   __TIMER_hDev1
00000001   __TI_args_main
0000b160   ___TI_cpp_init
0000c33c   ___TI_enable_exit_profile_output
ffffffff   ___TI_pprof_out_hndl
ffffffff   ___TI_prof_data_size
ffffffff   ___TI_prof_data_start
ffffffff   ___binit__
00000220   ___bss__
ffffffff   ___c_args__
0000c360   ___cinit__
00000220   ___end__
0000b3a0   ___etext__
ffffffff   ___pinit__
00000220   ___text__
0000b2c0   __args_main
0000aa40   __auto_init
0000a5c0   __c6xabi_strasgi
0000c334   __cleanup_ptr
000078a0   __divd
00009260   __divul
0000c338   __dtors_ptr
0000a480   __frcmpyd_div
0000b260   __llshru
0000b020   __mpyll
0000ade0   __nround
0000b3a0   __stack
0000a5c0   __strasgi
0000b300   __trunc
0000b360   _abort
0000c04c   _bw
0000b1e0   _c_int00
0000a28c   _c_int10
0000a1a0   _c_int11
0000aea0   _copy_in
0000bba0   _cuentas
000072ec   _disk_initialize
000070f4   _disk_ioctl
00006fc4   _disk_read
000064c0   _disk_status
00006c64   _disk_write
0000c354   _errno
0000ac20   _exit
000094c0   _exp
00006454   _f_close
00006414   _f_closedir
00006040   _f_getfree
00005a8c   _f_lseek
0000565c   _f_mkdir
000055b0   _f_mount
00004ee0   _f_open
00004d68   _f_opendir
00004704   _f_read
00004624   _f_readdir
00003f40   _f_rename
00003b7c   _f_stat
00003864   _f_sync
00003658   _f_truncate
00003420   _f_unlink
00000e30   _f_write
0000c204   _hAIC23_handle
0000bba4   _j
00009ea0   _ldexp
00008fe0   _main
00009720   _memcpy
0000a820   _memset
0000ad00   _modf
000099b0   _play_codec
0000c048   _resultado
00008980   _sin
80000000   _sweep_signal
00000020   _vector1
00000180   _vector12
000001a0   _vector13
000001c0   _vector14
000001e0   _vector15
00000040   _vector2
00000060   _vector3
00000080   _vector4
000000a0   _vector5
000000c0   _vector6
000000e0   _vector7
00000100   _vector8
00000120   _vector9
00000000   _vectors
ffffffff   binit
0000c360   cinit
00000220   end
0000b3a0   etext
ffffffff   pinit


GLOBAL SYMBOLS: SORTED BY Symbol Address 

address    name
--------   ----
00000000   _vectors
00000001   __TI_args_main
00000020   _vector1
00000040   _vector2
00000060   _vector3
00000080   _vector4
000000a0   _vector5
000000c0   _vector6
000000e0   _vector7
00000100   _vector8
00000120   _vector9
00000180   _vector12
000001a0   _vector13
000001c0   _vector14
000001e0   _vector15
00000220   $bss
00000220   .bss
00000220   .text
00000220   ___bss__
00000220   ___end__
00000220   ___text__
00000220   end
00000800   __STACK_SIZE
00000e30   _f_write
00003420   _f_unlink
00003658   _f_truncate
00003864   _f_sync
00003b7c   _f_stat
00003f40   _f_rename
00004624   _f_readdir
00004704   _f_read
00004d68   _f_opendir
00004ee0   _f_open
000055b0   _f_mount
0000565c   _f_mkdir
00005a8c   _f_lseek
00006040   _f_getfree
00006414   _f_closedir
00006454   _f_close
000064c0   _disk_status
00006c64   _disk_write
00006fc4   _disk_read
000070f4   _disk_ioctl
000072ec   _disk_initialize
000078a0   __divd
00007fc0   _Timer_init
000080c4   _MCBSP_SPI_init
000082b8   _MCBSP_Codec_init
000083f8   _Interrup_init
00008520   _DSK6713_wait
000085b4   _DSK6713_waitusec
000085e8   _DSK6713_rset
000085fc   _DSK6713_rget
00008690   _DSK6713_getVersion
000086ec   _DSK6713_init
00008980   _sin
00008cc0   _DSK6713_AIC23_openCodec
00008fe0   _main
00009260   __divul
000094c0   _exp
00009720   _memcpy
00009960   _Output_data
000099b0   _play_codec
00009a40   _Sweep
00009b30   _Input_data
00009b80   _IRQ_map
00009d20   _MCBSP_reset
00009ea0   _ldexp
0000a020   _DSK6713_AIC23_rset
0000a0f8   _DSK6713_AIC23_rget
0000a11c   _DSK6713_AIC23_config
0000a1a0   _c_int11
0000a28c   _c_int10
0000a320   _TIMER_open
0000a480   __frcmpyd_div
0000a5c0   __c6xabi_strasgi
0000a5c0   __strasgi
0000a700   _TIMER_reset
0000a820   _memset
0000a940   _MCBSP_start
0000aa40   __auto_init
0000ab40   _MCBSP_open
0000ac20   _exit
0000ad00   _modf
0000ade0   __nround
0000aea0   _copy_in
0000af60   _DSK6713_AIC23_setFreq
0000b020   __mpyll
0000b160   ___TI_cpp_init
0000b1e0   _c_int00
0000b260   __llshru
0000b2c0   __args_main
0000b300   __trunc
0000b360   C$$EXIT
0000b360   _abort
0000b380   __IRQ_hookFetchPacket
0000b3a0   ___etext__
0000b3a0   __stack
0000b3a0   etext
0000bba0   __STACK_END
0000bba0   _cuentas
0000bba4   _j
0000bba8   _FatFs
0000be00   _Fil
0000c048   _resultado
0000c04c   _bw
0000c050   _WaveFile
0000c0a4   __IRQ_eventTable
0000c128   __IRQ_intTable
0000c168   __IRQ_dispatchTable
0000c170   _Codec_Config
0000c198   _MCBSP1_to_Codec_Config
0000c1b8   _MCBSP0_to_SPI_Config
0000c1d8   _MCBSP1_to_GPIO_Config
0000c1f8   _Timer_Config
0000c204   _hAIC23_handle
0000c208   _SPI_Handler
0000c20c   _GPIO_Handler
0000c210   _Timer_Handler
0000c214   _CodecEventId
0000c218   _TimerEventId
0000c21c   _SPIEventId
0000c290   __MCBSP_hDev0
0000c294   __MCBSP_hDev1
0000c2f0   __TIMER_deviceTable
0000c308   __TIMER_hDev0
0000c30c   __TIMER_hDev1
0000c310   __TIMER_hBios
0000c334   __cleanup_ptr
0000c338   __dtors_ptr
0000c33c   ___TI_enable_exit_profile_output
0000c340   _DSK6713_AIC23_codeccontrolhandle
0000c344   _DSK6713_AIC23_codecdatahandle
0000c34e   _DSK6713_version
0000c350   _AIC_data
0000c354   _errno
0000c360   ___cinit__
0000c360   cinit
80000000   _sweep_signal
ffffffff   ___TI_pprof_out_hndl
ffffffff   ___TI_prof_data_size
ffffffff   ___TI_prof_data_start
ffffffff   ___binit__
ffffffff   ___c_args__
ffffffff   ___pinit__
ffffffff   binit
ffffffff   pinit

[147 symbols]
