******************************************************************************
               TMS320C6x Linker PC v7.4.4                      
******************************************************************************
>> Linked Mon Jun 15 18:55:57 2020

OUTPUT FILE NAME:   <Proyecto_DSK.out>
ENTRY POINT SYMBOL: "_c_int00"  address: 00010b20


MEMORY CONFIGURATION

         name            origin    length      used     unused   attr    fill
----------------------  --------  ---------  --------  --------  ----  --------
  IVECS                 00000000   00000220  00000200  00000020  RWIX
  IRAM                  00000220   0002fde0  000191d8  00016c08  RWIX
  SDRAM                 80000000   01000000  00e0000c  001ffff4  RWIX
  FLASH                 90000000   00020000  00000000  00020000  RWIX


SECTION ALLOCATION MAP

 output                                  attributes/
section   page    origin      length       input sections
--------  ----  ----------  ----------   ----------------
.vecs      0    00000000    00000200     
                  00000000    00000200     Vectors_intr.obj (.vecs)

$BRID      0    00000000    00000154     COPY SECTION
                  00000000    00000078     csl6713.lib : csl_irq.obj ($BRID)
                  00000078    0000007c                 : csl_mcbsp.obj ($BRID)
                  000000f4    00000060                 : csl_timer.obj ($BRID)

.text      0    00000220    00010ec0     
                  00000220    00004f40     ff.obj (.text)
                  00005160    00000fc0     impulse_response.obj (.text)
                  00006120    00000ec0     sdmm.obj (.text)
                  00006fe0    00000980     rts6700.lib : pow.obj (.text:_pow)
                  00007960    00000960     main.obj (.text)
                  000082c0    00000720     rts6700.lib : divd.obj (.text:__divd)
                  000089e0    000006c0                 : _printfi.obj (.text:__getarg_diouxp)
                  000090a0    00000680     initializations.obj (.text)
                  00009720    000005a0     rts6700.lib : _printfi.obj (.text:__setfield)
                  00009cc0    00000560                 : _printfi.obj (.text:__printfi)
                  0000a220    00000420                 : _printfi.obj (.text:_fcvt)
                  0000a640    00000420     dsk6713.obj (.text)
                  0000aa60    00000400     rts6700.lib : _printfi.obj (.text:__pproc_fge)
                  0000ae60    00000400                 : _printfi.obj (.text:_ecvt)
                  0000b260    00000380                 : imath64.obj (.text:__divull)
                  0000b5e0    00000360                 : _printfi.obj (.text:__pconv_e)
                  0000b940    00000360                 : _printfi.obj (.text:__pproc_fwp)
                  0000bca0    00000360                 : cos.obj (.text:_cos)
                  0000c000    00000340                 : divf.obj (.text:__divf)
                  0000c340    00000340                 : sin.obj (.text:_sin)
                  0000c680    00000320     main.obj (.text:retain)
                  0000c9a0    00000300     rts6700.lib : _printfi.obj (.text:__pproc_diouxp)
                  0000cca0    00000300     dsk6713_aic23_opencodec.obj (.text)
                  0000cfa0    000002c0     rts6700.lib : _printfi.obj (.text:__pconv_g)
                  0000d260    000002c0                 : _printfi.obj (.text:__pproc_str)
                  0000d520    00000280     sd.obj (.text)
                  0000d7a0    00000260     rts6700.lib : imath40.obj (.text:__divul)
                  0000da00    00000260                 : exp.obj (.text:_exp)
                  0000dc60    00000260                 : log.obj (.text:_log)
                  0000dec0    00000240                 : _printfi.obj (.text:__mcpy)
                  0000e100    00000240                 : memcpy62.obj (.text:_memcpy)
                  0000e340    000001a0     csl6713.lib : csl_irq.obj (.text:_IRQ_map)
                  0000e4e0    000001a0     rts6700.lib : _printfi.obj (.text:__ltostr)
                  0000e680    000001a0                 : _printfi.obj (.text:__pproc_fflags)
                  0000e820    00000180     csl6713.lib : csl_mcbsp.obj (.text:_MCBSP_reset)
                  0000e9a0    00000180     rts6700.lib : ldexp.obj (.text:_ldexp)
                  0000eb20    00000180     dsk6713_aic23_registers.obj (.text)
                  0000eca0    00000180     dsk6713_led.obj (.text)
                  0000ee20    00000160     csl6713.lib : csl_timer.obj (.text:_TIMER_open)
                  0000ef80    00000140     rts6700.lib : frcmpyd_div.obj (.text:__frcmpyd_div)
                  0000f0c0    00000140                 : strasg.obj (.text:__strasgi)
                  0000f200    00000140                 : atoi.obj (.text:_atoi)
                  0000f340    00000140                 : frexp.obj (.text:_frexp)
                  0000f480    00000140                 : sqrt.obj (.text:_sqrt)
                  0000f5c0    00000120     csl6713.lib : csl_timer.obj (.text:_TIMER_reset)
                  0000f6e0    00000120     rts6700.lib : ltoa.obj (.text:_ltoa)
                  0000f800    00000120                 : memset.obj (.text:_memset)
                  0000f920    00000120     codec.obj (.text)
                  0000fa40    00000100     csl6713.lib : csl_mcbsp.obj (.text:_MCBSP_start)
                  0000fb40    00000100     rts6700.lib : autoinit.obj (.text:__auto_init)
                  0000fc40    00000100                 : _printfi.obj (.text:__div)
                  0000fd40    00000100                 : imath40.obj (.text:__divli)
                  0000fe40    00000100                 : _printfi.obj (.text:__pconv_f)
                  0000ff40    000000e0     csl6713.lib : csl_mcbsp.obj (.text:_MCBSP_open)
                  00010020    000000e0     rts6700.lib : _printfi.obj (.text:__ecpy)
                  00010100    000000e0                 : _printfi.obj (.text:__fcpy)
                  000101e0    000000e0                 : exit.obj (.text:_exit)
                  000102c0    000000e0                 : modf.obj (.text:_modf)
                  000103a0    000000c0                 : divu.obj (.text:__divu)
                  00010460    000000c0                 : round.obj (.text:__nround)
                  00010520    000000c0                 : cpy_tbl.obj (.text:_copy_in)
                  000105e0    000000a0     csl6713.lib : csl_mcbsp.obj (.text:_MCBSP_close)
                  00010680    000000a0     rts6700.lib : fixdli.obj (.text:__fixdli)
                  00010720    000000a0                 : mpyll.obj (.text:__mpyll)
                  000107c0    000000a0                 : imath40.obj (.text:__remli)
                  00010860    000000a0     csl6713.lib : csl_irq.obj (.text:_setMux)
                  00010900    000000a0     dsk6713_aic23_setfreq.obj (.text)
                  000109a0    00000080     rts6700.lib : cpp_init.obj (.text:___TI_cpp_init)
                  00010a20    00000080                 : fltlid.obj (.text:__fltlid)
                  00010aa0    00000080                 : llshift.obj (.text:__llshl)
                  00010b20    00000080                 : boot.obj (.text:_c_int00)
                  00010ba0    00000080                 : log10.obj (.text:_log10)
                  00010c20    00000080                 : memccpy.obj (.text:_memccpy)
                  00010ca0    00000080                 : sprintf.obj (.text:_sprintf)
                  00010d20    00000080     dsk6713_aic23_closecodec.obj (.text)
                  00010da0    00000060     rts6700.lib : isinf.obj (.text:___isinf)
                  00010e00    00000060                 : llshift.obj (.text:__llshru)
                  00010e60    00000060                 : sprintf.obj (.text:__outs)
                  00010ec0    00000060                 : imath64.obj (.text:__subcull)
                  00010f20    00000060     dsk6713_dip.obj (.text)
                  00010f80    00000040     rts6700.lib : _printfi.obj (.text:___isnan)
                  00010fc0    00000040                 : args_main.obj (.text:__args_main)
                  00011000    00000040                 : trunc.obj (.text:__trunc)
                  00011040    00000020     Vectors_intr.obj (.text)
                  00011060    00000020     rts6700.lib : negll.obj (.text:__negll)
                  00011080    00000020                 : sprintf.obj (.text:__outc)
                  000110a0    00000020                 : exit.obj (.text:_abort)
                  000110c0    00000020     csl6713.lib : csl_irq.obj (.text)

.bss       0    00000220    00000000     UNINITIALIZED

.cinit     0    000110e0    00003d44     
                  000110e0    000036d4     impulse_response.obj (.cinit)
                  000147b4    00000004     --HOLE-- [fill = 0]
                  000147b8    00000140     rts6700.lib : pow.obj (.cinit)
                  000148f8    0000012c     csl6713.lib : csl_irq.obj (.cinit)
                  00014a24    00000004     --HOLE-- [fill = 0]
                  00014a28    000000d4     main.obj (.cinit)
                  00014afc    00000004     --HOLE-- [fill = 0]
                  00014b00    000000bc     initializations.obj (.cinit)
                  00014bbc    00000004     --HOLE-- [fill = 0]
                  00014bc0    00000054     csl6713.lib : csl_mcbsp.obj (.cinit)
                  00014c14    00000004     --HOLE-- [fill = 0]
                  00014c18    0000004c                 : csl_timer.obj (.cinit)
                  00014c64    00000004     --HOLE-- [fill = 0]
                  00014c68    00000048     rts6700.lib : cos.obj (.cinit)
                  00014cb0    00000048                 : sin.obj (.cinit)
                  00014cf8    00000040                 : exp.obj (.cinit)
                  00014d38    00000040                 : log.obj (.cinit)
                  00014d78    00000030     dsk6713_aic23_registers.obj (.cinit)
                  00014da8    0000002c     rts6700.lib : exit.obj (.cinit)
                  00014dd4    00000004     --HOLE-- [fill = 0]
                  00014dd8    00000028     dsk6713_aic23_setfreq.obj (.cinit)
                  00014e00    0000000c     rts6700.lib : errno.obj (.cinit)
                  00014e0c    00000004     --HOLE-- [fill = 0]
                  00014e10    00000009     sdmm.obj (.cinit)
                  00014e19    00000007     --HOLE-- [fill = 0]
                  00014e20    00000004     (.pad.cinit) [fill = 0]

.far       0    00014e28    00003ba4     UNINITIALIZED
                  00014e28    000036cc     impulse_response.obj (.far)
                  000184f4    00000004     codec.obj (.far)
                  000184f8    00000120     rts6700.lib : pow.obj (.far)
                  00018618    000000f4     csl6713.lib : csl_irq.obj (.far)
                  0001870c    000000b0     initializations.obj (.far)
                  000187bc    00000004     rts6700.lib : errno.obj (.far)
                  000187c0    00000040                 : cos.obj (.far)
                  00018800    00000040                 : sin.obj (.far)
                  00018840    00000038     csl6713.lib : csl_mcbsp.obj (.far)
                  00018878    00000038     main.obj (.far)
                  000188b0    00000030     rts6700.lib : exp.obj (.far)
                  000188e0    00000030                 : log.obj (.far)
                  00018910    00000030     sd.obj (.far)
                  00018940    00000028     dsk6713_aic23_registers.obj (.far)
                  00018968    00000024     csl6713.lib : csl_timer.obj (.far)
                  0001898c    00000020     dsk6713_aic23_setfreq.obj (.far)
                  000189ac    0000000c     rts6700.lib : exit.obj (.far)
                  000189b8    00000008     dsk6713_aic23_opencodec.obj (.far)
                  000189c0    00000006     ff.obj (.far)
                  000189c6    00000002     dsk6713.obj (.far)
                  000189c8    00000002     dsk6713_led.obj (.far)
                  000189ca    00000002     sdmm.obj (.far)

.stack     0    000189d0    00000800     UNINITIALIZED
                  000189d0    00000008     rts6700.lib : boot.obj (.stack)
                  000189d8    000007f8     --HOLE--

.const     0    000191d0    00000230     
                  000191d0    00000101     rts6700.lib : ctype.obj (.const:.string:__ctypes_)
                  000192d1    00000003     --HOLE-- [fill = 0]
                  000192d4    00000080     ff.obj (.const:.string:_ExCvt)
                  00019354    00000040     dsk6713_aic23_opencodec.obj (.const)
                  00019394    00000023     rts6700.lib : _printfi.obj (.const:.string)
                  000193b7    00000001     --HOLE-- [fill = 0]
                  000193b8    00000020     dsk6713.obj (.const)
                  000193d8    0000001c     ff.obj (.const:.string)
                  000193f4    0000000c     sd.obj (.const:.string)

.EXT_RAM   0    80000000    00e0000c     UNINITIALIZED
                  80000000    00e0000c     main.obj (.EXT_RAM)


GLOBAL SYMBOLS: SORTED ALPHABETICALLY BY Name 

address    name
--------   ----
00000220   $bss
00000220   .bss
00000220   .text
000110a0   C$$EXIT
000187b0   _CodecEventId
0001870c   _Codec_Config
00010d20   _DSK6713_AIC23_closeCodec
000189b8   _DSK6713_AIC23_codeccontrolhandle
000189bc   _DSK6713_AIC23_codecdatahandle
0000ebfc   _DSK6713_AIC23_config
0000cca0   _DSK6713_AIC23_openCodec
0000ebd8   _DSK6713_AIC23_rget
0000eb20   _DSK6713_AIC23_rset
00010900   _DSK6713_AIC23_setFreq
00010f28   _DSK6713_DIP_get
00010f20   _DSK6713_DIP_init
0000ede0   _DSK6713_LED_init
0000ecfc   _DSK6713_LED_off
0000eca0   _DSK6713_LED_on
0000ed5c   _DSK6713_LED_toggle
0000a764   _DSK6713_getVersion
0000a7c0   _DSK6713_init
0000a6f4   _DSK6713_rget
0000a6e0   _DSK6713_rset
000189c6   _DSK6713_version
0000a640   _DSK6713_wait
0000a6ac   _DSK6713_waitusec
000187a8   _GPIO_Handler
0000e340   _IRQ_map
00018754   _MCBSP0_to_SPI_Config
00018734   _MCBSP1_to_Codec_Config
00018774   _MCBSP1_to_GPIO_Config
000105e0   _MCBSP_close
0000ff40   _MCBSP_open
0000e820   _MCBSP_reset
0000fa40   _MCBSP_start
000187b8   _SPIEventId
000187a4   _SPI_Handler
0000ee20   _TIMER_open
0000f5c0   _TIMER_reset
000187b4   _TimerEventId
00018794   _Timer_Config
000187ac   _Timer_Handler
00018704   __IRQ_dispatchTable
00018640   __IRQ_eventTable
000110c0   __IRQ_hookFetchPacket
000186c4   __IRQ_intTable
00018870   __MCBSP_hDev0
00018874   __MCBSP_hDev1
000191d0   __STACK_END
00000800   __STACK_SIZE
00018968   __TIMER_deviceTable
00018988   __TIMER_hBios
00018980   __TIMER_hDev0
00018984   __TIMER_hDev1
00000001   __TI_args_main
000109a0   ___TI_cpp_init
000189b4   ___TI_enable_exit_profile_output
ffffffff   ___TI_pprof_out_hndl
ffffffff   ___TI_prof_data_size
ffffffff   ___TI_prof_data_start
ffffffff   ___binit__
00000220   ___bss__
ffffffff   ___c_args__
000110e0   ___cinit__
00000220   ___end__
000110e0   ___etext__
00010da0   ___isinf
ffffffff   ___pinit__
00000220   ___text__
00010fc0   __args_main
0000fb40   __auto_init
000103a0   __c6xabi_divu
0000f0c0   __c6xabi_strasgi
000189ac   __cleanup_ptr
000191d0   __ctypes_
000082c0   __divd
0000c000   __divf
0000fd40   __divli
000103a0   __divu
0000d7a0   __divul
0000b260   __divull
000189b0   __dtors_ptr
00010680   __fixdli
00010a20   __fltlid
0000ef80   __frcmpyd_div
00010aa0   __llshl
00010e00   __llshru
00010720   __mpyll
00011060   __negll
00010460   __nround
00009cc0   __printfi
000107c0   __remli
000189d0   __stack
0000f0c0   __strasgi
00010ec0   __subcull
00011000   __trunc
000110a0   _abort
00005fdc   _ambientNoise
0000f200   _atoi
00010b20   _c_int00
0000c910   _c_int10
0000c680   _c_int11
00007b18   _checkError
000096e4   _codecClose
0000fa14   _codecIn
000094bc   _codecInterruptInit
00009570   _codecOpen
0000f920   _codecOut
000184f4   _codec_data
00010520   _copy_in
000188ac   _correc_db
0000bca0   _cos
00018878   _cuentas
00006ca0   _disk_initialize
00006ac8   _disk_ioctl
000069b8   _disk_read
00006120   _disk_status
00006768   _disk_write
000187bc   _errno
00018881   _estado
000101e0   _exit
0000da00   _exp
000050f4   _f_close
000050b4   _f_closedir
00004d7c   _f_getfree
00004828   _f_lseek
00004530   _f_mkdir
00004484   _f_mount
00003f6c   _f_open
00003e48   _f_opendir
00003a20   _f_read
00003944   _f_readdir
00003648   _f_rename
000033f4   _f_stat
0000316c   _f_sync
00002ee4   _f_truncate
00002d0c   _f_unlink
00000efc   _f_write
00014e28   _filtros
0000f340   _frexp
00005cb8   _generateSweep
00005a50   _getImpulseResponse
000187a0   _hAIC23_handle
0001888c   _i
00018888   _j
0000e9a0   _ldexp
00007a28   _ledsInMode
80400004   _left_ch
0000dc60   _log
00010ba0   _log10
00018884   _long_grabacion
0000f6e0   _ltoa
00007be0   _main
00010c20   _memccpy
0000e100   _memcpy
0000f800   _memset
000102c0   _modf
0001887f   _modo_actual
0001887e   _modo_anterior
00018880   _num_medicion
0000f960   _playCodec
00006fe0   _pow
0001887d   _puls_levantados
00007960   _recording
0001887c   _reproduciendo
000054d0   _resetVectors
80800008   _right_ch
00018890   _rms_ambiente
0001893c   _sample
0000d520   _saveImpulseResponse
00009460   _sdClose
00009258   _sdOpen
0000c340   _sin
00010ca0   _sprintf
0000f480   _sqrt
80000000   _sweep
000057e4   _sweepCorrection
00009154   _timerInit
000090a0   _timerInterrupInit
00005160   _twiddleInit
80c0000c   _twiddles
00000020   _vector1
00000180   _vector12
000001a0   _vector13
000001c0   _vector14
000001e0   _vector15
00000040   _vector2
00000060   _vector3
00000080   _vector4
000000a0   _vector5
000000c0   _vector6
000000e0   _vector7
00000100   _vector8
00000120   _vector9
00000000   _vectors
00018910   _wav_header
ffffffff   binit
000110e0   cinit
00000220   end
000110e0   etext
ffffffff   pinit


GLOBAL SYMBOLS: SORTED BY Symbol Address 

address    name
--------   ----
00000000   _vectors
00000001   __TI_args_main
00000020   _vector1
00000040   _vector2
00000060   _vector3
00000080   _vector4
000000a0   _vector5
000000c0   _vector6
000000e0   _vector7
00000100   _vector8
00000120   _vector9
00000180   _vector12
000001a0   _vector13
000001c0   _vector14
000001e0   _vector15
00000220   $bss
00000220   .bss
00000220   .text
00000220   ___bss__
00000220   ___end__
00000220   ___text__
00000220   end
00000800   __STACK_SIZE
00000efc   _f_write
00002d0c   _f_unlink
00002ee4   _f_truncate
0000316c   _f_sync
000033f4   _f_stat
00003648   _f_rename
00003944   _f_readdir
00003a20   _f_read
00003e48   _f_opendir
00003f6c   _f_open
00004484   _f_mount
00004530   _f_mkdir
00004828   _f_lseek
00004d7c   _f_getfree
000050b4   _f_closedir
000050f4   _f_close
00005160   _twiddleInit
000054d0   _resetVectors
000057e4   _sweepCorrection
00005a50   _getImpulseResponse
00005cb8   _generateSweep
00005fdc   _ambientNoise
00006120   _disk_status
00006768   _disk_write
000069b8   _disk_read
00006ac8   _disk_ioctl
00006ca0   _disk_initialize
00006fe0   _pow
00007960   _recording
00007a28   _ledsInMode
00007b18   _checkError
00007be0   _main
000082c0   __divd
000090a0   _timerInterrupInit
00009154   _timerInit
00009258   _sdOpen
00009460   _sdClose
000094bc   _codecInterruptInit
00009570   _codecOpen
000096e4   _codecClose
00009cc0   __printfi
0000a640   _DSK6713_wait
0000a6ac   _DSK6713_waitusec
0000a6e0   _DSK6713_rset
0000a6f4   _DSK6713_rget
0000a764   _DSK6713_getVersion
0000a7c0   _DSK6713_init
0000b260   __divull
0000bca0   _cos
0000c000   __divf
0000c340   _sin
0000c680   _c_int11
0000c910   _c_int10
0000cca0   _DSK6713_AIC23_openCodec
0000d520   _saveImpulseResponse
0000d7a0   __divul
0000da00   _exp
0000dc60   _log
0000e100   _memcpy
0000e340   _IRQ_map
0000e820   _MCBSP_reset
0000e9a0   _ldexp
0000eb20   _DSK6713_AIC23_rset
0000ebd8   _DSK6713_AIC23_rget
0000ebfc   _DSK6713_AIC23_config
0000eca0   _DSK6713_LED_on
0000ecfc   _DSK6713_LED_off
0000ed5c   _DSK6713_LED_toggle
0000ede0   _DSK6713_LED_init
0000ee20   _TIMER_open
0000ef80   __frcmpyd_div
0000f0c0   __c6xabi_strasgi
0000f0c0   __strasgi
0000f200   _atoi
0000f340   _frexp
0000f480   _sqrt
0000f5c0   _TIMER_reset
0000f6e0   _ltoa
0000f800   _memset
0000f920   _codecOut
0000f960   _playCodec
0000fa14   _codecIn
0000fa40   _MCBSP_start
0000fb40   __auto_init
0000fd40   __divli
0000ff40   _MCBSP_open
000101e0   _exit
000102c0   _modf
000103a0   __c6xabi_divu
000103a0   __divu
00010460   __nround
00010520   _copy_in
000105e0   _MCBSP_close
00010680   __fixdli
00010720   __mpyll
000107c0   __remli
00010900   _DSK6713_AIC23_setFreq
000109a0   ___TI_cpp_init
00010a20   __fltlid
00010aa0   __llshl
00010b20   _c_int00
00010ba0   _log10
00010c20   _memccpy
00010ca0   _sprintf
00010d20   _DSK6713_AIC23_closeCodec
00010da0   ___isinf
00010e00   __llshru
00010ec0   __subcull
00010f20   _DSK6713_DIP_init
00010f28   _DSK6713_DIP_get
00010fc0   __args_main
00011000   __trunc
00011060   __negll
000110a0   C$$EXIT
000110a0   _abort
000110c0   __IRQ_hookFetchPacket
000110e0   ___cinit__
000110e0   ___etext__
000110e0   cinit
000110e0   etext
00014e28   _filtros
000184f4   _codec_data
00018640   __IRQ_eventTable
000186c4   __IRQ_intTable
00018704   __IRQ_dispatchTable
0001870c   _Codec_Config
00018734   _MCBSP1_to_Codec_Config
00018754   _MCBSP0_to_SPI_Config
00018774   _MCBSP1_to_GPIO_Config
00018794   _Timer_Config
000187a0   _hAIC23_handle
000187a4   _SPI_Handler
000187a8   _GPIO_Handler
000187ac   _Timer_Handler
000187b0   _CodecEventId
000187b4   _TimerEventId
000187b8   _SPIEventId
000187bc   _errno
00018870   __MCBSP_hDev0
00018874   __MCBSP_hDev1
00018878   _cuentas
0001887c   _reproduciendo
0001887d   _puls_levantados
0001887e   _modo_anterior
0001887f   _modo_actual
00018880   _num_medicion
00018881   _estado
00018884   _long_grabacion
00018888   _j
0001888c   _i
00018890   _rms_ambiente
000188ac   _correc_db
00018910   _wav_header
0001893c   _sample
00018968   __TIMER_deviceTable
00018980   __TIMER_hDev0
00018984   __TIMER_hDev1
00018988   __TIMER_hBios
000189ac   __cleanup_ptr
000189b0   __dtors_ptr
000189b4   ___TI_enable_exit_profile_output
000189b8   _DSK6713_AIC23_codeccontrolhandle
000189bc   _DSK6713_AIC23_codecdatahandle
000189c6   _DSK6713_version
000189d0   __stack
000191d0   __STACK_END
000191d0   __ctypes_
80000000   _sweep
80400004   _left_ch
80800008   _right_ch
80c0000c   _twiddles
ffffffff   ___TI_pprof_out_hndl
ffffffff   ___TI_prof_data_size
ffffffff   ___TI_prof_data_start
ffffffff   ___binit__
ffffffff   ___c_args__
ffffffff   ___pinit__
ffffffff   binit
ffffffff   pinit

[202 symbols]
