******************************************************************************
               TMS320C6x Linker PC v7.4.4                      
******************************************************************************
>> Linked Sat Jan 05 18:48:13 2019

OUTPUT FILE NAME:   <Proyecto_DSK.out>
ENTRY POINT SYMBOL: "_c_int00"  address: 0000a500


MEMORY CONFIGURATION

         name            origin    length      used     unused   attr    fill
----------------------  --------  ---------  --------  --------  ----  --------
  IVECS                 00000000   00000220  00000200  00000020  RWIX
  IRAM                  00000220   0002fde0  0000b528  000248b8  RWIX
  SDRAM                 80000000   01000000  00e00000  00200000  RWIX
  FLASH                 90000000   00020000  00000000  00020000  RWIX


SECTION ALLOCATION MAP

 output                                  attributes/
section   page    origin      length       input sections
--------  ----  ----------  ----------   ----------------
.vecs      0    00000000    00000200     
                  00000000    00000200     Vectors_intr.obj (.vecs)

$BRID      0    00000000    00000154     COPY SECTION
                  00000000    00000078     csl6713.lib : csl_irq.obj ($BRID)
                  00000078    0000007c                 : csl_mcbsp.obj ($BRID)
                  000000f4    00000060                 : csl_timer.obj ($BRID)

.text      0    00000220    0000a500     
                  00000220    00004f40     ff.obj (.text)
                  00005160    00000ec0     sdmm.obj (.text)
                  00006020    00000720     rts6700.lib : divd.obj (.text:__divd)
                  00006740    000005e0     Resp_impulso.obj (.text)
                  00006d20    000005a0     Inicializaciones.obj (.text)
                  000072c0    000004e0     SD.obj (.text)
                  000077a0    00000420     dsk6713.obj (.text)
                  00007bc0    00000360     rts6700.lib : cos.obj (.text:_cos)
                  00007f20    00000340                 : sin.obj (.text:_sin)
                  00008260    00000300     dsk6713_aic23_opencodec.obj (.text)
                  00008560    000002c0     main.obj (.text)
                  00008820    00000260     rts6700.lib : imath40.obj (.text:__divul)
                  00008a80    00000240                 : memcpy62.obj (.text:_memcpy)
                  00008cc0    000001c0     main.obj (.text:retain)
                  00008e80    000001a0     csl6713.lib : csl_irq.obj (.text:_IRQ_map)
                  00009020    00000180                 : csl_mcbsp.obj (.text:_MCBSP_reset)
                  000091a0    00000180     dsk6713_aic23_registers.obj (.text)
                  00009320    00000180     dsk6713_led.obj (.text)
                  000094a0    00000160     csl6713.lib : csl_timer.obj (.text:_TIMER_open)
                  00009600    00000140     rts6700.lib : frcmpyd_div.obj (.text:__frcmpyd_div)
                  00009740    00000140                 : strasg.obj (.text:__strasgi)
                  00009880    00000120     csl6713.lib : csl_timer.obj (.text:_TIMER_reset)
                  000099a0    00000120     rts6700.lib : memset.obj (.text:_memset)
                  00009ac0    00000100     Codec.obj (.text)
                  00009bc0    00000100     csl6713.lib : csl_mcbsp.obj (.text:_MCBSP_start)
                  00009cc0    00000100     rts6700.lib : autoinit.obj (.text:__auto_init)
                  00009dc0    000000e0     csl6713.lib : csl_mcbsp.obj (.text:_MCBSP_open)
                  00009ea0    000000e0     rts6700.lib : exit.obj (.text:_exit)
                  00009f80    000000e0                 : modf.obj (.text:_modf)
                  0000a060    000000c0                 : divu.obj (.text:__divu)
                  0000a120    000000c0                 : round.obj (.text:__nround)
                  0000a1e0    000000c0                 : cpy_tbl.obj (.text:_copy_in)
                  0000a2a0    000000a0                 : mpyll.obj (.text:__mpyll)
                  0000a340    000000a0     csl6713.lib : csl_irq.obj (.text:_setMux)
                  0000a3e0    000000a0     dsk6713_aic23_setfreq.obj (.text)
                  0000a480    00000080     rts6700.lib : cpp_init.obj (.text:___TI_cpp_init)
                  0000a500    00000080                 : boot.obj (.text:_c_int00)
                  0000a580    00000060                 : llshift.obj (.text:__llshru)
                  0000a5e0    00000060     dsk6713_dip.obj (.text)
                  0000a640    00000040     rts6700.lib : args_main.obj (.text:__args_main)
                  0000a680    00000040                 : trunc.obj (.text:__trunc)
                  0000a6c0    00000020     Vectors_intr.obj (.text)
                  0000a6e0    00000020     rts6700.lib : exit.obj (.text:_abort)
                  0000a700    00000020     csl6713.lib : csl_irq.obj (.text)

.bss       0    00000220    00000000     UNINITIALIZED

.stack     0    0000a720    00000800     UNINITIALIZED
                  0000a720    00000008     rts6700.lib : boot.obj (.stack)
                  0000a728    000007f8     --HOLE--

.cinit     0    0000af20    000003f4     
                  0000af20    0000012c     csl6713.lib : csl_irq.obj (.cinit)
                  0000b04c    00000004     --HOLE-- [fill = 0]
                  0000b050    000000bc     Inicializaciones.obj (.cinit)
                  0000b10c    00000004     --HOLE-- [fill = 0]
                  0000b110    00000054     csl6713.lib : csl_mcbsp.obj (.cinit)
                  0000b164    00000004     --HOLE-- [fill = 0]
                  0000b168    0000004c                 : csl_timer.obj (.cinit)
                  0000b1b4    00000004     --HOLE-- [fill = 0]
                  0000b1b8    00000048     rts6700.lib : cos.obj (.cinit)
                  0000b200    00000048                 : sin.obj (.cinit)
                  0000b248    00000030     dsk6713_aic23_registers.obj (.cinit)
                  0000b278    0000002c     main.obj (.cinit)
                  0000b2a4    00000004     --HOLE-- [fill = 0]
                  0000b2a8    0000002c     rts6700.lib : exit.obj (.cinit)
                  0000b2d4    00000004     --HOLE-- [fill = 0]
                  0000b2d8    00000028     dsk6713_aic23_setfreq.obj (.cinit)
                  0000b300    00000009     sdmm.obj (.cinit)
                  0000b309    00000007     --HOLE-- [fill = 0]
                  0000b310    00000004     (.pad.cinit) [fill = 0]

.far       0    0000b318    0000032c     UNINITIALIZED
                  0000b318    000000f4     csl6713.lib : csl_irq.obj (.far)
                  0000b40c    000000b0     Inicializaciones.obj (.far)
                  0000b4bc    00000004     Codec.obj (.far)
                  0000b4c0    00000040     rts6700.lib : cos.obj (.far)
                  0000b500    00000040                 : sin.obj (.far)
                  0000b540    00000038     csl6713.lib : csl_mcbsp.obj (.far)
                  0000b578    00000034     SD.obj (.far)
                  0000b5ac    00000028     dsk6713_aic23_registers.obj (.far)
                  0000b5d4    00000024     csl6713.lib : csl_timer.obj (.far)
                  0000b5f8    00000020     dsk6713_aic23_setfreq.obj (.far)
                  0000b618    0000000c     main.obj (.far)
                  0000b624    0000000c     rts6700.lib : exit.obj (.far)
                  0000b630    00000008     dsk6713_aic23_opencodec.obj (.far)
                  0000b638    00000006     ff.obj (.far)
                  0000b63e    00000002     dsk6713.obj (.far)
                  0000b640    00000002     dsk6713_led.obj (.far)
                  0000b642    00000002     sdmm.obj (.far)

.const     0    0000b644    00000108     
                  0000b644    00000080     ff.obj (.const:.string:_ExCvt)
                  0000b6c4    00000040     dsk6713_aic23_opencodec.obj (.const)
                  0000b704    00000020     dsk6713.obj (.const)
                  0000b724    0000001c     ff.obj (.const:.string)
                  0000b740    0000000c     SD.obj (.const:.string)

.EXT_RAM   0    80000000    00e00000     UNINITIALIZED
                  80000000    00e00000     main.obj (.EXT_RAM)


GLOBAL SYMBOLS: SORTED ALPHABETICALLY BY Name 

address    name
--------   ----
00000220   $bss
00000220   .bss
00000220   .text
0000a6e0   C$$EXIT
00006740   _Bit_reversal
0000b4b0   _CodecEventId
0000b40c   _Codec_Config
0000b4bc   _Codec_data
00009b90   _Codec_in
00007148   _Codec_init
00009ac0   _Codec_out
0000b630   _DSK6713_AIC23_codeccontrolhandle
0000b634   _DSK6713_AIC23_codecdatahandle
0000927c   _DSK6713_AIC23_config
00008260   _DSK6713_AIC23_openCodec
00009258   _DSK6713_AIC23_rget
000091a0   _DSK6713_AIC23_rset
0000a3e0   _DSK6713_AIC23_setFreq
0000a5e8   _DSK6713_DIP_get
0000a5e0   _DSK6713_DIP_init
00009460   _DSK6713_LED_init
0000937c   _DSK6713_LED_off
00009320   _DSK6713_LED_on
000093dc   _DSK6713_LED_toggle
000078c4   _DSK6713_getVersion
00007920   _DSK6713_init
00007854   _DSK6713_rget
00007840   _DSK6713_rset
0000b63e   _DSK6713_version
000077a0   _DSK6713_wait
0000780c   _DSK6713_waitusec
0000b4a8   _GPIO_Handler
00008e80   _IRQ_map
00007018   _Interrup_init
00007650   _Load_sweep
0000b454   _MCBSP0_to_SPI_Config
0000b434   _MCBSP1_to_Codec_Config
0000b474   _MCBSP1_to_GPIO_Config
00009dc0   _MCBSP_open
00009020   _MCBSP_reset
00009bc0   _MCBSP_start
00006864   _Normalize
00009b00   _Play_codec
00006e24   _SD_init
0000b4b8   _SPIEventId
0000b4a4   _SPI_Handler
0000b5a4   _Sample
00007480   _Save_RI
000072c0   _Save_sweep
000094a0   _TIMER_open
00009880   _TIMER_reset
0000b4b4   _TimerEventId
0000b494   _Timer_Config
0000b4ac   _Timer_Handler
00006d20   _Timer_init
00006bf0   _Twiddle_init
00006ba0   _Vectores_reset
0000b578   _WavHeader
0000b404   __IRQ_dispatchTable
0000b340   __IRQ_eventTable
0000a700   __IRQ_hookFetchPacket
0000b3c4   __IRQ_intTable
0000b570   __MCBSP_hDev0
0000b574   __MCBSP_hDev1
0000af20   __STACK_END
00000800   __STACK_SIZE
0000b5d4   __TIMER_deviceTable
0000b5f4   __TIMER_hBios
0000b5ec   __TIMER_hDev0
0000b5f0   __TIMER_hDev1
00000001   __TI_args_main
0000a480   ___TI_cpp_init
0000b62c   ___TI_enable_exit_profile_output
ffffffff   ___TI_pprof_out_hndl
ffffffff   ___TI_prof_data_size
ffffffff   ___TI_prof_data_start
ffffffff   ___binit__
00000220   ___bss__
ffffffff   ___c_args__
0000af20   ___cinit__
00000220   ___end__
0000a720   ___etext__
ffffffff   ___pinit__
00000220   ___text__
0000a640   __args_main
00009cc0   __auto_init
0000a060   __c6xabi_divu
00009740   __c6xabi_strasgi
0000b624   __cleanup_ptr
00006020   __divd
0000a060   __divu
00008820   __divul
0000b628   __dtors_ptr
00009600   __frcmpyd_div
0000a580   __llshru
0000a2a0   __mpyll
0000a120   __nround
0000a720   __stack
00009740   __strasgi
0000a680   __trunc
0000a6e0   _abort
0000a500   _c_int00
00008e00   _c_int10
00008cc0   _c_int11
0000a1e0   _copy_in
00007bc0   _cos
0000b618   _cuentas
00005ce0   _disk_initialize
00005b08   _disk_ioctl
000059f8   _disk_read
00005160   _disk_status
000057a8   _disk_write
00009ea0   _exit
000050f4   _f_close
000050b4   _f_closedir
00004d7c   _f_getfree
00004828   _f_lseek
00004530   _f_mkdir
00004484   _f_mount
00003f6c   _f_open
00003e48   _f_opendir
00003a20   _f_read
00003944   _f_readdir
00003648   _f_rename
000033f4   _f_stat
0000316c   _f_sync
00002ee4   _f_truncate
00002d0c   _f_unlink
00000efc   _f_write
00006a58   _fft
0000b4a0   _hAIC23_handle
000068fc   _ifft
0000b61c   _j
80400000   _left_ch
00008560   _main
00008a80   _memcpy
000099a0   _memset
00009f80   _modf
0000b620   _puls_levantados
80800000   _right_ch
00007f20   _sin
80000000   _sweep
80c00000   _twiddles
00000020   _vector1
00000180   _vector12
000001a0   _vector13
000001c0   _vector14
000001e0   _vector15
00000040   _vector2
00000060   _vector3
00000080   _vector4
000000a0   _vector5
000000c0   _vector6
000000e0   _vector7
00000100   _vector8
00000120   _vector9
00000000   _vectors
ffffffff   binit
0000af20   cinit
00000220   end
0000a720   etext
ffffffff   pinit


GLOBAL SYMBOLS: SORTED BY Symbol Address 

address    name
--------   ----
00000000   _vectors
00000001   __TI_args_main
00000020   _vector1
00000040   _vector2
00000060   _vector3
00000080   _vector4
000000a0   _vector5
000000c0   _vector6
000000e0   _vector7
00000100   _vector8
00000120   _vector9
00000180   _vector12
000001a0   _vector13
000001c0   _vector14
000001e0   _vector15
00000220   $bss
00000220   .bss
00000220   .text
00000220   ___bss__
00000220   ___end__
00000220   ___text__
00000220   end
00000800   __STACK_SIZE
00000efc   _f_write
00002d0c   _f_unlink
00002ee4   _f_truncate
0000316c   _f_sync
000033f4   _f_stat
00003648   _f_rename
00003944   _f_readdir
00003a20   _f_read
00003e48   _f_opendir
00003f6c   _f_open
00004484   _f_mount
00004530   _f_mkdir
00004828   _f_lseek
00004d7c   _f_getfree
000050b4   _f_closedir
000050f4   _f_close
00005160   _disk_status
000057a8   _disk_write
000059f8   _disk_read
00005b08   _disk_ioctl
00005ce0   _disk_initialize
00006020   __divd
00006740   _Bit_reversal
00006864   _Normalize
000068fc   _ifft
00006a58   _fft
00006ba0   _Vectores_reset
00006bf0   _Twiddle_init
00006d20   _Timer_init
00006e24   _SD_init
00007018   _Interrup_init
00007148   _Codec_init
000072c0   _Save_sweep
00007480   _Save_RI
00007650   _Load_sweep
000077a0   _DSK6713_wait
0000780c   _DSK6713_waitusec
00007840   _DSK6713_rset
00007854   _DSK6713_rget
000078c4   _DSK6713_getVersion
00007920   _DSK6713_init
00007bc0   _cos
00007f20   _sin
00008260   _DSK6713_AIC23_openCodec
00008560   _main
00008820   __divul
00008a80   _memcpy
00008cc0   _c_int11
00008e00   _c_int10
00008e80   _IRQ_map
00009020   _MCBSP_reset
000091a0   _DSK6713_AIC23_rset
00009258   _DSK6713_AIC23_rget
0000927c   _DSK6713_AIC23_config
00009320   _DSK6713_LED_on
0000937c   _DSK6713_LED_off
000093dc   _DSK6713_LED_toggle
00009460   _DSK6713_LED_init
000094a0   _TIMER_open
00009600   __frcmpyd_div
00009740   __c6xabi_strasgi
00009740   __strasgi
00009880   _TIMER_reset
000099a0   _memset
00009ac0   _Codec_out
00009b00   _Play_codec
00009b90   _Codec_in
00009bc0   _MCBSP_start
00009cc0   __auto_init
00009dc0   _MCBSP_open
00009ea0   _exit
00009f80   _modf
0000a060   __c6xabi_divu
0000a060   __divu
0000a120   __nround
0000a1e0   _copy_in
0000a2a0   __mpyll
0000a3e0   _DSK6713_AIC23_setFreq
0000a480   ___TI_cpp_init
0000a500   _c_int00
0000a580   __llshru
0000a5e0   _DSK6713_DIP_init
0000a5e8   _DSK6713_DIP_get
0000a640   __args_main
0000a680   __trunc
0000a6e0   C$$EXIT
0000a6e0   _abort
0000a700   __IRQ_hookFetchPacket
0000a720   ___etext__
0000a720   __stack
0000a720   etext
0000af20   __STACK_END
0000af20   ___cinit__
0000af20   cinit
0000b340   __IRQ_eventTable
0000b3c4   __IRQ_intTable
0000b404   __IRQ_dispatchTable
0000b40c   _Codec_Config
0000b434   _MCBSP1_to_Codec_Config
0000b454   _MCBSP0_to_SPI_Config
0000b474   _MCBSP1_to_GPIO_Config
0000b494   _Timer_Config
0000b4a0   _hAIC23_handle
0000b4a4   _SPI_Handler
0000b4a8   _GPIO_Handler
0000b4ac   _Timer_Handler
0000b4b0   _CodecEventId
0000b4b4   _TimerEventId
0000b4b8   _SPIEventId
0000b4bc   _Codec_data
0000b570   __MCBSP_hDev0
0000b574   __MCBSP_hDev1
0000b578   _WavHeader
0000b5a4   _Sample
0000b5d4   __TIMER_deviceTable
0000b5ec   __TIMER_hDev0
0000b5f0   __TIMER_hDev1
0000b5f4   __TIMER_hBios
0000b618   _cuentas
0000b61c   _j
0000b620   _puls_levantados
0000b624   __cleanup_ptr
0000b628   __dtors_ptr
0000b62c   ___TI_enable_exit_profile_output
0000b630   _DSK6713_AIC23_codeccontrolhandle
0000b634   _DSK6713_AIC23_codecdatahandle
0000b63e   _DSK6713_version
80000000   _sweep
80400000   _left_ch
80800000   _right_ch
80c00000   _twiddles
ffffffff   ___TI_pprof_out_hndl
ffffffff   ___TI_prof_data_size
ffffffff   ___TI_prof_data_start
ffffffff   ___binit__
ffffffff   ___c_args__
ffffffff   ___pinit__
ffffffff   binit
ffffffff   pinit

[162 symbols]
