******************************************************************************
               TMS320C6x Linker PC v7.4.4                      
******************************************************************************
>> Linked Sat Jan 05 19:50:57 2019

OUTPUT FILE NAME:   <Proyecto_DSK.out>
ENTRY POINT SYMBOL: "_c_int00"  address: 0000b080


MEMORY CONFIGURATION

         name            origin    length      used     unused   attr    fill
----------------------  --------  ---------  --------  --------  ----  --------
  IVECS                 00000000   00000220  00000200  00000020  RWIX
  IRAM                  00000220   0002fde0  0000c18c  00023c54  RWIX
  SDRAM                 80000000   01000000  00e00000  00200000  RWIX
  FLASH                 90000000   00020000  00000000  00020000  RWIX


SECTION ALLOCATION MAP

 output                                  attributes/
section   page    origin      length       input sections
--------  ----  ----------  ----------   ----------------
.vecs      0    00000000    00000200     
                  00000000    00000200     Vectors_intr.obj (.vecs)

$BRID      0    00000000    00000154     COPY SECTION
                  00000000    00000078     csl6713.lib : csl_irq.obj ($BRID)
                  00000078    0000007c                 : csl_mcbsp.obj ($BRID)
                  000000f4    00000060                 : csl_timer.obj ($BRID)

.text      0    00000220    0000b080     
                  00000220    00004f40     ff.obj (.text)
                  00005160    00000ec0     sdmm.obj (.text)
                  00006020    00000aa0     Resp_impulso.obj (.text)
                  00006ac0    00000720     rts6700.lib : divd.obj (.text:__divd)
                  000071e0    000005a0     Inicializaciones.obj (.text)
                  00007780    000004e0     SD.obj (.text)
                  00007c60    00000420     dsk6713.obj (.text)
                  00008080    00000360     rts6700.lib : cos.obj (.text:_cos)
                  000083e0    00000340                 : divf.obj (.text:__divf)
                  00008720    00000340                 : sin.obj (.text:_sin)
                  00008a60    00000300     dsk6713_aic23_opencodec.obj (.text)
                  00008d60    000002e0     main.obj (.text)
                  00009040    00000260     rts6700.lib : imath40.obj (.text:__divul)
                  000092a0    00000240                 : memcpy62.obj (.text:_memcpy)
                  000094e0    00000220                 : atan.obj (.text:_atan)
                  00009700    000001c0     main.obj (.text:retain)
                  000098c0    000001a0     csl6713.lib : csl_irq.obj (.text:_IRQ_map)
                  00009a60    00000180                 : csl_mcbsp.obj (.text:_MCBSP_reset)
                  00009be0    00000180     dsk6713_aic23_registers.obj (.text)
                  00009d60    00000180     dsk6713_led.obj (.text)
                  00009ee0    00000160     csl6713.lib : csl_timer.obj (.text:_TIMER_open)
                  0000a040    00000140     rts6700.lib : frcmpyd_div.obj (.text:__frcmpyd_div)
                  0000a180    00000140                 : strasg.obj (.text:__strasgi)
                  0000a2c0    00000140                 : sqrt.obj (.text:_sqrt)
                  0000a400    00000120     csl6713.lib : csl_timer.obj (.text:_TIMER_reset)
                  0000a520    00000120     rts6700.lib : memset.obj (.text:_memset)
                  0000a640    00000100     Codec.obj (.text)
                  0000a740    00000100     csl6713.lib : csl_mcbsp.obj (.text:_MCBSP_start)
                  0000a840    00000100     rts6700.lib : autoinit.obj (.text:__auto_init)
                  0000a940    000000e0     csl6713.lib : csl_mcbsp.obj (.text:_MCBSP_open)
                  0000aa20    000000e0     rts6700.lib : exit.obj (.text:_exit)
                  0000ab00    000000e0                 : modf.obj (.text:_modf)
                  0000abe0    000000c0                 : divu.obj (.text:__divu)
                  0000aca0    000000c0                 : round.obj (.text:__nround)
                  0000ad60    000000c0                 : cpy_tbl.obj (.text:_copy_in)
                  0000ae20    000000a0                 : mpyll.obj (.text:__mpyll)
                  0000aec0    000000a0     csl6713.lib : csl_irq.obj (.text:_setMux)
                  0000af60    000000a0     dsk6713_aic23_setfreq.obj (.text)
                  0000b000    00000080     rts6700.lib : cpp_init.obj (.text:___TI_cpp_init)
                  0000b080    00000080                 : boot.obj (.text:_c_int00)
                  0000b100    00000060                 : llshift.obj (.text:__llshru)
                  0000b160    00000060     dsk6713_dip.obj (.text)
                  0000b1c0    00000040     rts6700.lib : args_main.obj (.text:__args_main)
                  0000b200    00000040                 : trunc.obj (.text:__trunc)
                  0000b240    00000020     Vectors_intr.obj (.text)
                  0000b260    00000020     rts6700.lib : exit.obj (.text:_abort)
                  0000b280    00000020     csl6713.lib : csl_irq.obj (.text)

.bss       0    00000220    00000000     UNINITIALIZED

.stack     0    0000b2a0    00000800     UNINITIALIZED
                  0000b2a0    00000008     rts6700.lib : boot.obj (.stack)
                  0000b2a8    000007f8     --HOLE--

.cinit     0    0000baa0    00000474     
                  0000baa0    0000012c     csl6713.lib : csl_irq.obj (.cinit)
                  0000bbcc    00000004     --HOLE-- [fill = 0]
                  0000bbd0    000000bc     Inicializaciones.obj (.cinit)
                  0000bc8c    00000004     --HOLE-- [fill = 0]
                  0000bc90    00000070     rts6700.lib : atan.obj (.cinit)
                  0000bd00    00000054     csl6713.lib : csl_mcbsp.obj (.cinit)
                  0000bd54    00000004     --HOLE-- [fill = 0]
                  0000bd58    0000004c                 : csl_timer.obj (.cinit)
                  0000bda4    00000004     --HOLE-- [fill = 0]
                  0000bda8    00000048     rts6700.lib : cos.obj (.cinit)
                  0000bdf0    00000048                 : sin.obj (.cinit)
                  0000be38    00000030     dsk6713_aic23_registers.obj (.cinit)
                  0000be68    0000002c     main.obj (.cinit)
                  0000be94    00000004     --HOLE-- [fill = 0]
                  0000be98    0000002c     rts6700.lib : exit.obj (.cinit)
                  0000bec4    00000004     --HOLE-- [fill = 0]
                  0000bec8    00000028     dsk6713_aic23_setfreq.obj (.cinit)
                  0000bef0    0000000c     rts6700.lib : errno.obj (.cinit)
                  0000befc    00000004     --HOLE-- [fill = 0]
                  0000bf00    00000009     sdmm.obj (.cinit)
                  0000bf09    00000007     --HOLE-- [fill = 0]
                  0000bf10    00000004     (.pad.cinit) [fill = 0]

.far       0    0000bf18    00000390     UNINITIALIZED
                  0000bf18    000000f4     csl6713.lib : csl_irq.obj (.far)
                  0000c00c    000000b0     Inicializaciones.obj (.far)
                  0000c0bc    00000004     Codec.obj (.far)
                  0000c0c0    00000060     rts6700.lib : atan.obj (.far)
                  0000c120    00000040                 : cos.obj (.far)
                  0000c160    00000040                 : sin.obj (.far)
                  0000c1a0    00000038     csl6713.lib : csl_mcbsp.obj (.far)
                  0000c1d8    00000034     SD.obj (.far)
                  0000c20c    00000028     dsk6713_aic23_registers.obj (.far)
                  0000c234    00000024     csl6713.lib : csl_timer.obj (.far)
                  0000c258    00000020     dsk6713_aic23_setfreq.obj (.far)
                  0000c278    0000000c     main.obj (.far)
                  0000c284    0000000c     rts6700.lib : exit.obj (.far)
                  0000c290    00000008     dsk6713_aic23_opencodec.obj (.far)
                  0000c298    00000006     ff.obj (.far)
                  0000c29e    00000002     dsk6713.obj (.far)
                  0000c2a0    00000004     rts6700.lib : errno.obj (.far)
                  0000c2a4    00000002     dsk6713_led.obj (.far)
                  0000c2a6    00000002     sdmm.obj (.far)

.const     0    0000c2a8    00000108     
                  0000c2a8    00000080     ff.obj (.const:.string:_ExCvt)
                  0000c328    00000040     dsk6713_aic23_opencodec.obj (.const)
                  0000c368    00000020     dsk6713.obj (.const)
                  0000c388    0000001c     ff.obj (.const:.string)
                  0000c3a4    0000000c     SD.obj (.const:.string)

.EXT_RAM   0    80000000    00e00000     UNINITIALIZED
                  80000000    00e00000     main.obj (.EXT_RAM)


GLOBAL SYMBOLS: SORTED ALPHABETICALLY BY Name 

address    name
--------   ----
00000220   $bss
00000220   .bss
00000220   .text
0000b260   C$$EXIT
00006748   _Bi2Po
00006020   _Bit_reversal
0000c0b0   _CodecEventId
0000c00c   _Codec_Config
0000c0bc   _Codec_data
0000a710   _Codec_in
00007608   _Codec_init
0000a640   _Codec_out
0000c290   _DSK6713_AIC23_codeccontrolhandle
0000c294   _DSK6713_AIC23_codecdatahandle
00009cbc   _DSK6713_AIC23_config
00008a60   _DSK6713_AIC23_openCodec
00009c98   _DSK6713_AIC23_rget
00009be0   _DSK6713_AIC23_rset
0000af60   _DSK6713_AIC23_setFreq
0000b168   _DSK6713_DIP_get
0000b160   _DSK6713_DIP_init
00009ea0   _DSK6713_LED_init
00009dbc   _DSK6713_LED_off
00009d60   _DSK6713_LED_on
00009e1c   _DSK6713_LED_toggle
00007d84   _DSK6713_getVersion
00007de0   _DSK6713_init
00007d14   _DSK6713_rget
00007d00   _DSK6713_rset
0000c29e   _DSK6713_version
00007c60   _DSK6713_wait
00007ccc   _DSK6713_waitusec
0000c0a8   _GPIO_Handler
000098c0   _IRQ_map
000074d8   _Interrup_init
00007b10   _Load_sweep
0000c054   _MCBSP0_to_SPI_Config
0000c034   _MCBSP1_to_Codec_Config
0000c074   _MCBSP1_to_GPIO_Config
0000a940   _MCBSP_open
00009a60   _MCBSP_reset
0000a740   _MCBSP_start
00006144   _Normalize
00006870   _Obtener_RI
0000a680   _Play_codec
000065ec   _Po2Bi
000072e4   _SD_init
0000c0b8   _SPIEventId
0000c0a4   _SPI_Handler
0000c204   _Sample
00007940   _Save_RI
00007780   _Save_sweep
00009ee0   _TIMER_open
0000a400   _TIMER_reset
0000c0b4   _TimerEventId
0000c094   _Timer_Config
0000c0ac   _Timer_Handler
000071e0   _Timer_init
000064d0   _Twiddle_init
00006480   _Vectores_reset
0000c1d8   _WavHeader
0000c004   __IRQ_dispatchTable
0000bf40   __IRQ_eventTable
0000b280   __IRQ_hookFetchPacket
0000bfc4   __IRQ_intTable
0000c1d0   __MCBSP_hDev0
0000c1d4   __MCBSP_hDev1
0000baa0   __STACK_END
00000800   __STACK_SIZE
0000c234   __TIMER_deviceTable
0000c254   __TIMER_hBios
0000c24c   __TIMER_hDev0
0000c250   __TIMER_hDev1
00000001   __TI_args_main
0000b000   ___TI_cpp_init
0000c28c   ___TI_enable_exit_profile_output
ffffffff   ___TI_pprof_out_hndl
ffffffff   ___TI_prof_data_size
ffffffff   ___TI_prof_data_start
ffffffff   ___binit__
00000220   ___bss__
ffffffff   ___c_args__
0000baa0   ___cinit__
00000220   ___end__
0000b2a0   ___etext__
ffffffff   ___pinit__
00000220   ___text__
0000b1c0   __args_main
0000a840   __auto_init
0000abe0   __c6xabi_divu
0000a180   __c6xabi_strasgi
0000c284   __cleanup_ptr
00006ac0   __divd
000083e0   __divf
0000abe0   __divu
00009040   __divul
0000c288   __dtors_ptr
0000a040   __frcmpyd_div
0000b100   __llshru
0000ae20   __mpyll
0000aca0   __nround
0000b2a0   __stack
0000a180   __strasgi
0000b200   __trunc
0000b260   _abort
000094e0   _atan
0000b080   _c_int00
00009840   _c_int10
00009700   _c_int11
0000ad60   _copy_in
00008080   _cos
0000c278   _cuentas
00005ce0   _disk_initialize
00005b08   _disk_ioctl
000059f8   _disk_read
00005160   _disk_status
000057a8   _disk_write
0000c2a0   _errno
0000aa20   _exit
000050f4   _f_close
000050b4   _f_closedir
00004d7c   _f_getfree
00004828   _f_lseek
00004530   _f_mkdir
00004484   _f_mount
00003f6c   _f_open
00003e48   _f_opendir
00003a20   _f_read
00003944   _f_readdir
00003648   _f_rename
000033f4   _f_stat
0000316c   _f_sync
00002ee4   _f_truncate
00002d0c   _f_unlink
00000efc   _f_write
00006338   _fft
0000c0a0   _hAIC23_handle
000061dc   _ifft
0000c280   _j
80400000   _left_ch
00008d60   _main
000092a0   _memcpy
0000a520   _memset
0000ab00   _modf
0000c27c   _puls_levantados
80800000   _right_ch
00008720   _sin
0000a2c0   _sqrt
80000000   _sweep
80c00000   _twiddles
00000020   _vector1
00000180   _vector12
000001a0   _vector13
000001c0   _vector14
000001e0   _vector15
00000040   _vector2
00000060   _vector3
00000080   _vector4
000000a0   _vector5
000000c0   _vector6
000000e0   _vector7
00000100   _vector8
00000120   _vector9
00000000   _vectors
ffffffff   binit
0000baa0   cinit
00000220   end
0000b2a0   etext
ffffffff   pinit


GLOBAL SYMBOLS: SORTED BY Symbol Address 

address    name
--------   ----
00000000   _vectors
00000001   __TI_args_main
00000020   _vector1
00000040   _vector2
00000060   _vector3
00000080   _vector4
000000a0   _vector5
000000c0   _vector6
000000e0   _vector7
00000100   _vector8
00000120   _vector9
00000180   _vector12
000001a0   _vector13
000001c0   _vector14
000001e0   _vector15
00000220   $bss
00000220   .bss
00000220   .text
00000220   ___bss__
00000220   ___end__
00000220   ___text__
00000220   end
00000800   __STACK_SIZE
00000efc   _f_write
00002d0c   _f_unlink
00002ee4   _f_truncate
0000316c   _f_sync
000033f4   _f_stat
00003648   _f_rename
00003944   _f_readdir
00003a20   _f_read
00003e48   _f_opendir
00003f6c   _f_open
00004484   _f_mount
00004530   _f_mkdir
00004828   _f_lseek
00004d7c   _f_getfree
000050b4   _f_closedir
000050f4   _f_close
00005160   _disk_status
000057a8   _disk_write
000059f8   _disk_read
00005b08   _disk_ioctl
00005ce0   _disk_initialize
00006020   _Bit_reversal
00006144   _Normalize
000061dc   _ifft
00006338   _fft
00006480   _Vectores_reset
000064d0   _Twiddle_init
000065ec   _Po2Bi
00006748   _Bi2Po
00006870   _Obtener_RI
00006ac0   __divd
000071e0   _Timer_init
000072e4   _SD_init
000074d8   _Interrup_init
00007608   _Codec_init
00007780   _Save_sweep
00007940   _Save_RI
00007b10   _Load_sweep
00007c60   _DSK6713_wait
00007ccc   _DSK6713_waitusec
00007d00   _DSK6713_rset
00007d14   _DSK6713_rget
00007d84   _DSK6713_getVersion
00007de0   _DSK6713_init
00008080   _cos
000083e0   __divf
00008720   _sin
00008a60   _DSK6713_AIC23_openCodec
00008d60   _main
00009040   __divul
000092a0   _memcpy
000094e0   _atan
00009700   _c_int11
00009840   _c_int10
000098c0   _IRQ_map
00009a60   _MCBSP_reset
00009be0   _DSK6713_AIC23_rset
00009c98   _DSK6713_AIC23_rget
00009cbc   _DSK6713_AIC23_config
00009d60   _DSK6713_LED_on
00009dbc   _DSK6713_LED_off
00009e1c   _DSK6713_LED_toggle
00009ea0   _DSK6713_LED_init
00009ee0   _TIMER_open
0000a040   __frcmpyd_div
0000a180   __c6xabi_strasgi
0000a180   __strasgi
0000a2c0   _sqrt
0000a400   _TIMER_reset
0000a520   _memset
0000a640   _Codec_out
0000a680   _Play_codec
0000a710   _Codec_in
0000a740   _MCBSP_start
0000a840   __auto_init
0000a940   _MCBSP_open
0000aa20   _exit
0000ab00   _modf
0000abe0   __c6xabi_divu
0000abe0   __divu
0000aca0   __nround
0000ad60   _copy_in
0000ae20   __mpyll
0000af60   _DSK6713_AIC23_setFreq
0000b000   ___TI_cpp_init
0000b080   _c_int00
0000b100   __llshru
0000b160   _DSK6713_DIP_init
0000b168   _DSK6713_DIP_get
0000b1c0   __args_main
0000b200   __trunc
0000b260   C$$EXIT
0000b260   _abort
0000b280   __IRQ_hookFetchPacket
0000b2a0   ___etext__
0000b2a0   __stack
0000b2a0   etext
0000baa0   __STACK_END
0000baa0   ___cinit__
0000baa0   cinit
0000bf40   __IRQ_eventTable
0000bfc4   __IRQ_intTable
0000c004   __IRQ_dispatchTable
0000c00c   _Codec_Config
0000c034   _MCBSP1_to_Codec_Config
0000c054   _MCBSP0_to_SPI_Config
0000c074   _MCBSP1_to_GPIO_Config
0000c094   _Timer_Config
0000c0a0   _hAIC23_handle
0000c0a4   _SPI_Handler
0000c0a8   _GPIO_Handler
0000c0ac   _Timer_Handler
0000c0b0   _CodecEventId
0000c0b4   _TimerEventId
0000c0b8   _SPIEventId
0000c0bc   _Codec_data
0000c1d0   __MCBSP_hDev0
0000c1d4   __MCBSP_hDev1
0000c1d8   _WavHeader
0000c204   _Sample
0000c234   __TIMER_deviceTable
0000c24c   __TIMER_hDev0
0000c250   __TIMER_hDev1
0000c254   __TIMER_hBios
0000c278   _cuentas
0000c27c   _puls_levantados
0000c280   _j
0000c284   __cleanup_ptr
0000c288   __dtors_ptr
0000c28c   ___TI_enable_exit_profile_output
0000c290   _DSK6713_AIC23_codeccontrolhandle
0000c294   _DSK6713_AIC23_codecdatahandle
0000c29e   _DSK6713_version
0000c2a0   _errno
80000000   _sweep
80400000   _left_ch
80800000   _right_ch
80c00000   _twiddles
ffffffff   ___TI_pprof_out_hndl
ffffffff   ___TI_prof_data_size
ffffffff   ___TI_prof_data_start
ffffffff   ___binit__
ffffffff   ___c_args__
ffffffff   ___pinit__
ffffffff   binit
ffffffff   pinit

[169 symbols]
