******************************************************************************
               TMS320C6x Linker PC v7.4.4                      
******************************************************************************
>> Linked Wed May 08 23:33:50 2019

OUTPUT FILE NAME:   <Proyecto_DSK.out>
ENTRY POINT SYMBOL: "_c_int00"  address: 00010060


MEMORY CONFIGURATION

         name            origin    length      used     unused   attr    fill
----------------------  --------  ---------  --------  --------  ----  --------
  IVECS                 00000000   00000220  00000200  00000020  RWIX
  IRAM                  00000220   0002fde0  000115e0  0001e800  RWIX
  SDRAM                 80000000   01000000  00e0000c  001ffff4  RWIX
  FLASH                 90000000   00020000  00000000  00020000  RWIX


SECTION ALLOCATION MAP

 output                                  attributes/
section   page    origin      length       input sections
--------  ----  ----------  ----------   ----------------
.vecs      0    00000000    00000200     
                  00000000    00000200     Vectors_intr.obj (.vecs)

$BRID      0    00000000    00000154     COPY SECTION
                  00000000    00000078     csl6713.lib : csl_irq.obj ($BRID)
                  00000078    0000007c                 : csl_mcbsp.obj ($BRID)
                  000000f4    00000060                 : csl_timer.obj ($BRID)

.text      0    00000220    00010300     
                  00000220    00004f40     ff.obj (.text)
                  00005160    00000fa0     Resp_impulso.obj (.text)
                  00006100    00000ec0     sdmm.obj (.text)
                  00006fc0    00000720     SD.obj (.text)
                  000076e0    00000720     rts6700.lib : divd.obj (.text:__divd)
                  00007e00    000006c0                 : _printfi.obj (.text:__getarg_diouxp)
                  000084c0    00000620     main.obj (.text)
                  00008ae0    000005a0     Inicializaciones.obj (.text)
                  00009080    000005a0     rts6700.lib : _printfi.obj (.text:__setfield)
                  00009620    00000560                 : _printfi.obj (.text:__printfi)
                  00009b80    00000420                 : _printfi.obj (.text:_fcvt)
                  00009fa0    00000420     dsk6713.obj (.text)
                  0000a3c0    00000400     rts6700.lib : _printfi.obj (.text:__pproc_fge)
                  0000a7c0    00000400                 : _printfi.obj (.text:_ecvt)
                  0000abc0    00000380                 : imath64.obj (.text:__divull)
                  0000af40    00000360                 : _printfi.obj (.text:__pconv_e)
                  0000b2a0    00000360                 : _printfi.obj (.text:__pproc_fwp)
                  0000b600    00000360                 : cos.obj (.text:_cos)
                  0000b960    00000340                 : divf.obj (.text:__divf)
                  0000bca0    00000340                 : sin.obj (.text:_sin)
                  0000bfe0    00000300                 : _printfi.obj (.text:__pproc_diouxp)
                  0000c2e0    00000300     dsk6713_aic23_opencodec.obj (.text)
                  0000c5e0    000002c0     rts6700.lib : _printfi.obj (.text:__pconv_g)
                  0000c8a0    000002c0                 : _printfi.obj (.text:__pproc_str)
                  0000cb60    00000260                 : imath40.obj (.text:__divul)
                  0000cdc0    00000260                 : exp.obj (.text:_exp)
                  0000d020    00000260                 : log.obj (.text:_log)
                  0000d280    00000240                 : _printfi.obj (.text:__mcpy)
                  0000d4c0    00000240                 : memcpy62.obj (.text:_memcpy)
                  0000d700    00000220     main.obj (.text:retain)
                  0000d920    000001a0     csl6713.lib : csl_irq.obj (.text:_IRQ_map)
                  0000dac0    000001a0     rts6700.lib : _printfi.obj (.text:__ltostr)
                  0000dc60    000001a0                 : _printfi.obj (.text:__pproc_fflags)
                  0000de00    00000180     csl6713.lib : csl_mcbsp.obj (.text:_MCBSP_reset)
                  0000df80    00000180     rts6700.lib : ldexp.obj (.text:_ldexp)
                  0000e100    00000180     dsk6713_aic23_registers.obj (.text)
                  0000e280    00000180     dsk6713_led.obj (.text)
                  0000e400    00000160     csl6713.lib : csl_timer.obj (.text:_TIMER_open)
                  0000e560    00000140     rts6700.lib : frcmpyd_div.obj (.text:__frcmpyd_div)
                  0000e6a0    00000140                 : strasg.obj (.text:__strasgi)
                  0000e7e0    00000140                 : atoi.obj (.text:_atoi)
                  0000e920    00000140                 : frexp.obj (.text:_frexp)
                  0000ea60    00000140                 : sqrt.obj (.text:_sqrt)
                  0000eba0    00000120     Codec.obj (.text)
                  0000ecc0    00000120     csl6713.lib : csl_timer.obj (.text:_TIMER_reset)
                  0000ede0    00000120     rts6700.lib : ltoa.obj (.text:_ltoa)
                  0000ef00    00000120                 : memset.obj (.text:_memset)
                  0000f020    00000100     csl6713.lib : csl_mcbsp.obj (.text:_MCBSP_start)
                  0000f120    00000100     rts6700.lib : autoinit.obj (.text:__auto_init)
                  0000f220    00000100                 : _printfi.obj (.text:__div)
                  0000f320    00000100                 : imath40.obj (.text:__divli)
                  0000f420    00000100                 : _printfi.obj (.text:__pconv_f)
                  0000f520    000000e0     csl6713.lib : csl_mcbsp.obj (.text:_MCBSP_open)
                  0000f600    000000e0     rts6700.lib : _printfi.obj (.text:__ecpy)
                  0000f6e0    000000e0                 : _printfi.obj (.text:__fcpy)
                  0000f7c0    000000e0                 : exit.obj (.text:_exit)
                  0000f8a0    000000e0                 : modf.obj (.text:_modf)
                  0000f980    000000c0                 : divu.obj (.text:__divu)
                  0000fa40    000000c0                 : round.obj (.text:__nround)
                  0000fb00    000000c0                 : cpy_tbl.obj (.text:_copy_in)
                  0000fbc0    000000a0                 : fixdli.obj (.text:__fixdli)
                  0000fc60    000000a0                 : mpyll.obj (.text:__mpyll)
                  0000fd00    000000a0                 : imath40.obj (.text:__remli)
                  0000fda0    000000a0     csl6713.lib : csl_irq.obj (.text:_setMux)
                  0000fe40    000000a0     dsk6713_aic23_setfreq.obj (.text)
                  0000fee0    00000080     rts6700.lib : cpp_init.obj (.text:___TI_cpp_init)
                  0000ff60    00000080                 : fltlid.obj (.text:__fltlid)
                  0000ffe0    00000080                 : llshift.obj (.text:__llshl)
                  00010060    00000080                 : boot.obj (.text:_c_int00)
                  000100e0    00000080                 : memccpy.obj (.text:_memccpy)
                  00010160    00000080                 : sprintf.obj (.text:_sprintf)
                  000101e0    00000060                 : isinf.obj (.text:___isinf)
                  00010240    00000060                 : llshift.obj (.text:__llshru)
                  000102a0    00000060                 : sprintf.obj (.text:__outs)
                  00010300    00000060                 : imath64.obj (.text:__subcull)
                  00010360    00000060     dsk6713_dip.obj (.text)
                  000103c0    00000040     rts6700.lib : _printfi.obj (.text:___isnan)
                  00010400    00000040                 : args_main.obj (.text:__args_main)
                  00010440    00000040                 : trunc.obj (.text:__trunc)
                  00010480    00000020     Vectors_intr.obj (.text)
                  000104a0    00000020     rts6700.lib : negll.obj (.text:__negll)
                  000104c0    00000020                 : sprintf.obj (.text:__outc)
                  000104e0    00000020                 : exit.obj (.text:_abort)
                  00010500    00000020     csl6713.lib : csl_irq.obj (.text)

.bss       0    00000220    00000000     UNINITIALIZED

.stack     0    00010520    00000800     UNINITIALIZED
                  00010520    00000008     rts6700.lib : boot.obj (.stack)
                  00010528    000007f8     --HOLE--

.cinit     0    00010d20    000004f4     
                  00010d20    0000012c     csl6713.lib : csl_irq.obj (.cinit)
                  00010e4c    00000004     --HOLE-- [fill = 0]
                  00010e50    000000bc     Inicializaciones.obj (.cinit)
                  00010f0c    00000004     --HOLE-- [fill = 0]
                  00010f10    0000009c     main.obj (.cinit)
                  00010fac    00000004     --HOLE-- [fill = 0]
                  00010fb0    00000054     csl6713.lib : csl_mcbsp.obj (.cinit)
                  00011004    00000004     --HOLE-- [fill = 0]
                  00011008    0000004c                 : csl_timer.obj (.cinit)
                  00011054    00000004     --HOLE-- [fill = 0]
                  00011058    00000048     rts6700.lib : cos.obj (.cinit)
                  000110a0    00000048                 : sin.obj (.cinit)
                  000110e8    00000040                 : exp.obj (.cinit)
                  00011128    00000040                 : log.obj (.cinit)
                  00011168    00000030     dsk6713_aic23_registers.obj (.cinit)
                  00011198    0000002c     rts6700.lib : exit.obj (.cinit)
                  000111c4    00000004     --HOLE-- [fill = 0]
                  000111c8    00000028     dsk6713_aic23_setfreq.obj (.cinit)
                  000111f0    0000000c     rts6700.lib : errno.obj (.cinit)
                  000111fc    00000004     --HOLE-- [fill = 0]
                  00011200    00000009     sdmm.obj (.cinit)
                  00011209    00000007     --HOLE-- [fill = 0]
                  00011210    00000004     (.pad.cinit) [fill = 0]

.far       0    00011218    000003a8     UNINITIALIZED
                  00011218    000000f4     csl6713.lib : csl_irq.obj (.far)
                  0001130c    000000b0     Inicializaciones.obj (.far)
                  000113bc    00000004     Codec.obj (.far)
                  000113c0    00000040     rts6700.lib : cos.obj (.far)
                  00011400    00000040                 : sin.obj (.far)
                  00011440    00000038     csl6713.lib : csl_mcbsp.obj (.far)
                  00011478    00000030     SD.obj (.far)
                  000114a8    00000030     rts6700.lib : exp.obj (.far)
                  000114d8    00000030                 : log.obj (.far)
                  00011508    00000028     dsk6713_aic23_registers.obj (.far)
                  00011530    00000028     main.obj (.far)
                  00011558    00000024     csl6713.lib : csl_timer.obj (.far)
                  0001157c    00000020     dsk6713_aic23_setfreq.obj (.far)
                  0001159c    0000000c     rts6700.lib : exit.obj (.far)
                  000115a8    00000008     dsk6713_aic23_opencodec.obj (.far)
                  000115b0    00000006     ff.obj (.far)
                  000115b6    00000002     dsk6713.obj (.far)
                  000115b8    00000004     rts6700.lib : errno.obj (.far)
                  000115bc    00000002     dsk6713_led.obj (.far)
                  000115be    00000002     sdmm.obj (.far)

.const     0    000115c0    00000244     
                  000115c0    00000101     rts6700.lib : ctype.obj (.const:.string:__ctypes_)
                  000116c1    00000003     --HOLE-- [fill = 0]
                  000116c4    00000080     ff.obj (.const:.string:_ExCvt)
                  00011744    00000040     dsk6713_aic23_opencodec.obj (.const)
                  00011784    00000023     rts6700.lib : _printfi.obj (.const:.string)
                  000117a7    00000001     --HOLE-- [fill = 0]
                  000117a8    00000020     SD.obj (.const:.string)
                  000117c8    00000020     dsk6713.obj (.const)
                  000117e8    0000001c     ff.obj (.const:.string)

.EXT_RAM   0    80000000    00e0000c     UNINITIALIZED
                  80000000    00e0000c     main.obj (.EXT_RAM)


GLOBAL SYMBOLS: SORTED ALPHABETICALLY BY Name 

address    name
--------   ----
00000220   $bss
00000220   .bss
00000220   .text
000104e0   C$$EXIT
00005160   _Bit_reversal
000113b0   _CodecEventId
0001130c   _Codec_Config
000113bc   _Codec_data
0000ec94   _Codec_in
00008f08   _Codec_init
0000eba0   _Codec_out
00005c2c   _Corregir_RespFrec
000115a8   _DSK6713_AIC23_codeccontrolhandle
000115ac   _DSK6713_AIC23_codecdatahandle
0000e1dc   _DSK6713_AIC23_config
0000c2e0   _DSK6713_AIC23_openCodec
0000e1b8   _DSK6713_AIC23_rget
0000e100   _DSK6713_AIC23_rset
0000fe40   _DSK6713_AIC23_setFreq
00010368   _DSK6713_DIP_get
00010360   _DSK6713_DIP_init
0000e3c0   _DSK6713_LED_init
0000e2dc   _DSK6713_LED_off
0000e280   _DSK6713_LED_on
0000e33c   _DSK6713_LED_toggle
0000a0c4   _DSK6713_getVersion
0000a120   _DSK6713_init
0000a054   _DSK6713_rget
0000a040   _DSK6713_rset
000115b6   _DSK6713_version
00009fa0   _DSK6713_wait
0000a00c   _DSK6713_waitusec
000113a8   _GPIO_Handler
00005920   _Generate_sweep
0000d920   _IRQ_map
00008dd8   _Interrup_init
000074dc   _Load_sweep
00011354   _MCBSP0_to_SPI_Config
00011334   _MCBSP1_to_Codec_Config
00011374   _MCBSP1_to_GPIO_Config
0000f520   _MCBSP_open
0000de00   _MCBSP_reset
0000f020   _MCBSP_start
00005284   _Normalize
000056c8   _Obtener_RI
0000ebe0   _Play_codec
00008be4   _SD_init
000113b8   _SPIEventId
000113a4   _SPI_Handler
000114a4   _Sample
00007224   _Save_RI
00006fc0   _Save_sweep
0000e400   _TIMER_open
0000ecc0   _TIMER_reset
000113b4   _TimerEventId
00011394   _Timer_Config
000113ac   _Timer_Handler
00008ae0   _Timer_init
000055cc   _Twiddle_init
00005570   _Vectores_reset
00011478   _WavHeader
00011304   __IRQ_dispatchTable
00011240   __IRQ_eventTable
00010500   __IRQ_hookFetchPacket
000112c4   __IRQ_intTable
00011470   __MCBSP_hDev0
00011474   __MCBSP_hDev1
00010d20   __STACK_END
00000800   __STACK_SIZE
00011558   __TIMER_deviceTable
00011578   __TIMER_hBios
00011570   __TIMER_hDev0
00011574   __TIMER_hDev1
00000001   __TI_args_main
0000fee0   ___TI_cpp_init
000115a4   ___TI_enable_exit_profile_output
ffffffff   ___TI_pprof_out_hndl
ffffffff   ___TI_prof_data_size
ffffffff   ___TI_prof_data_start
ffffffff   ___binit__
00000220   ___bss__
ffffffff   ___c_args__
00010d20   ___cinit__
00000220   ___end__
00010520   ___etext__
000101e0   ___isinf
ffffffff   ___pinit__
00000220   ___text__
00010400   __args_main
0000f120   __auto_init
0000f980   __c6xabi_divu
0000e6a0   __c6xabi_strasgi
0001159c   __cleanup_ptr
000115c0   __ctypes_
000076e0   __divd
0000b960   __divf
0000f320   __divli
0000f980   __divu
0000cb60   __divul
0000abc0   __divull
000115a0   __dtors_ptr
0000fbc0   __fixdli
0000ff60   __fltlid
0000e560   __frcmpyd_div
0000ffe0   __llshl
00010240   __llshru
0000fc60   __mpyll
000104a0   __negll
0000fa40   __nround
00009620   __printfi
0000fd00   __remli
00010520   __stack
0000e6a0   __strasgi
00010300   __subcull
00010440   __trunc
000104e0   _abort
0000e7e0   _atoi
00010060   _c_int00
0000d8a4   _c_int10
0000d700   _c_int11
0000fb00   _copy_in
0000b600   _cos
0001153c   _cuentas
00006c80   _disk_initialize
00006aa8   _disk_ioctl
00006998   _disk_read
00006100   _disk_status
00006748   _disk_write
000115b8   _errno
0000f7c0   _exit
0000cdc0   _exp
000050f4   _f_close
000050b4   _f_closedir
00004d7c   _f_getfree
00004828   _f_lseek
00004530   _f_mkdir
00004484   _f_mount
00003f6c   _f_open
00003e48   _f_opendir
00003a20   _f_read
00003944   _f_readdir
00003648   _f_rename
000033f4   _f_stat
0000316c   _f_sync
00002ee4   _f_truncate
00002d0c   _f_unlink
00000efc   _f_write
00005428   _fft
0000e920   _frexp
0001154c   _grabo_ruido
000113a0   _hAIC23_handle
000052d8   _ifft
00011554   _j
0000df80   _ldexp
80400004   _left_ch
00011534   _left_ch_ptr
0000d020   _log
0000ede0   _ltoa
000084c0   _main
000100e0   _memccpy
0000d4c0   _memcpy
0000ef00   _memset
0000f8a0   _modf
00011544   _modo_anterior
00011550   _n_medicion
00011540   _puls_levantados
00011548   _reproduciendo
80800008   _right_ch
00011538   _right_ch_ptr
0000bca0   _sin
00010160   _sprintf
0000ea60   _sqrt
80000000   _sweep
00011530   _sweep_ptr
80c0000c   _twiddles
00000020   _vector1
00000180   _vector12
000001a0   _vector13
000001c0   _vector14
000001e0   _vector15
00000040   _vector2
00000060   _vector3
00000080   _vector4
000000a0   _vector5
000000c0   _vector6
000000e0   _vector7
00000100   _vector8
00000120   _vector9
00000000   _vectors
ffffffff   binit
00010d20   cinit
00000220   end
00010520   etext
ffffffff   pinit


GLOBAL SYMBOLS: SORTED BY Symbol Address 

address    name
--------   ----
00000000   _vectors
00000001   __TI_args_main
00000020   _vector1
00000040   _vector2
00000060   _vector3
00000080   _vector4
000000a0   _vector5
000000c0   _vector6
000000e0   _vector7
00000100   _vector8
00000120   _vector9
00000180   _vector12
000001a0   _vector13
000001c0   _vector14
000001e0   _vector15
00000220   $bss
00000220   .bss
00000220   .text
00000220   ___bss__
00000220   ___end__
00000220   ___text__
00000220   end
00000800   __STACK_SIZE
00000efc   _f_write
00002d0c   _f_unlink
00002ee4   _f_truncate
0000316c   _f_sync
000033f4   _f_stat
00003648   _f_rename
00003944   _f_readdir
00003a20   _f_read
00003e48   _f_opendir
00003f6c   _f_open
00004484   _f_mount
00004530   _f_mkdir
00004828   _f_lseek
00004d7c   _f_getfree
000050b4   _f_closedir
000050f4   _f_close
00005160   _Bit_reversal
00005284   _Normalize
000052d8   _ifft
00005428   _fft
00005570   _Vectores_reset
000055cc   _Twiddle_init
000056c8   _Obtener_RI
00005920   _Generate_sweep
00005c2c   _Corregir_RespFrec
00006100   _disk_status
00006748   _disk_write
00006998   _disk_read
00006aa8   _disk_ioctl
00006c80   _disk_initialize
00006fc0   _Save_sweep
00007224   _Save_RI
000074dc   _Load_sweep
000076e0   __divd
000084c0   _main
00008ae0   _Timer_init
00008be4   _SD_init
00008dd8   _Interrup_init
00008f08   _Codec_init
00009620   __printfi
00009fa0   _DSK6713_wait
0000a00c   _DSK6713_waitusec
0000a040   _DSK6713_rset
0000a054   _DSK6713_rget
0000a0c4   _DSK6713_getVersion
0000a120   _DSK6713_init
0000abc0   __divull
0000b600   _cos
0000b960   __divf
0000bca0   _sin
0000c2e0   _DSK6713_AIC23_openCodec
0000cb60   __divul
0000cdc0   _exp
0000d020   _log
0000d4c0   _memcpy
0000d700   _c_int11
0000d8a4   _c_int10
0000d920   _IRQ_map
0000de00   _MCBSP_reset
0000df80   _ldexp
0000e100   _DSK6713_AIC23_rset
0000e1b8   _DSK6713_AIC23_rget
0000e1dc   _DSK6713_AIC23_config
0000e280   _DSK6713_LED_on
0000e2dc   _DSK6713_LED_off
0000e33c   _DSK6713_LED_toggle
0000e3c0   _DSK6713_LED_init
0000e400   _TIMER_open
0000e560   __frcmpyd_div
0000e6a0   __c6xabi_strasgi
0000e6a0   __strasgi
0000e7e0   _atoi
0000e920   _frexp
0000ea60   _sqrt
0000eba0   _Codec_out
0000ebe0   _Play_codec
0000ec94   _Codec_in
0000ecc0   _TIMER_reset
0000ede0   _ltoa
0000ef00   _memset
0000f020   _MCBSP_start
0000f120   __auto_init
0000f320   __divli
0000f520   _MCBSP_open
0000f7c0   _exit
0000f8a0   _modf
0000f980   __c6xabi_divu
0000f980   __divu
0000fa40   __nround
0000fb00   _copy_in
0000fbc0   __fixdli
0000fc60   __mpyll
0000fd00   __remli
0000fe40   _DSK6713_AIC23_setFreq
0000fee0   ___TI_cpp_init
0000ff60   __fltlid
0000ffe0   __llshl
00010060   _c_int00
000100e0   _memccpy
00010160   _sprintf
000101e0   ___isinf
00010240   __llshru
00010300   __subcull
00010360   _DSK6713_DIP_init
00010368   _DSK6713_DIP_get
00010400   __args_main
00010440   __trunc
000104a0   __negll
000104e0   C$$EXIT
000104e0   _abort
00010500   __IRQ_hookFetchPacket
00010520   ___etext__
00010520   __stack
00010520   etext
00010d20   __STACK_END
00010d20   ___cinit__
00010d20   cinit
00011240   __IRQ_eventTable
000112c4   __IRQ_intTable
00011304   __IRQ_dispatchTable
0001130c   _Codec_Config
00011334   _MCBSP1_to_Codec_Config
00011354   _MCBSP0_to_SPI_Config
00011374   _MCBSP1_to_GPIO_Config
00011394   _Timer_Config
000113a0   _hAIC23_handle
000113a4   _SPI_Handler
000113a8   _GPIO_Handler
000113ac   _Timer_Handler
000113b0   _CodecEventId
000113b4   _TimerEventId
000113b8   _SPIEventId
000113bc   _Codec_data
00011470   __MCBSP_hDev0
00011474   __MCBSP_hDev1
00011478   _WavHeader
000114a4   _Sample
00011530   _sweep_ptr
00011534   _left_ch_ptr
00011538   _right_ch_ptr
0001153c   _cuentas
00011540   _puls_levantados
00011544   _modo_anterior
00011548   _reproduciendo
0001154c   _grabo_ruido
00011550   _n_medicion
00011554   _j
00011558   __TIMER_deviceTable
00011570   __TIMER_hDev0
00011574   __TIMER_hDev1
00011578   __TIMER_hBios
0001159c   __cleanup_ptr
000115a0   __dtors_ptr
000115a4   ___TI_enable_exit_profile_output
000115a8   _DSK6713_AIC23_codeccontrolhandle
000115ac   _DSK6713_AIC23_codecdatahandle
000115b6   _DSK6713_version
000115b8   _errno
000115c0   __ctypes_
80000000   _sweep
80400004   _left_ch
80800008   _right_ch
80c0000c   _twiddles
ffffffff   ___TI_pprof_out_hndl
ffffffff   ___TI_prof_data_size
ffffffff   ___TI_prof_data_start
ffffffff   ___binit__
ffffffff   ___c_args__
ffffffff   ___pinit__
ffffffff   binit
ffffffff   pinit

[194 symbols]
